Archive member included because of file (symbol)

C:/ethernut-5.1\libnutnet.a(tcpsock.o)
                              network.o (NutTcpGetSockOpt)
C:/ethernut-5.1\libnutnet.a(udpsock.o)
                              network.o (NutUdpReceiveFrom)
C:/ethernut-5.1\libnutnet.a(ipdemux.o)
                              C:/ethernut-5.1\libnutnet.a(tcpsock.o) (NutRegisterIpHandler)
C:/ethernut-5.1\libnutnet.a(route.o)
                              C:/ethernut-5.1\libnutnet.a(tcpsock.o) (NutIpRouteQuery)
C:/ethernut-5.1\libnutnet.a(inet.o)
                              network.o (inet_addr)
C:/ethernut-5.1\libnutnet.a(ifconfig.o)
                              rtu.o (NutNetIfConfig)
C:/ethernut-5.1\libnutnet.a(confnet.o)
                              network.o (NutNetSaveConfig)
C:/ethernut-5.1\libnutnet.a(tcpin.o)
                              C:/ethernut-5.1\libnutnet.a(tcpsock.o) (NutTcpInput)
C:/ethernut-5.1\libnutnet.a(tcpout.o)
                              C:/ethernut-5.1\libnutnet.a(tcpsock.o) (NutTcpOutput)
C:/ethernut-5.1\libnutnet.a(tcpsm.o)
                              C:/ethernut-5.1\libnutnet.a(tcpsock.o) (NutTcpInitStateMachine)
C:/ethernut-5.1\libnutnet.a(tcputil.o)
                              C:/ethernut-5.1\libnutnet.a(tcpsm.o) (NutTcpCalcRtt)
C:/ethernut-5.1\libnutnet.a(udpin.o)
                              C:/ethernut-5.1\libnutnet.a(udpsock.o) (NutUdpInput)
C:/ethernut-5.1\libnutnet.a(udpout.o)
                              C:/ethernut-5.1\libnutnet.a(udpsock.o) (NutUdpOutput)
C:/ethernut-5.1\libnutnet.a(ipcsum.o)
                              C:/ethernut-5.1\libnutnet.a(tcpout.o) (NutIpChkSumPartial)
C:/ethernut-5.1\libnutnet.a(ipin.o)
                              C:/ethernut-5.1\libnutnet.a(ipdemux.o) (ip_demux)
C:/ethernut-5.1\libnutnet.a(ipout.o)
                              C:/ethernut-5.1\libnutnet.a(ipin.o) (NutIpForward)
C:/ethernut-5.1\libnutnet.a(icmpin.o)
                              C:/ethernut-5.1\libnutnet.a(ipin.o) (NutIcmpInput)
C:/ethernut-5.1\libnutnet.a(icmpout.o)
                              C:/ethernut-5.1\libnutnet.a(icmpin.o) (NutIcmpOutput)
C:/ethernut-5.1\libnutnet.a(igmp.o)
                              C:/ethernut-5.1\libnutnet.a(ifconfig.o) (NutIgmpLeaveGroup)
C:/ethernut-5.1\libnutnet.a(igmpin.o)
                              C:/ethernut-5.1\libnutnet.a(ipin.o) (NutIgmpInput)
C:/ethernut-5.1\libnutnet.a(arpcache.o)
                              C:/ethernut-5.1\libnutnet.a(ipout.o) (NutArpCacheQuery)
C:/ethernut-5.1\libnutnet.a(arpout.o)
                              C:/ethernut-5.1\libnutnet.a(arpcache.o) (NutArpOutput)
C:/ethernut-5.1\libnutos.a(version.o)
                              network.o (NutVersion)
C:/ethernut-5.1\libnutos.a(heap.o)
                              C:/ethernut-5.1\libnutnet.a(tcpsock.o) (NutHeapRootAlloc)
C:/ethernut-5.1\libnutos.a(thread.o)
                              C:/ethernut-5.1/nutinit.o (NutThreadDestroy)
C:/ethernut-5.1\libnutos.a(timer.o)
                              C:/ethernut-5.1\libnutnet.a(tcpsock.o) (NutGetTickCount)
C:/ethernut-5.1\libnutos.a(event.o)
                              C:/ethernut-5.1\libnutnet.a(tcpsm.o) (NutEventPostAsync)
C:/ethernut-5.1\libnutos.a(devreg.o)
                              C:/ethernut-5.1\libnutnet.a(ipout.o) (nutDeviceList)
C:/ethernut-5.1\libnutos.a(confos.o)
                              C:/ethernut-5.1/nutinit.o (NutLoadConfig)
C:/ethernut-5.1\libnutarch.a(context_gcc.o)
                              C:/ethernut-5.1\libnutos.a(thread.o) (NutThreadSwitch)
C:/ethernut-5.1\libnutarch.a(ostimer.o)
                              C:/ethernut-5.1\libnutos.a(timer.o) (NutArchClockGet)
C:/ethernut-5.1\libnutarch.a(ih_timer0_comp.o)
                              C:/ethernut-5.1\libnutarch.a(ostimer.o) (sig_OUTPUT_COMPARE0)
C:/ethernut-5.1\libnutarch.a(usart0avr.o)
                              uart.o (devUsartAvr0)
C:/ethernut-5.1\libnutarch.a(usart1avr.o)
                              uart.o (devUsartAvr1)
C:/ethernut-5.1\libnutarch.a(eth0rtl.o)
                              rtu.o (devEth0)
C:/ethernut-5.1\libnutarch.a(ih_usart0_rx.o)
                              C:/ethernut-5.1\libnutarch.a(usart0avr.o) (sig_UART0_RECV)
C:/ethernut-5.1\libnutarch.a(ih_usart0_udre.o)
                              C:/ethernut-5.1\libnutarch.a(usart0avr.o) (sig_UART0_DATA)
C:/ethernut-5.1\libnutarch.a(ih_usart1_rx.o)
                              C:/ethernut-5.1\libnutarch.a(usart1avr.o) (sig_UART1_RECV)
C:/ethernut-5.1\libnutarch.a(ih_usart1_udre.o)
                              C:/ethernut-5.1\libnutarch.a(usart1avr.o) (sig_UART1_DATA)
C:/ethernut-5.1\libnutarch.a(nicrtl.o)
                              C:/ethernut-5.1\libnutarch.a(eth0rtl.o) (NicInit)
C:/ethernut-5.1\libnutarch.a(ih_int5.o)
                              C:/ethernut-5.1\libnutarch.a(nicrtl.o) (sig_INTERRUPT5)
C:/ethernut-5.1\libnutdev.a(ihndlr.o)
                              C:/ethernut-5.1\libnutarch.a(ih_timer0_comp.o) (CallHandler)
[...]
Memory Configuration

Name             Origin             Length             Attributes
text             0x00000000         0x00020000         xr
data             0x00800060         0x0000ffa0         rw !x
eeprom           0x00810000         0x00010000         rw !x
fuse             0x00820000         0x00000400         rw !x
lock             0x00830000         0x00000400         rw !x
signature        0x00840000         0x00000400         rw !x
*default*        0x00000000         0xffffffff

Linker script and memory map

Address of section .data set to 0x800100
LOAD c:/winavr-20100110/bin/../lib/gcc/avr/4.3.3/../../../../avr/lib/avr51/crtm128.o
LOAD rtu.o
LOAD uart.o
LOAD network.o
LOAD services.o
LOAD dallas.o
LOAD spi.o
LOAD text_lcd_BOP_24_Rus.o
Address of section .uartloader set to 0x1f000
Address of section .bootloader set to 0x1f086
                0x00000000                main = 0x0
START GROUP
LOAD C:/ethernut-5.1/nutinit.o
LOAD C:/ethernut-5.1\libnutnet.a
LOAD C:/ethernut-5.1\libnutpro.a
LOAD C:/ethernut-5.1\libnutfs.a
LOAD C:/ethernut-5.1\libnutos.a
LOAD C:/ethernut-5.1\libnutarch.a
LOAD C:/ethernut-5.1\libnutdev.a
LOAD C:/ethernut-5.1\libnutnet.a
LOAD C:/ethernut-5.1\libnutcrt.a
END GROUP
LOAD c:/winavr-20100110/bin/../lib/gcc/avr/4.3.3/avr51\libgcc.a
LOAD c:/winavr-20100110/bin/../lib/gcc/avr/4.3.3/../../../../avr/lib/avr51\libc.a
LOAD c:/winavr-20100110/bin/../lib/gcc/avr/4.3.3/avr51\libgcc.a

.hash
 *(.hash)

.dynsym
 *(.dynsym)

.dynstr
 *(.dynstr)

.gnu.version
 *(.gnu.version)

.gnu.version_d
 *(.gnu.version_d)

.gnu.version_r
 *(.gnu.version_r)

.rel.init
 *(.rel.init)

.rela.init
 *(.rela.init)

.rel.text
 *(.rel.text)
 *(.rel.text.*)
 *(.rel.gnu.linkonce.t*)

.rela.text
 *(.rela.text)
 *(.rela.text.*)
 *(.rela.gnu.linkonce.t*)

.rel.fini
 *(.rel.fini)

.rela.fini
 *(.rela.fini)

.rel.rodata
 *(.rel.rodata)
 *(.rel.rodata.*)
 *(.rel.gnu.linkonce.r*)

.rela.rodata
 *(.rela.rodata)
 *(.rela.rodata.*)
 *(.rela.gnu.linkonce.r*)

.rel.data
 *(.rel.data)
 *(.rel.data.*)
 *(.rel.gnu.linkonce.d*)

.rela.data
 *(.rela.data)
 *(.rela.data.*)
 *(.rela.gnu.linkonce.d*)

.rel.ctors
 *(.rel.ctors)

.rela.ctors
 *(.rela.ctors)

.rel.dtors
 *(.rel.dtors)

.rela.dtors
 *(.rela.dtors)

.rel.got
 *(.rel.got)

.rela.got
 *(.rela.got)

.rel.bss
 *(.rel.bss)

.rela.bss
 *(.rela.bss)

.rel.plt
 *(.rel.plt)

.rela.plt
 *(.rela.plt)

.text           0x00000000     0xc77e
 *(.vectors)
 .vectors       0x00000000       0x8c c:/winavr-20100110/bin/../lib/gcc/avr/4.3.3/../../../../avr/lib/avr51/crtm128.o
                0x00000000                __vectors
                0x00000000                __vector_default
 *(.vectors)
 *(.progmem.gcc*)
 .progmem.gcc_sw_table
                0x0000008c       0x62 C:/ethernut-5.1\libnutdev.a(usart.o)
 *(.progmem*)
                0x000000ee                . = ALIGN (0x2)
                0x000000ee                __trampolines_start = .
 *(.trampolines)
 .trampolines   0x000000ee        0x0 linker stubs
 *(.trampolines*)
                0x000000ee                __trampolines_end = .
 *(.jumptables)
 *(.jumptables*)
 *(.lowtext)
 *(.lowtext*)
                0x000000ee                __ctors_start = .
 *(.ctors)
                0x000000ee                __ctors_end = .
                0x000000ee                __dtors_start = .
 *(.dtors)
                0x000000ee                __dtors_end = .
 SORT(*)(.ctors)
 SORT(*)(.dtors)
 *(.init0)
 .init0         0x000000ee        0x0 c:/winavr-20100110/bin/../lib/gcc/avr/4.3.3/../../../../avr/lib/avr51/crtm128.o
                0x000000ee                __init
 *(.init0)
 *(.init1)
 .init1         0x000000ee        0x4 C:/ethernut-5.1/nutinit.o
 *(.init1)
 *(.init2)
 .init2         0x000000f2        0xc c:/winavr-20100110/bin/../lib/gcc/avr/4.3.3/../../../../avr/lib/avr51/crtm128.o
 *(.init2)
 *(.init3)
 *(.init3)
 *(.init4)
 .init4         0x000000fe       0x1a c:/winavr-20100110/bin/../lib/gcc/avr/4.3.3/../../../../avr/lib/avr51/crtm128.o
                0x000000fe                __do_copy_data
 .init4         0x00000118       0x10 c:/winavr-20100110/bin/../lib/gcc/avr/4.3.3/avr51\libgcc.a(_clear_bss.o)
                0x00000118                __do_clear_bss
 *(.init4)
 *(.init5)
 .init5         0x00000128       0x2a C:/ethernut-5.1/nutinit.o
 *(.init5)
 *(.init6)
 *(.init6)
 *(.init7)
 *(.init7)
 *(.init8)
 .init8         0x00000152       0x18 C:/ethernut-5.1/nutinit.o
                0x00000152                NutInit
 *(.init8)
 *(.init9)
 .init9         0x0000016a        0x8 c:/winavr-20100110/bin/../lib/gcc/avr/4.3.3/../../../../avr/lib/avr51/crtm128.o
 *(.init9)
 *(.text)
 .text          0x00000172        0x4 c:/winavr-20100110/bin/../lib/gcc/avr/4.3.3/../../../../avr/lib/avr51/crtm128.o
                0x00000172                __vector_22
                0x00000172                __vector_28
                0x00000172                __vector_1
                0x00000172                __vector_32
                0x00000172                __vector_34
                0x00000172                __vector_24
                0x00000172                __vector_12
                0x00000172                __bad_interrupt
                0x00000172                __vector_3
                0x00000172                __vector_23
                0x00000172                __vector_25
                0x00000172                __vector_11
                0x00000172                __vector_13
                0x00000172                __vector_17
                0x00000172                __vector_7
                0x00000172                __vector_27
                0x00000172                __vector_33
                0x00000172                __vector_4
                0x00000172                __vector_9
                0x00000172                __vector_21
                0x00000172                __vector_29
                0x00000172                __vector_8
                0x00000172                __vector_26
                0x00000172                __vector_10
                0x00000172                __vector_16
                0x00000172                __vector_20
                0x00000176                . = ALIGN (0x2)
 *(.text.*)
 .text.NutAppMain
                0x00000176      0x2fe rtu.o
                0x00000176                NutAppMain
 .text.PrintNetworkParam
                0x00000474      0x138 uart.o
                0x00000474                PrintNetworkParam
 .text.initUart
                0x000005ac       0xec uart.o
                0x000005ac                initUart
 .text.UdpFind  0x00000698      0x342 network.o
                0x00000698                UdpFind
 .text.ReflectThread
                0x000009da      0x500 network.o
                0x000009da                ReflectThread
 .text.loopNetwork
                0x00000eda      0xb90 network.o
                0x00000eda                loopNetwork
 .text.defaultNet
                0x00001a6a       0x92 network.o
                0x00001a6a                defaultNet
 .text.initNetwork
                0x00001afc       0x12 network.o
                0x00001afc                initNetwork
 .text.init_key
                0x00001b0e       0x18 services.o
                0x00001b0e                init_key
 .text.enable_int_key
                0x00001b26        0x8 services.o
                0x00001b26                enable_int_key
 .text.disable_int_key
                0x00001b2e        0x8 services.o
                0x00001b2e                disable_int_key
 .text.init_power_pc
                0x00001b36       0x1c services.o
                0x00001b36                init_power_pc
 .text.reset_ext
                0x00001b52       0x5e services.o
                0x00001b52                reset_ext
 .text.set_start_time_min
                0x00001bb0        0x2 services.o
                0x00001bb0                set_start_time_min
 .text.set_start_time_sec
                0x00001bb2        0x2 services.o
                0x00001bb2                set_start_time_sec
 .text.ac_ii_init
                0x00001bb4        0xa services.o
                0x00001bb4                ac_ii_init
 .text.set_power_ac
                0x00001bbe       0x18 services.o
                0x00001bbe                set_power_ac
 .text.set_power_ii
                0x00001bd6       0x18 services.o
                0x00001bd6                set_power_ii
 .text.otau_get_count_channels
                0x00001bee        0x6 services.o
                0x00001bee                otau_get_count_channels
 .text.otdr_reset
                0x00001bf4       0x20 services.o
                0x00001bf4                otdr_reset
 .text.init_timer1
                0x00001c14       0x14 services.o
                0x00001c14                init_timer1
 .text.enable_timer1
                0x00001c28        0x8 services.o
                0x00001c28                enable_timer1
 .text.disable_timer1
                0x00001c30        0x6 services.o
                0x00001c30                disable_timer1
 .text.stop_timer1
                0x00001c36        0xa services.o
                0x00001c36                stop_timer1
 .text.charon_reset
                0x00001c40       0x14 services.o
                0x00001c40                charon_reset
 .text.__vector_5
                0x00001c54       0x5e services.o
                0x00001c54                __vector_5
 .text.__vector_2
                0x00001cb2       0x64 services.o
                0x00001cb2                __vector_2
 .text.otdr_init
                0x00001d16        0xe services.o
                0x00001d16                otdr_init
 .text.otau_reset
                0x00001d24       0x1c services.o
                0x00001d24                otau_reset
 .text.otau_get_channel
                0x00001d40      0x146 services.o
                0x00001d40                otau_get_channel
 .text.otau_check_alive
                0x00001e86        0xa services.o
                0x00001e86                otau_check_alive
 .text.otau_init
                0x00001e90      0x184 services.o
                0x00001e90                otau_init
 .text.otau_set_channel
                0x00002014       0xba services.o
                0x00002014                otau_set_channel
 .text.write_ini
                0x000020ce        0xe services.o
                0x000020ce                write_ini
 .text.read_ini
                0x000020dc        0xe services.o
                0x000020dc                read_ini
 .text.set_power_sw
                0x000020ea        0xc services.o
                0x000020ea                set_power_sw
 .text.Power_Led_Thread
                0x000020f6       0x70 services.o
                0x000020f6                Power_Led_Thread
 .text.Power_Sw_Thread
                0x00002166       0x92 services.o
                0x00002166                Power_Sw_Thread
 .text.set_rtu_number
                0x000021f8       0x26 services.o
                0x000021f8                set_rtu_number
 .text.get_rtu_number
                0x0000221e       0x14 services.o
                0x0000221e                get_rtu_number
 .text.WIN_Load_Thread
                0x00002232      0x10a services.o
                0x00002232                WIN_Load_Thread
 .text.OTAU_Thread
                0x0000233c       0xe4 services.o
                0x0000233c                OTAU_Thread
 .text.__vector_14
                0x00002420       0x92 services.o
                0x00002420                __vector_14
 .text.ds_reset
                0x000024b2       0x3e dallas.o
                0x000024b2                ds_reset
 .text.ds_shout
                0x000024f0       0x44 dallas.o
                0x000024f0                ds_shout
 .text.ds_shin  0x00002534       0x32 dallas.o
                0x00002534                ds_shin
 .text.ds_convert_temperature_command
                0x00002566       0x12 dallas.o
                0x00002566                ds_convert_temperature_command
 .text.ds_read_temperature_command
                0x00002578       0xd0 dallas.o
                0x00002578                ds_read_temperature_command
 .text.ds_set_resolution
                0x00002648       0x34 dallas.o
                0x00002648                ds_set_resolution
 .text.SPI_init
                0x0000267c       0x18 spi.o
                0x0000267c                SPI_init
 .text.SPI_have_data
                0x00002694        0x8 spi.o
                0x00002694                SPI_have_data
 .text.SPI_write_byte
                0x0000269c       0x10 spi.o
                0x0000269c                SPI_write_byte
 .text.SPI_read_byte
                0x000026ac        0xa spi.o
                0x000026ac                SPI_read_byte
 .text.SPI_read_buffer
                0x000026b6       0x4a spi.o
                0x000026b6                SPI_read_buffer
 .text.SPI_write_buffer
                0x00002700       0x2c spi.o
                0x00002700                SPI_write_buffer
 .text.SPI_Receiver
                0x0000272c       0x42 spi.o
                0x0000272c                SPI_Receiver
 .text.display_set_channel
                0x0000276e        0x2 text_lcd_BOP_24_Rus.o
                0x0000276e                display_set_channel
 .text.display_write_byte
                0x00002770      0x130 text_lcd_BOP_24_Rus.o
                0x00002770                display_write_byte
 .text.display_set_cursor_pos
                0x000028a0       0x1e text_lcd_BOP_24_Rus.o
                0x000028a0                display_set_cursor_pos
 .text.display_clear_screen
                0x000028be        0xa text_lcd_BOP_24_Rus.o
                0x000028be                display_clear_screen
 .text.display_show_string_BOP
                0x000028c8       0x2c text_lcd_BOP_24_Rus.o
                0x000028c8                display_show_string_BOP
 .text.display_set_font
                0x000028f4       0x2c text_lcd_BOP_24_Rus.o
                0x000028f4                display_set_font
 .text.display_init
                0x00002920       0xca text_lcd_BOP_24_Rus.o
                0x00002920                display_init
 .text.display_show_string
                0x000029ea       0x20 text_lcd_BOP_24_Rus.o
                0x000029ea                display_show_string
 .text.display_show
                0x00002a0a      0x280 text_lcd_BOP_24_Rus.o
                0x00002a0a                display_show
 .text.NutIdle  0x00002c8a       0x52 C:/ethernut-5.1/nutinit.o
                0x00002c8a                NutIdle
 .text.NutTcpFindSocket
                0x00002cdc       0x80 C:/ethernut-5.1\libnutnet.a(tcpsock.o)
                0x00002cdc                NutTcpFindSocket
 .text.NutTcpGetSockOpt
                0x00002d5c       0xd8 C:/ethernut-5.1\libnutnet.a(tcpsock.o)
                0x00002d5c                NutTcpGetSockOpt
 .text.NutTcpError
                0x00002e34       0x18 C:/ethernut-5.1\libnutnet.a(tcpsock.o)
                0x00002e34                NutTcpError
 .text.NutTcpDeviceIOCtl
                0x00002e4c       0x66 C:/ethernut-5.1\libnutnet.a(tcpsock.o)
                0x00002e4c                NutTcpDeviceIOCtl
 .text.NutTcpDiscardBuffers
                0x00002eb2       0x6c C:/ethernut-5.1\libnutnet.a(tcpsock.o)
                0x00002eb2                NutTcpDiscardBuffers
 .text.NutTcpReceive
                0x00002f1e      0x254 C:/ethernut-5.1\libnutnet.a(tcpsock.o)
                0x00002f1e                NutTcpReceive
 .text.NutTcpDeviceRead
                0x00003172        0x6 C:/ethernut-5.1\libnutnet.a(tcpsock.o)
                0x00003172                NutTcpDeviceRead
 .text.NutTcpSend
                0x00003178       0xfe C:/ethernut-5.1\libnutnet.a(tcpsock.o)
                0x00003178                NutTcpSend
 .text.SendBuffer
                0x00003276       0x58 C:/ethernut-5.1\libnutnet.a(tcpsock.o)
 .text.NutTcpDeviceWrite
                0x000032ce      0x20a C:/ethernut-5.1\libnutnet.a(tcpsock.o)
                0x000032ce                NutTcpDeviceWrite
 .text.NutTcpDeviceWrite_P
                0x000034d8       0x6c C:/ethernut-5.1\libnutnet.a(tcpsock.o)
                0x000034d8                NutTcpDeviceWrite_P
 .text.NutTcpCloseSocket
                0x00003544       0x1e C:/ethernut-5.1\libnutnet.a(tcpsock.o)
                0x00003544                NutTcpCloseSocket
 .text.NutTcpSetSockOpt
                0x00003562      0x118 C:/ethernut-5.1\libnutnet.a(tcpsock.o)
                0x00003562                NutTcpSetSockOpt
 .text.NutTcpAccept
                0x0000367a       0x12 C:/ethernut-5.1\libnutnet.a(tcpsock.o)
                0x0000367a                NutTcpAccept
 .text.NutTcpCreateSocket
                0x0000368c       0xea C:/ethernut-5.1\libnutnet.a(tcpsock.o)
                0x0000368c                NutTcpCreateSocket
 .text.NutTcpDestroySocket
                0x00003776       0x64 C:/ethernut-5.1\libnutnet.a(tcpsock.o)
                0x00003776                NutTcpDestroySocket
 .text.NutUdpFindSocket
                0x000037da       0x2c C:/ethernut-5.1\libnutnet.a(udpsock.o)
                0x000037da                NutUdpFindSocket
 .text.NutUdpReceiveFrom
                0x00003806       0xd6 C:/ethernut-5.1\libnutnet.a(udpsock.o)
                0x00003806                NutUdpReceiveFrom
 .text.NutUdpSendTo
                0x000038dc       0x8c C:/ethernut-5.1\libnutnet.a(udpsock.o)
                0x000038dc                NutUdpSendTo
 .text.NutUdpCreateSocket
                0x00003968       0xce C:/ethernut-5.1\libnutnet.a(udpsock.o)
                0x00003968                NutUdpCreateSocket
 .text.NutIpDemux
                0x00003a36       0x66 C:/ethernut-5.1\libnutnet.a(ipdemux.o)
 .text.NutRegisterIpHandler
                0x00003a9c       0x8c C:/ethernut-5.1\libnutnet.a(ipdemux.o)
                0x00003a9c                NutRegisterIpHandler
 .text.NutIpRouteQuery
                0x00003b28       0xf6 C:/ethernut-5.1\libnutnet.a(route.o)
                0x00003b28                NutIpRouteQuery
 .text.NutIpRouteAdd
                0x00003c1e       0xcc C:/ethernut-5.1\libnutnet.a(route.o)
                0x00003c1e                NutIpRouteAdd
 .text.inet_addr
                0x00003cea       0xa4 C:/ethernut-5.1\libnutnet.a(inet.o)
                0x00003cea                inet_addr
 .text.inet_ntoa
                0x00003d8e       0xd2 C:/ethernut-5.1\libnutnet.a(inet.o)
                0x00003d8e                inet_ntoa
 .text.NutNetIfSetup
                0x00003e60      0x208 C:/ethernut-5.1\libnutnet.a(ifconfig.o)
                0x00003e60                NutNetIfSetup
 .text.NutNetIfConfig2
                0x00004068      0x1e0 C:/ethernut-5.1\libnutnet.a(ifconfig.o)
                0x00004068                NutNetIfConfig2
 .text.NutNetIfConfig
                0x00004248       0x2c C:/ethernut-5.1\libnutnet.a(ifconfig.o)
                0x00004248                NutNetIfConfig
 .text.NutNetSaveConfig
                0x00004274       0x28 C:/ethernut-5.1\libnutnet.a(confnet.o)
                0x00004274                NutNetSaveConfig
 .text.NutNetLoadConfig
                0x0000429c       0x60 C:/ethernut-5.1\libnutnet.a(confnet.o)
                0x0000429c                NutNetLoadConfig
 .text.NutTcpInput
                0x000042fc       0x70 C:/ethernut-5.1\libnutnet.a(tcpin.o)
                0x000042fc                NutTcpInput
 .text.NutTcpReject
                0x0000436c      0x124 C:/ethernut-5.1\libnutnet.a(tcpout.o)
                0x0000436c                NutTcpReject
 .text.NutTcpOutput
                0x00004490      0x3c2 C:/ethernut-5.1\libnutnet.a(tcpout.o)
                0x00004490                NutTcpOutput
 .text.NutTcpInputOptions
                0x00004852       0x82 C:/ethernut-5.1\libnutnet.a(tcpsm.o)
 .text.NutTcpAbortSocket
                0x000048d4       0x5e C:/ethernut-5.1\libnutnet.a(tcpsm.o)
                0x000048d4                NutTcpAbortSocket
 .text.NutTcpInitStateMachine
                0x00004932       0x3a C:/ethernut-5.1\libnutnet.a(tcpsm.o)
                0x00004932                NutTcpInitStateMachine
 .text.NutTcpStateMachine
                0x0000496c       0xc2 C:/ethernut-5.1\libnutnet.a(tcpsm.o)
                0x0000496c                NutTcpStateMachine
 .text.NutTcpStateWindowEvent
                0x00004a2e       0x28 C:/ethernut-5.1\libnutnet.a(tcpsm.o)
                0x00004a2e                NutTcpStateWindowEvent
 .text.NutTcpProcessAppData
                0x00004a56      0x12c C:/ethernut-5.1\libnutnet.a(tcpsm.o)
 .text.NutTcpStateChange
                0x00004b82      0x16a C:/ethernut-5.1\libnutnet.a(tcpsm.o)
 .text.NutTcpProcessSyn
                0x00004cec       0xec C:/ethernut-5.1\libnutnet.a(tcpsm.o)
 .text.NutTcpStateRetranTimeout
                0x00004dd8       0x94 C:/ethernut-5.1\libnutnet.a(tcpsm.o)
                0x00004dd8                NutTcpStateRetranTimeout
 .text.NutTcpProcessAck
                0x00004e6c      0x236 C:/ethernut-5.1\libnutnet.a(tcpsm.o)
 .text.NutTcpStateProcess
                0x000050a2      0x8d0 C:/ethernut-5.1\libnutnet.a(tcpsm.o)
 .text.NutTcpStatePassiveOpenEvent
                0x00005972       0xf4 C:/ethernut-5.1\libnutnet.a(tcpsm.o)
                0x00005972                NutTcpStatePassiveOpenEvent
 .text.NutTcpSm
                0x00005a66      0x270 C:/ethernut-5.1\libnutnet.a(tcpsm.o)
                0x00005a66                NutTcpSm
 .text.NutTcpStateCloseEvent
                0x00005cd6       0x60 C:/ethernut-5.1\libnutnet.a(tcpsm.o)
                0x00005cd6                NutTcpStateCloseEvent
 .text.NutTcpCalcRtt
                0x00005d36       0x70 C:/ethernut-5.1\libnutnet.a(tcputil.o)
                0x00005d36                NutTcpCalcRtt
 .text.NutUdpInput
                0x00005da6      0x114 C:/ethernut-5.1\libnutnet.a(udpin.o)
                0x00005da6                NutUdpInput
 .text.NutUdpOutput
                0x00005eba      0x12a C:/ethernut-5.1\libnutnet.a(udpout.o)
                0x00005eba                NutUdpOutput
 .text.NutIpChkSumPartial
                0x00005fe4       0x6c C:/ethernut-5.1\libnutnet.a(ipcsum.o)
                0x00005fe4                NutIpChkSumPartial
 .text.NutIpChkSum
                0x00006050        0xe C:/ethernut-5.1\libnutnet.a(ipcsum.o)
                0x00006050                NutIpChkSum
 .text.NutIpPseudoChkSumPartial
                0x0000605e       0x62 C:/ethernut-5.1\libnutnet.a(ipcsum.o)
                0x0000605e                NutIpPseudoChkSumPartial
 .text.NutIpInput
                0x000060c0      0x1f4 C:/ethernut-5.1\libnutnet.a(ipin.o)
                0x000060c0                NutIpInput
 .text.NutIpForward
                0x000062b4        0x6 C:/ethernut-5.1\libnutnet.a(ipout.o)
                0x000062b4                NutIpForward
 .text.NutIpOutput
                0x000062ba      0x39e C:/ethernut-5.1\libnutnet.a(ipout.o)
                0x000062ba                NutIpOutput
 .text.NutIcmpInput
                0x00006658      0x124 C:/ethernut-5.1\libnutnet.a(icmpin.o)
                0x00006658                NutIcmpInput
 .text.NutIcmpOutput
                0x0000677c       0x68 C:/ethernut-5.1\libnutnet.a(icmpout.o)
                0x0000677c                NutIcmpOutput
 .text.NutIcmpReply
                0x000067e4       0x74 C:/ethernut-5.1\libnutnet.a(icmpout.o)
                0x000067e4                NutIcmpReply
 .text.NutIcmpResponse
                0x00006858       0xa8 C:/ethernut-5.1\libnutnet.a(icmpout.o)
                0x00006858                NutIcmpResponse
 .text.SendIgmpMessage
                0x00006900       0x84 C:/ethernut-5.1\libnutnet.a(igmp.o)
 .text.NutIgmpJoinGroup
                0x00006984        0xc C:/ethernut-5.1\libnutnet.a(igmp.o)
                0x00006984                NutIgmpJoinGroup
 .text.NutIgmpInput
                0x00006990       0x80 C:/ethernut-5.1\libnutnet.a(igmpin.o)
                0x00006990                NutIgmpInput
 .text.ArpCacheFlush
                0x00006a10       0x52 C:/ethernut-5.1\libnutnet.a(arpcache.o)
 .text.ArpCacheAging
                0x00006a62       0xa6 C:/ethernut-5.1\libnutnet.a(arpcache.o)
 .text.ArpCacheNew
                0x00006b08       0x88 C:/ethernut-5.1\libnutnet.a(arpcache.o)
 .text.NutArpCacheQuery
                0x00006b90      0x210 C:/ethernut-5.1\libnutnet.a(arpcache.o)
                0x00006b90                NutArpCacheQuery
 .text.NutArpCacheUpdate
                0x00006da0       0x62 C:/ethernut-5.1\libnutnet.a(arpcache.o)
                0x00006da0                NutArpCacheUpdate
 .text.NutArpOutput
                0x00006e02       0x6c C:/ethernut-5.1\libnutnet.a(arpout.o)
                0x00006e02                NutArpOutput
 .text.NutArpAllocNetBuf
                0x00006e6e       0xb8 C:/ethernut-5.1\libnutnet.a(arpout.o)
                0x00006e6e                NutArpAllocNetBuf
 .text.NutVersion
                0x00006f26        0xa C:/ethernut-5.1\libnutos.a(version.o)
                0x00006f26                NutVersion
 .text.NutHeapRootAlloc
                0x00006f30       0xb0 C:/ethernut-5.1\libnutos.a(heap.o)
                0x00006f30                NutHeapRootAlloc
 .text.NutHeapRootFree
                0x00006fe0       0xd8 C:/ethernut-5.1\libnutos.a(heap.o)
                0x00006fe0                NutHeapRootFree
 .text.NutHeapRootAdd
                0x000070b8       0x22 C:/ethernut-5.1\libnutos.a(heap.o)
                0x000070b8                NutHeapRootAdd
 .text.NutHeapRootAvailable
                0x000070da       0x26 C:/ethernut-5.1\libnutos.a(heap.o)
                0x000070da                NutHeapRootAvailable
 .text.NutHeapRootAllocClear
                0x00007100       0x2e C:/ethernut-5.1\libnutos.a(heap.o)
                0x00007100                NutHeapRootAllocClear
 .text.NutThreadAddPriQueue
                0x0000712e       0xb2 C:/ethernut-5.1\libnutos.a(thread.o)
                0x0000712e                NutThreadAddPriQueue
 .text.NutThreadRemoveQueue
                0x000071e0       0x8e C:/ethernut-5.1\libnutos.a(thread.o)
                0x000071e0                NutThreadRemoveQueue
 .text.NutThreadWake
                0x0000726e       0x16 C:/ethernut-5.1\libnutos.a(thread.o)
                0x0000726e                NutThreadWake
 .text.NutThreadDestroy
                0x00007284       0x22 C:/ethernut-5.1\libnutos.a(thread.o)
                0x00007284                NutThreadDestroy
 .text.NutThreadKill
                0x000072a6       0x4e C:/ethernut-5.1\libnutos.a(thread.o)
                0x000072a6                NutThreadKill
 .text.NutThreadSetPriority
                0x000072f4       0x6e C:/ethernut-5.1\libnutos.a(thread.o)
                0x000072f4                NutThreadSetPriority
 .text.NutThreadResume
                0x00007362       0x8a C:/ethernut-5.1\libnutos.a(thread.o)
                0x00007362                NutThreadResume
 .text.NutThreadYield
                0x000073ec       0x30 C:/ethernut-5.1\libnutos.a(thread.o)
                0x000073ec                NutThreadYield
 .text.NutTimerIntr
                0x0000741c       0x28 C:/ethernut-5.1\libnutos.a(timer.o)
                0x0000741c                NutTimerIntr
 .text.NutTimerInsert
                0x00007444       0x86 C:/ethernut-5.1\libnutos.a(timer.o)
                0x00007444                NutTimerInsert
 .text.NutTimerStop
                0x000074ca       0x80 C:/ethernut-5.1\libnutos.a(timer.o)
                0x000074ca                NutTimerStop
 .text.NutGetTickCount
                0x0000754a       0x20 C:/ethernut-5.1\libnutos.a(timer.o)
                0x0000754a                NutGetTickCount
 .text.NutGetCpuClock
                0x0000756a       0x40 C:/ethernut-5.1\libnutos.a(timer.o)
                0x0000756a                NutGetCpuClock
 .text.NutMicroDelay
                0x000075aa       0x40 C:/ethernut-5.1\libnutos.a(timer.o)
                0x000075aa                NutMicroDelay
 .text.NutDelay
                0x000075ea       0x1c C:/ethernut-5.1\libnutos.a(timer.o)
                0x000075ea                NutDelay
 .text.NutGetMillis
                0x00007606       0xd8 C:/ethernut-5.1\libnutos.a(timer.o)
                0x00007606                NutGetMillis
 .text.NutGetSeconds
                0x000076de       0x40 C:/ethernut-5.1\libnutos.a(timer.o)
                0x000076de                NutGetSeconds
 .text.NutTimerCreate
                0x0000771e       0xa2 C:/ethernut-5.1\libnutos.a(timer.o)
                0x0000771e                NutTimerCreate
 .text.NutTimerStartTicks
                0x000077c0       0x1e C:/ethernut-5.1\libnutos.a(timer.o)
                0x000077c0                NutTimerStartTicks
 .text.NutTimerStart
                0x000077de       0x26 C:/ethernut-5.1\libnutos.a(timer.o)
                0x000077de                NutTimerStart
 .text.NutSleep
                0x00007804       0x9e C:/ethernut-5.1\libnutos.a(timer.o)
                0x00007804                NutSleep
 .text.NutTimerProcessElapsed
                0x000078a2      0x11c C:/ethernut-5.1\libnutos.a(timer.o)
                0x000078a2                NutTimerProcessElapsed
 .text.NutTimerInit
                0x000079be       0x10 C:/ethernut-5.1\libnutos.a(timer.o)
                0x000079be                NutTimerInit
 .text.NutEventPostAsync
                0x000079ce       0xa0 C:/ethernut-5.1\libnutos.a(event.o)
                0x000079ce                NutEventPostAsync
 .text.NutEventBroadcastAsync
                0x00007a6e       0x70 C:/ethernut-5.1\libnutos.a(event.o)
                0x00007a6e                NutEventBroadcastAsync
 .text.NutEventBroadcast
                0x00007ade       0x1a C:/ethernut-5.1\libnutos.a(event.o)
                0x00007ade                NutEventBroadcast
 .text.NutEventPost
                0x00007af8       0x1a C:/ethernut-5.1\libnutos.a(event.o)
                0x00007af8                NutEventPost
 .text.NutEventTimeout
                0x00007b12       0x90 C:/ethernut-5.1\libnutos.a(event.o)
                0x00007b12                NutEventTimeout
 .text.NutEventWait
                0x00007ba2       0xc8 C:/ethernut-5.1\libnutos.a(event.o)
                0x00007ba2                NutEventWait
 .text.NutEventWaitNext
                0x00007c6a       0x22 C:/ethernut-5.1\libnutos.a(event.o)
                0x00007c6a                NutEventWaitNext
 .text.NutDeviceLookup
                0x00007c8c       0x38 C:/ethernut-5.1\libnutos.a(devreg.o)
                0x00007c8c                NutDeviceLookup
 .text.NutRegisterDevice
                0x00007cc4       0x56 C:/ethernut-5.1\libnutos.a(devreg.o)
                0x00007cc4                NutRegisterDevice
 .text.NutLoadConfig
                0x00007d1a       0x4a C:/ethernut-5.1\libnutos.a(confos.o)
                0x00007d1a                NutLoadConfig
 .text.NutThreadEntry
                0x00007d64       0x10 C:/ethernut-5.1\libnutarch.a(context_gcc.o)
 .text.NutThreadSwitch
                0x00007d74       0x76 C:/ethernut-5.1\libnutarch.a(context_gcc.o)
                0x00007da8                thread_start
                0x00007d74                NutThreadSwitch
 .text.NutThreadCreate
                0x00007dea      0x140 C:/ethernut-5.1\libnutarch.a(context_gcc.o)
                0x00007dea                NutThreadCreate
 .text.NutArchClockGet
                0x00007f2a       0x12 C:/ethernut-5.1\libnutarch.a(ostimer.o)
                0x00007f2a                NutArchClockGet
 .text.NutGetTickClock
                0x00007f3c        0xa C:/ethernut-5.1\libnutarch.a(ostimer.o)
                0x00007f3c                NutGetTickClock
 .text.NutTimerMillisToTicks
                0x00007f46       0x5c C:/ethernut-5.1\libnutarch.a(ostimer.o)
                0x00007f46                NutTimerMillisToTicks
 .text.NutRegisterTimer
                0x00007fa2       0xa0 C:/ethernut-5.1\libnutarch.a(ostimer.o)
                0x00007fa2                NutRegisterTimer
 .text.AvrTimer0CompIrqCtl
                0x00008042       0x90 C:/ethernut-5.1\libnutarch.a(ih_timer0_comp.o)
 .text.__vector_15
                0x000080d2       0x54 C:/ethernut-5.1\libnutarch.a(ih_timer0_comp.o)
                0x000080d2                __vector_15
 .text.AvrUsartTxEmpty
                0x00008126       0xe0 C:/ethernut-5.1\libnutarch.a(usart0avr.o)
 .text.AvrUsartRxComplete
                0x00008206       0xf4 C:/ethernut-5.1\libnutarch.a(usart0avr.o)
 .text.AvrUsartGetDataBits
                0x000082fa       0x30 C:/ethernut-5.1\libnutarch.a(usart0avr.o)
 .text.AvrUsartGetParity
                0x0000832a       0x1c C:/ethernut-5.1\libnutarch.a(usart0avr.o)
 .text.AvrUsartGetStopBits
                0x00008346       0x10 C:/ethernut-5.1\libnutarch.a(usart0avr.o)
 .text.AvrUsartGetStatus
                0x00008356       0x70 C:/ethernut-5.1\libnutarch.a(usart0avr.o)
 .text.AvrUsartSetStatus
                0x000083c6       0xba C:/ethernut-5.1\libnutarch.a(usart0avr.o)
 .text.AvrUsartGetClockMode
                0x00008480       0x2c C:/ethernut-5.1\libnutarch.a(usart0avr.o)
 .text.AvrUsartGetFlowControl
                0x000084ac       0x20 C:/ethernut-5.1\libnutarch.a(usart0avr.o)
 .text.AvrUsartSetFlowControl
                0x000084cc       0x72 C:/ethernut-5.1\libnutarch.a(usart0avr.o)
 .text.AvrUsartTxStart
                0x0000853e        0x4 C:/ethernut-5.1\libnutarch.a(usart0avr.o)
 .text.AvrUsartRxStart
                0x00008542       0x34 C:/ethernut-5.1\libnutarch.a(usart0avr.o)
 .text.AvrUsartDisable
                0x00008576       0x1c C:/ethernut-5.1\libnutarch.a(usart0avr.o)
 .text.AvrUsartSetClockMode
                0x00008592       0x7c C:/ethernut-5.1\libnutarch.a(usart0avr.o)
 .text.AvrUsartSetStopBits
                0x0000860e       0x52 C:/ethernut-5.1\libnutarch.a(usart0avr.o)
 .text.AvrUsartSetParity
                0x00008660       0x6a C:/ethernut-5.1\libnutarch.a(usart0avr.o)
 .text.AvrUsartSetDataBits
                0x000086ca       0x7a C:/ethernut-5.1\libnutarch.a(usart0avr.o)
 .text.AvrUsartGetSpeed
                0x00008744       0x96 C:/ethernut-5.1\libnutarch.a(usart0avr.o)
 .text.AvrUsartSetSpeed
                0x000087da       0x7c C:/ethernut-5.1\libnutarch.a(usart0avr.o)
 .text.AvrUsartDeinit
                0x00008856       0x26 C:/ethernut-5.1\libnutarch.a(usart0avr.o)
 .text.AvrUsartInit
                0x0000887c       0x46 C:/ethernut-5.1\libnutarch.a(usart0avr.o)
 .text.AvrUsartTxEmpty
                0x000088c2      0x102 C:/ethernut-5.1\libnutarch.a(usart1avr.o)
 .text.AvrUsartRxComplete
                0x000089c4      0x10e C:/ethernut-5.1\libnutarch.a(usart1avr.o)
 .text.AvrUsartGetDataBits
                0x00008ad2       0x34 C:/ethernut-5.1\libnutarch.a(usart1avr.o)
 .text.AvrUsartGetParity
                0x00008b06       0x1c C:/ethernut-5.1\libnutarch.a(usart1avr.o)
 .text.AvrUsartGetStopBits
                0x00008b22       0x10 C:/ethernut-5.1\libnutarch.a(usart1avr.o)
 .text.AvrUsartGetStatus
                0x00008b32       0x64 C:/ethernut-5.1\libnutarch.a(usart1avr.o)
 .text.AvrUsartSetStatus
                0x00008b96       0xce C:/ethernut-5.1\libnutarch.a(usart1avr.o)
 .text.AvrUsartGetClockMode
                0x00008c64       0x30 C:/ethernut-5.1\libnutarch.a(usart1avr.o)
 .text.AvrUsartGetFlowControl
                0x00008c94       0x20 C:/ethernut-5.1\libnutarch.a(usart1avr.o)
 .text.AvrUsartSetFlowControl
                0x00008cb4       0x72 C:/ethernut-5.1\libnutarch.a(usart1avr.o)
 .text.AvrUsartTxStart
                0x00008d26        0xc C:/ethernut-5.1\libnutarch.a(usart1avr.o)
 .text.AvrUsartRxStart
                0x00008d32       0x3a C:/ethernut-5.1\libnutarch.a(usart1avr.o)
 .text.AvrUsartDisable
                0x00008d6c       0x40 C:/ethernut-5.1\libnutarch.a(usart1avr.o)
 .text.AvrUsartSetClockMode
                0x00008dac       0x92 C:/ethernut-5.1\libnutarch.a(usart1avr.o)
 .text.AvrUsartSetStopBits
                0x00008e3e       0x54 C:/ethernut-5.1\libnutarch.a(usart1avr.o)
 .text.AvrUsartSetParity
                0x00008e92       0x6c C:/ethernut-5.1\libnutarch.a(usart1avr.o)
 .text.AvrUsartSetDataBits
                0x00008efe       0x8c C:/ethernut-5.1\libnutarch.a(usart1avr.o)
 .text.AvrUsartGetSpeed
                0x00008f8a       0x9c C:/ethernut-5.1\libnutarch.a(usart1avr.o)
 .text.AvrUsartSetSpeed
                0x00009026       0x84 C:/ethernut-5.1\libnutarch.a(usart1avr.o)
 .text.AvrUsartDeinit
                0x000090aa       0x26 C:/ethernut-5.1\libnutarch.a(usart1avr.o)
 .text.AvrUsartInit
                0x000090d0       0x46 C:/ethernut-5.1\libnutarch.a(usart1avr.o)
 .text.AvrUart0RxIrqCtl
                0x00009116       0x7e C:/ethernut-5.1\libnutarch.a(ih_usart0_rx.o)
 .text.__vector_18
                0x00009194       0x54 C:/ethernut-5.1\libnutarch.a(ih_usart0_rx.o)
                0x00009194                __vector_18
 .text.AvrUart0TxDataIrqCtl
                0x000091e8       0x70 C:/ethernut-5.1\libnutarch.a(ih_usart0_udre.o)
 .text.__vector_19
                0x00009258       0x54 C:/ethernut-5.1\libnutarch.a(ih_usart0_udre.o)
                0x00009258                __vector_19
 .text.AvrUart1RxIrqCtl
                0x000092ac       0xa0 C:/ethernut-5.1\libnutarch.a(ih_usart1_rx.o)
 .text.__vector_30
                0x0000934c       0x54 C:/ethernut-5.1\libnutarch.a(ih_usart1_rx.o)
                0x0000934c                __vector_30
 .text.AvrUart1TxDataIrqCtl
                0x000093a0       0x8e C:/ethernut-5.1\libnutarch.a(ih_usart1_udre.o)
 .text.__vector_31
                0x0000942e       0x54 C:/ethernut-5.1\libnutarch.a(ih_usart1_udre.o)
                0x0000942e                __vector_31
 .text.Delay16Cycles
                0x00009482       0x22 C:/ethernut-5.1\libnutarch.a(nicrtl.o)
 .text.NicCompleteDma
                0x000094a4       0x1e C:/ethernut-5.1\libnutarch.a(nicrtl.o)
 .text.NicWrite
                0x000094c2       0x2c C:/ethernut-5.1\libnutarch.a(nicrtl.o)
 .text.NicInterrupt
                0x000094ee      0x152 C:/ethernut-5.1\libnutarch.a(nicrtl.o)
 .text.NicStart
                0x00009640      0x11c C:/ethernut-5.1\libnutarch.a(nicrtl.o)
 .text.NicInit  0x0000975c       0xb8 C:/ethernut-5.1\libnutarch.a(nicrtl.o)
                0x0000975c                NicInit
 .text.NicOutput
                0x00009814      0x12c C:/ethernut-5.1\libnutarch.a(nicrtl.o)
                0x00009814                NicOutput
 .text.NicRx    0x00009940      0x226 C:/ethernut-5.1\libnutarch.a(nicrtl.o)
                0x00009940                NicRx
 .text.AvrInterrupt5Ctl
                0x00009b66      0x100 C:/ethernut-5.1\libnutarch.a(ih_int5.o)
 .text.__vector_6
                0x00009c66       0x54 C:/ethernut-5.1\libnutarch.a(ih_int5.o)
                0x00009c66                __vector_6
 .text.CallHandler
                0x00009cba       0x16 C:/ethernut-5.1\libnutdev.a(ihndlr.o)
                0x00009cba                CallHandler
 .text.NutRegisterIrqHandler
                0x00009cd0       0x44 C:/ethernut-5.1\libnutdev.a(ihndlr.o)
                0x00009cd0                NutRegisterIrqHandler
 .text.UsartInit
                0x00009d14       0x38 C:/ethernut-5.1\libnutdev.a(usart.o)
                0x00009d14                UsartInit
 .text.UsartSize
                0x00009d4c       0x26 C:/ethernut-5.1\libnutdev.a(usart.o)
                0x00009d4c                UsartSize
 .text.UsartResetBuffer
                0x00009d72       0x9e C:/ethernut-5.1\libnutdev.a(usart.o)
 .text.UsartIOCtl
                0x00009e10      0x38c C:/ethernut-5.1\libnutdev.a(usart.o)
                0x00009e10                UsartIOCtl
 .text.UsartOpen
                0x0000a19c       0xf0 C:/ethernut-5.1\libnutdev.a(usart.o)
                0x0000a19c                UsartOpen
 .text.UsartFlushOutput
                0x0000a28c       0x8e C:/ethernut-5.1\libnutdev.a(usart.o)
 .text.UsartClose
                0x0000a31a       0x94 C:/ethernut-5.1\libnutdev.a(usart.o)
                0x0000a31a                UsartClose
 .text.UsartRead
                0x0000a3ae      0x1d0 C:/ethernut-5.1\libnutdev.a(usart.o)
                0x0000a3ae                UsartRead
 .text.UsartPut
                0x0000a57e      0x20c C:/ethernut-5.1\libnutdev.a(usart.o)
 .text.UsartWrite_P
                0x0000a78a       0x10 C:/ethernut-5.1\libnutdev.a(usart.o)
                0x0000a78a                UsartWrite_P
 .text.UsartWrite
                0x0000a79a       0x10 C:/ethernut-5.1\libnutdev.a(usart.o)
                0x0000a79a                UsartWrite
 .text.NutNetBufFree
                0x0000a7aa       0x80 C:/ethernut-5.1\libnutdev.a(netbuf.o)
                0x0000a7aa                NutNetBufFree
 .text.NutNetBufAllocData
                0x0000a82a       0x4e C:/ethernut-5.1\libnutdev.a(netbuf.o)
 .text.NutNetBufCollect
                0x0000a878      0x134 C:/ethernut-5.1\libnutdev.a(netbuf.o)
                0x0000a878                NutNetBufCollect
 .text.NutNetBufClonePart
                0x0000a9ac      0x1c8 C:/ethernut-5.1\libnutdev.a(netbuf.o)
                0x0000a9ac                NutNetBufClonePart
 .text.NutNetBufAlloc
                0x0000ab74       0xe0 C:/ethernut-5.1\libnutdev.a(netbuf.o)
                0x0000ab74                NutNetBufAlloc
 .text.NutNvMemSave
                0x0000ac54        0x6 C:/ethernut-5.1\libnutdev.a(nvmem.o)
                0x0000ac54                NutNvMemSave
 .text.NutNvMemLoad
                0x0000ac5a        0x6 C:/ethernut-5.1\libnutdev.a(nvmem.o)
                0x0000ac5a                NutNvMemLoad
 .text.NutEtherInput
                0x0000ac60       0x8a C:/ethernut-5.1\libnutnet.a(ethin.o)
                0x0000ac60                NutEtherInput
 .text.NutEtherOutput
                0x0000acea       0xc2 C:/ethernut-5.1\libnutnet.a(ethout.o)
                0x0000acea                NutEtherOutput
 .text.NutArpInput
                0x0000adac       0xea C:/ethernut-5.1\libnutnet.a(arpin.o)
                0x0000adac                NutArpInput
 .text._ioctl   0x0000ae96       0x2a C:/ethernut-5.1\libnutcrt.a(ioctl.o)
                0x0000ae96                _ioctl
 .text.fclose   0x0000aec0       0x7c C:/ethernut-5.1\libnutcrt.a(fclose.o)
                0x0000aec0                fclose
 .text._fdopen  0x0000af3c       0xae C:/ethernut-5.1\libnutcrt.a(fdopen.o)
                0x0000af3c                _fdopen
 .text.fflush   0x0000afea       0x24 C:/ethernut-5.1\libnutcrt.a(fflush.o)
                0x0000afea                fflush
 .text._fileno  0x0000b00e        0x8 C:/ethernut-5.1\libnutcrt.a(fileno.o)
                0x0000b00e                _fileno
 .text._fmode   0x0000b016       0x68 C:/ethernut-5.1\libnutcrt.a(fmode.o)
                0x0000b016                _fmode
 .text.fopen    0x0000b07e       0xbc C:/ethernut-5.1\libnutcrt.a(fopen.o)
                0x0000b07e                fopen
 .text.freopen  0x0000b13a       0xe4 C:/ethernut-5.1\libnutcrt.a(freopen.o)
                0x0000b13a                freopen
 .text.fread    0x0000b21e       0x94 C:/ethernut-5.1\libnutcrt.a(fread.o)
                0x0000b21e                fread
 .text.scanf    0x0000b2b2       0x24 C:/ethernut-5.1\libnutcrt.a(scanf.o)
                0x0000b2b2                scanf
 .text.vfscanf  0x0000b2d6       0x28 C:/ethernut-5.1\libnutcrt.a(vfscanf.o)
                0x0000b2d6                vfscanf
 .text.fwrite   0x0000b2fe       0x4e C:/ethernut-5.1\libnutcrt.a(fwrite.o)
                0x0000b2fe                fwrite
 .text.printf   0x0000b34c       0x24 C:/ethernut-5.1\libnutcrt.a(printf.o)
                0x0000b34c                printf
 .text.putchar  0x0000b370        0xe C:/ethernut-5.1\libnutcrt.a(putchar.o)
                0x0000b370                putchar
 .text.puts     0x0000b37e       0x32 C:/ethernut-5.1\libnutcrt.a(puts.o)
                0x0000b37e                puts
 .text.vfprintf
                0x0000b3b0       0x16 C:/ethernut-5.1\libnutcrt.a(vfprintf.o)
                0x0000b3b0                vfprintf
 .text.sprintf  0x0000b3c6       0x22 C:/ethernut-5.1\libnutcrt.a(sprintf.o)
                0x0000b3c6                sprintf
 .text.sscanf   0x0000b3e8       0x22 C:/ethernut-5.1\libnutcrt.a(sscanf.o)
                0x0000b3e8                sscanf
 .text.vsprintf
                0x0000b40a       0x32 C:/ethernut-5.1\libnutcrt.a(vsprintf.o)
                0x0000b40a                vsprintf
 .text._sputb   0x0000b43c       0x30 C:/ethernut-5.1\libnutcrt.a(vsprintf.o)
 .text._sgetb   0x0000b46c       0x36 C:/ethernut-5.1\libnutcrt.a(vsscanf.o)
 .text.vsscanf  0x0000b4a2       0x2c C:/ethernut-5.1\libnutcrt.a(vsscanf.o)
                0x0000b4a2                vsscanf
 .text.calloc   0x0000b4ce       0x38 C:/ethernut-5.1\libnutcrt.a(calloc.o)
                0x0000b4ce                calloc
 .text.free     0x0000b506        0xc C:/ethernut-5.1\libnutcrt.a(malloc.o)
                0x0000b506                free
 .text.malloc   0x0000b512       0x20 C:/ethernut-5.1\libnutcrt.a(malloc.o)
                0x0000b512                malloc
 .text._close   0x0000b532       0x2c C:/ethernut-5.1\libnutcrt.a(close.o)
                0x0000b532                _close
 .text._open    0x0000b55e       0xbe C:/ethernut-5.1\libnutcrt.a(open.o)
                0x0000b55e                _open
 .text._getf    0x0000b61c      0x492 C:/ethernut-5.1\libnutcrt.a(getf.o)
                0x0000b61c                _getf
 .text._read    0x0000baae       0x32 C:/ethernut-5.1\libnutcrt.a(read.o)
                0x0000baae                _read
 .text._putpad  0x0000bae0       0x50 C:/ethernut-5.1\libnutcrt.a(putf.o)
 .text._putf    0x0000bb30      0x69e C:/ethernut-5.1\libnutcrt.a(putf.o)
                0x0000bb30                _putf
 .text._write   0x0000c1ce       0x32 C:/ethernut-5.1\libnutcrt.a(write.o)
                0x0000c1ce                _write
 .text.fputc    0x0000c200       0x3c C:/ethernut-5.1\libnutcrt.a(fputc.o)
                0x0000c200                fputc
 .text.fputs    0x0000c23c       0x20 C:/ethernut-5.1\libnutcrt.a(fputs.o)
                0x0000c23c                fputs
 .text.OnChipNvMemSave
                0x0000c25c       0x56 C:/ethernut-5.1\libnutarch.a(eeprom.o)
                0x0000c25c                OnChipNvMemSave
 .text.OnChipNvMemLoad
                0x0000c2b2       0x10 C:/ethernut-5.1\libnutarch.a(eeprom.o)
                0x0000c2b2                OnChipNvMemLoad
 .text.libgcc   0x0000c2c2       0x3e c:/winavr-20100110/bin/../lib/gcc/avr/4.3.3/avr51\libgcc.a(_mulsi3.o)
                0x0000c2c2                __mulsi3
 .text.libgcc   0x0000c300       0x18 c:/winavr-20100110/bin/../lib/gcc/avr/4.3.3/avr51\libgcc.a(_udivmodqi4.o)
                0x0000c300                __udivmodqi4
 .text.libgcc   0x0000c318       0x28 c:/winavr-20100110/bin/../lib/gcc/avr/4.3.3/avr51\libgcc.a(_udivmodhi4.o)
                0x0000c318                __udivmodhi4
 .text.libgcc   0x0000c340       0x44 c:/winavr-20100110/bin/../lib/gcc/avr/4.3.3/avr51\libgcc.a(_udivmodsi4.o)
                0x0000c340                __udivmodsi4
 .text.avr-libc
                0x0000c384      0x25e c:/winavr-20100110/bin/../lib/gcc/avr/4.3.3/../../../../avr/lib/avr51\libc.a(strtol.o)
                0x0000c384                strtol
 .text.avr-libc
                0x0000c5e2       0x10 c:/winavr-20100110/bin/../lib/gcc/avr/4.3.3/../../../../avr/lib/avr51\libc.a(isspace.o)
                0x0000c5e2                isspace
 .text.avr-libc
                0x0000c5f2       0x12 c:/winavr-20100110/bin/../lib/gcc/avr/4.3.3/../../../../avr/lib/avr51\libc.a(memcpy_P.o)
                0x0000c5f2                memcpy_P
 .text.avr-libc
                0x0000c604        0xe c:/winavr-20100110/bin/../lib/gcc/avr/4.3.3/../../../../avr/lib/avr51\libc.a(strcpy_P.o)
                0x0000c604                strcpy_P
 .text.avr-libc
                0x0000c612       0x12 c:/winavr-20100110/bin/../lib/gcc/avr/4.3.3/../../../../avr/lib/avr51\libc.a(strlen_P.o)
                0x0000c612                strlen_P
 .text.avr-libc
                0x0000c624       0x1a c:/winavr-20100110/bin/../lib/gcc/avr/4.3.3/../../../../avr/lib/avr51\libc.a(memchr.o)
                0x0000c624                memchr
 .text.avr-libc
                0x0000c63e       0x1a c:/winavr-20100110/bin/../lib/gcc/avr/4.3.3/../../../../avr/lib/avr51\libc.a(memcmp.o)
                0x0000c63e                memcmp
 .text.avr-libc
                0x0000c658       0x12 c:/winavr-20100110/bin/../lib/gcc/avr/4.3.3/../../../../avr/lib/avr51\libc.a(memcpy.o)
                0x0000c658                memcpy
 .text.avr-libc
                0x0000c66a        0xe c:/winavr-20100110/bin/../lib/gcc/avr/4.3.3/../../../../avr/lib/avr51\libc.a(memset.o)
                0x0000c66a                memset
 .text.avr-libc
                0x0000c678       0x12 c:/winavr-20100110/bin/../lib/gcc/avr/4.3.3/../../../../avr/lib/avr51\libc.a(strcmp.o)
                0x0000c678                strcmp
 .text.avr-libc
                0x0000c68a        0xe c:/winavr-20100110/bin/../lib/gcc/avr/4.3.3/../../../../avr/lib/avr51\libc.a(strcpy.o)
                0x0000c68a                strcpy
 .text.avr-libc
                0x0000c698       0x1c c:/winavr-20100110/bin/../lib/gcc/avr/4.3.3/../../../../avr/lib/avr51\libc.a(strncmp.o)
                0x0000c698                strncmp
 .text.avr-libc
                0x0000c6b4       0x2c c:/winavr-20100110/bin/../lib/gcc/avr/4.3.3/../../../../avr/lib/avr51\libc.a(utoa.o)
                0x0000c6b4                utoa
 .text.avr-libc
                0x0000c6e0       0x20 c:/winavr-20100110/bin/../lib/gcc/avr/4.3.3/../../../../avr/lib/avr51\libc.a(eerd_block_atmega128.o)
                0x0000c6e4                __eerd_blraw_m128
                0x0000c6e0                __eerd_block_m128
 .text.avr-libc
                0x0000c700       0x10 c:/winavr-20100110/bin/../lib/gcc/avr/4.3.3/../../../../avr/lib/avr51\libc.a(eerd_byte_atmega128.o)
                0x0000c700                __eerd_byte_m128
 .text.avr-libc
                0x0000c710        0xc c:/winavr-20100110/bin/../lib/gcc/avr/4.3.3/../../../../avr/lib/avr51\libc.a(eerd_dword_atmega128.o)
                0x0000c710                __eerd_dword_m128
                0x0000c710                __eerd_float_m128
 .text.avr-libc
                0x0000c71c       0x14 c:/winavr-20100110/bin/../lib/gcc/avr/4.3.3/../../../../avr/lib/avr51\libc.a(eewr_block_atmega128.o)
                0x0000c71c                __eewr_block_m128
 .text.avr-libc
                0x0000c730       0x1a c:/winavr-20100110/bin/../lib/gcc/avr/4.3.3/../../../../avr/lib/avr51\libc.a(eewr_byte_atmega128.o)
                0x0000c732                __eewr_r18_m128
                0x0000c730                __eewr_byte_m128
 .text.avr-libc
                0x0000c74a        0xa c:/winavr-20100110/bin/../lib/gcc/avr/4.3.3/../../../../avr/lib/avr51\libc.a(eewr_word_atmega128.o)
                0x0000c74a                __eewr_word_m128
 .text.avr-libc
                0x0000c754        0x6 c:/winavr-20100110/bin/../lib/gcc/avr/4.3.3/../../../../avr/lib/avr51\libc.a(cty_isfalse.o)
                0x0000c758                __ctype_istrue
                0x0000c754                __ctype_isfalse
 .text.avr-libc
                0x0000c75a       0x20 c:/winavr-20100110/bin/../lib/gcc/avr/4.3.3/../../../../avr/lib/avr51\libc.a(strrev.o)
                0x0000c75a                strrev
                0x0000c77a                . = ALIGN (0x2)
 *(.fini9)
 .fini9         0x0000c77a        0x0 c:/winavr-20100110/bin/../lib/gcc/avr/4.3.3/avr51\libgcc.a(_exit.o)
                0x0000c77a                exit
                0x0000c77a                _exit
 *(.fini9)
 *(.fini8)
 *(.fini8)
 *(.fini7)
 *(.fini7)
 *(.fini6)
 *(.fini6)
 *(.fini5)
 *(.fini5)
 *(.fini4)
 *(.fini4)
 *(.fini3)
 *(.fini3)
 *(.fini2)
 *(.fini2)
 *(.fini1)
 *(.fini1)
 *(.fini0)
 .fini0         0x0000c77a        0x4 c:/winavr-20100110/bin/../lib/gcc/avr/4.3.3/avr51\libgcc.a(_exit.o)
 *(.fini0)
                0x0000c77e                _etext = .

.data           0x00800100      0xaac load address 0x0000c77e
                0x00800100                PROVIDE (__data_start, .)
 *(.data)
 .data          0x00800100      0x16f rtu.o
 .data          0x0080026f       0x96 uart.o
 .data          0x00800305      0x572 network.o
                0x00800871                mac
 .data          0x00800877       0x37 services.o
                0x008008ad                otau_count_channels
 .data          0x008008ae       0xe6 text_lcd_BOP_24_Rus.o
                0x008008b4                font
                0x008008f4                displays
 .data          0x00800994        0xb C:/ethernut-5.1/nutinit.o
                0x0080099e                idle_sleep_mode
 .data          0x0080099f        0x6 C:/ethernut-5.1\libnutnet.a(confnet.o)
 .data          0x008009a5        0x6 C:/ethernut-5.1\libnutnet.a(tcpsm.o)
 .data          0x008009ab       0x20 C:/ethernut-5.1\libnutnet.a(icmpin.o)
 .data          0x008009cb        0xc C:/ethernut-5.1\libnutos.a(confos.o)
 .data          0x008009d7        0x6 C:/ethernut-5.1\libnutarch.a(ih_timer0_comp.o)
                0x008009d7                sig_OUTPUT_COMPARE0
 .data          0x008009dd       0x84 C:/ethernut-5.1\libnutarch.a(usart0avr.o)
                0x008009dd                devUsartAvr0
 .data          0x00800a61       0x84 C:/ethernut-5.1\libnutarch.a(usart1avr.o)
                0x00800a61                devUsartAvr1
 .data          0x00800ae5       0x4a C:/ethernut-5.1\libnutarch.a(eth0rtl.o)
                0x00800ae5                devEth0
 .data          0x00800b2f        0x6 C:/ethernut-5.1\libnutarch.a(ih_usart0_rx.o)
                0x00800b2f                sig_UART0_RECV
 .data          0x00800b35        0x6 C:/ethernut-5.1\libnutarch.a(ih_usart0_udre.o)
                0x00800b35                sig_UART0_DATA
 .data          0x00800b3b        0x6 C:/ethernut-5.1\libnutarch.a(ih_usart1_rx.o)
                0x00800b3b                sig_UART1_RECV
 .data          0x00800b41        0x6 C:/ethernut-5.1\libnutarch.a(ih_usart1_udre.o)
                0x00800b41                sig_UART1_DATA
 .data          0x00800b47        0x5 C:/ethernut-5.1\libnutarch.a(nicrtl.o)
 .data          0x00800b4c        0x6 C:/ethernut-5.1\libnutarch.a(ih_int5.o)
                0x00800b4c                sig_INTERRUPT5
 .data          0x00800b52       0x10 C:/ethernut-5.1\libnutcrt.a(fopen.o)
                0x00800b52                __iob
 .data          0x00800b62       0x49 C:/ethernut-5.1\libnutcrt.a(putf.o)
 *(.data*)
 *(.rodata)
 *(.rodata*)
 *(.gnu.linkonce.d*)
                0x00800bac                . = ALIGN (0x2)
 *fill*         0x00800bab        0x1 00
                0x00800bac                _edata = .
                0x00800bac                PROVIDE (__data_end, .)

.bss            0x00800bac      0x109
                0x00800bac                PROVIDE (__bss_start, .)
 *(.bss)
 .bss           0x00800bac        0x4 uart.o
                0x00800bac                uartFile0
                0x00800bae                uartFile1
 .bss           0x00800bb0        0x5 network.o
                0x00800bb1                haveConnectReflect
                0x00800bb2                have_reset_command
                0x00800bb3                pc_loaded
                0x00800bb0                haveConnectTelnet
                0x00800bb4                bad_work_enable
 .bss           0x00800bb5        0xe services.o
                0x00800bb8                con_otdr
                0x00800bbb                old_tik
                0x00800bba                power_sw_flag
                0x00800bb7                win_loaded
                0x00800bb9                power_led_flag
                0x00800bb6                enable_timer1_flag
                0x00800bb5                otdr_rs232_manual
 .bss           0x00800bc3        0x1 text_lcd_BOP_24_Rus.o
                0x00800bc3                current_font
 .bss           0x00800bc4        0x5 C:/ethernut-5.1\libnutnet.a(tcpsock.o)
                0x00800bc4                tcpSocketList
 .bss           0x00800bc9        0x3 C:/ethernut-5.1\libnutnet.a(udpsock.o)
 .bss           0x00800bcc        0x2 C:/ethernut-5.1\libnutnet.a(ipdemux.o)
 .bss           0x00800bce       0x22 C:/ethernut-5.1\libnutnet.a(inet.o)
 .bss           0x00800bf0       0x1e C:/ethernut-5.1\libnutnet.a(tcpsm.o)
 .bss           0x00800c0e        0x2 C:/ethernut-5.1\libnutnet.a(ipin.o)
 .bss           0x00800c10        0x4 C:/ethernut-5.1\libnutnet.a(arpcache.o)
 .bss           0x00800c14        0x8 C:/ethernut-5.1\libnutos.a(timer.o)
 .bss           0x00800c1c        0x2 C:/ethernut-5.1\libnutos.a(devreg.o)
                0x00800c1c                nutDeviceList
 .bss           0x00800c1e        0x4 C:/ethernut-5.1\libnutarch.a(ostimer.o)
 .bss           0x00800c22        0x3 C:/ethernut-5.1\libnutarch.a(usart0avr.o)
 .bss           0x00800c25        0x3 C:/ethernut-5.1\libnutarch.a(usart1avr.o)
 .bss           0x00800c28       0x26 C:/ethernut-5.1\libnutarch.a(eth0rtl.o)
 *(.bss*)
 *(COMMON)
 COMMON         0x00800c4e       0x10 network.o
                0x00800c4e                ip_mask
                0x00800c52                ip_addr
                0x00800c56                ethTelnetFile
                0x00800c58                ip_gateway
                0x00800c5c                sockReflect
 COMMON         0x00800c5e        0x6 services.o
                0x00800c5e                loading_sec
                0x00800c5f                loading_min
                0x00800c60                new_tik
 COMMON         0x00800c64        0x2 C:/ethernut-5.1\libnutnet.a(udpsock.o)
                0x00800c64                udpSocketList
 COMMON         0x00800c66        0x2 C:/ethernut-5.1\libnutnet.a(route.o)
                0x00800c66                rteList
 COMMON         0x00800c68       0x20 C:/ethernut-5.1\libnutnet.a(confnet.o)
                0x00800c68                confnet
 COMMON         0x00800c88        0x4 C:/ethernut-5.1\libnutnet.a(tcpsm.o)
                0x00800c88                tcp_in_nbq
                0x00800c8a                tcp_in_rdy
 COMMON         0x00800c8c        0x2 C:/ethernut-5.1\libnutnet.a(ipin.o)
                0x00800c8c                ip_demux
 COMMON         0x00800c8e        0x2 C:/ethernut-5.1\libnutos.a(heap.o)
                0x00800c8e                heapFreeList
 COMMON         0x00800c90        0x8 C:/ethernut-5.1\libnutos.a(thread.o)
                0x00800c90                nutThreadList
                0x00800c92                runQueue
                0x00800c94                runningThread
                0x00800c96                killedThread
 COMMON         0x00800c98        0x6 C:/ethernut-5.1\libnutos.a(timer.o)
                0x00800c98                nutTimerList
                0x00800c9a                nut_ticks
 COMMON         0x00800c9e       0x13 C:/ethernut-5.1\libnutos.a(confos.o)
                0x00800c9e                confos
 COMMON         0x00800cb1        0x2 C:/ethernut-5.1\libnutnet.a(ethin.o)
                0x00800cb1                ether_demux
 COMMON         0x00800cb3        0x2 C:/ethernut-5.1\libnutcrt.a(errno.o)
                0x00800cb3                errno
                0x00800cb5                PROVIDE (__bss_end, .)
                0x0000c77e                __data_load_start = LOADADDR (.data)
                0x0000d22a                __data_load_end = (__data_load_start + SIZEOF (.data))

.noinit         0x00800cb5        0x0
                0x00800cb5                PROVIDE (__noinit_start, .)
 *(.noinit*)
                0x00800cb5                PROVIDE (__noinit_end, .)
                0x00800cb5                _end = .
                0x00800cb5                PROVIDE (__heap_start, .)

.eeprom         0x00810000        0x0
 *(.eeprom*)
                0x00810000                __eeprom_end = .

.fuse
 *(.fuse)
 *(.lfuse)
 *(.hfuse)
 *(.efuse)

.lock
 *(.lock*)

.signature
 *(.signature*)

.stab
 *(.stab)

.stabstr
 *(.stabstr)

.stab.excl
 *(.stab.excl)

.stab.exclstr
 *(.stab.exclstr)

.stab.index
 *(.stab.index)

.stab.indexstr
 *(.stab.indexstr)

.comment
 *(.comment)

.debug
 *(.debug)

.line
 *(.line)

.debug_srcinfo
 *(.debug_srcinfo)

.debug_sfnames
 *(.debug_sfnames)

.debug_aranges
 *(.debug_aranges)

.debug_pubnames
 *(.debug_pubnames)

.debug_info
 *(.debug_info)
 *(.gnu.linkonce.wi.*)

.debug_abbrev
 *(.debug_abbrev)

.debug_line
 *(.debug_line)

.debug_frame
 *(.debug_frame)

.debug_str
 *(.debug_str)

.debug_loc
 *(.debug_loc)

.debug_macinfo
 *(.debug_macinfo)
OUTPUT(rtu.elf elf32-avr)
LOAD linker stubs

.uartloader     0x0001f000       0x52
 .uartloader    0x0001f000       0x52 uart.o
                0x0001f000                uart0_send
                0x0001f030                uart0_rec_buff
                0x0001f010                uart0_send_buff
                0x0001f008                uart0_rec

.bootloader     0x0001f086      0x566
 .bootloader    0x0001f086      0x566 services.o
                0x0001f086                boot

Cross Reference Table

Symbol                                            File
CallHandler                                       C:/ethernut-5.1\libnutdev.a(ihndlr.o)
                                                  C:/ethernut-5.1\libnutarch.a(ih_int5.o)
                                                  C:/ethernut-5.1\libnutarch.a(ih_usart1_udre.o)
                                                  C:/ethernut-5.1\libnutarch.a(ih_usart1_rx.o)
                                                  C:/ethernut-5.1\libnutarch.a(ih_usart0_udre.o)
                                                  C:/ethernut-5.1\libnutarch.a(ih_usart0_rx.o)
                                                  C:/ethernut-5.1\libnutarch.a(ih_timer0_comp.o)
GetThreadByName                                   C:/ethernut-5.1\libnutos.a(thread.o)
NicInit                                           C:/ethernut-5.1\libnutarch.a(nicrtl.o)
                                                  C:/ethernut-5.1\libnutarch.a(eth0rtl.o)
NicOutput                                         C:/ethernut-5.1\libnutarch.a(nicrtl.o)
                                                  C:/ethernut-5.1\libnutarch.a(eth0rtl.o)
NicRx                                             C:/ethernut-5.1\libnutarch.a(nicrtl.o)
NutAppMain                                        rtu.o
                                                  C:/ethernut-5.1/nutinit.o
NutArchClockGet                                   C:/ethernut-5.1\libnutarch.a(ostimer.o)
                                                  C:/ethernut-5.1\libnutos.a(timer.o)
NutArpAllocNetBuf                                 C:/ethernut-5.1\libnutnet.a(arpout.o)
                                                  C:/ethernut-5.1\libnutnet.a(arpin.o)
                                                  C:/ethernut-5.1\libnutnet.a(arpcache.o)
NutArpCacheQuery                                  C:/ethernut-5.1\libnutnet.a(arpcache.o)
                                                  C:/ethernut-5.1\libnutnet.a(ipout.o)
NutArpCacheUpdate                                 C:/ethernut-5.1\libnutnet.a(arpcache.o)
                                                  C:/ethernut-5.1\libnutnet.a(arpin.o)
NutArpInput                                       C:/ethernut-5.1\libnutnet.a(arpin.o)
                                                  C:/ethernut-5.1\libnutnet.a(ethin.o)
NutArpOutput                                      C:/ethernut-5.1\libnutnet.a(arpout.o)
                                                  C:/ethernut-5.1\libnutnet.a(arpin.o)
                                                  C:/ethernut-5.1\libnutnet.a(arpcache.o)
NutClockSet                                       C:/ethernut-5.1\libnutos.a(timer.o)
NutDelay                                          C:/ethernut-5.1\libnutos.a(timer.o)
                                                  C:/ethernut-5.1\libnutarch.a(nicrtl.o)
                                                  C:/ethernut-5.1\libnutarch.a(usart1avr.o)
                                                  C:/ethernut-5.1\libnutarch.a(usart0avr.o)
NutDeviceLookup                                   C:/ethernut-5.1\libnutos.a(devreg.o)
                                                  C:/ethernut-5.1\libnutcrt.a(open.o)
                                                  C:/ethernut-5.1\libnutnet.a(ifconfig.o)
NutDeviceLookupType                               C:/ethernut-5.1\libnutos.a(devreg.o)
NutEtherInput                                     C:/ethernut-5.1\libnutnet.a(ethin.o)
                                                  C:/ethernut-5.1\libnutarch.a(eth0rtl.o)
NutEtherOutput                                    C:/ethernut-5.1\libnutnet.a(ethout.o)
                                                  C:/ethernut-5.1\libnutarch.a(eth0rtl.o)
NutEventBroadcast                                 C:/ethernut-5.1\libnutos.a(event.o)
                                                  C:/ethernut-5.1\libnutdev.a(usart.o)
                                                  C:/ethernut-5.1\libnutnet.a(arpcache.o)
                                                  C:/ethernut-5.1\libnutnet.a(tcpsm.o)
                                                  C:/ethernut-5.1\libnutnet.a(ifconfig.o)
NutEventBroadcastAsync                            C:/ethernut-5.1\libnutos.a(event.o)
                                                  C:/ethernut-5.1\libnutnet.a(arpcache.o)
NutEventPost                                      C:/ethernut-5.1\libnutos.a(event.o)
                                                  C:/ethernut-5.1\libnutnet.a(udpin.o)
                                                  C:/ethernut-5.1\libnutnet.a(tcpsm.o)
                                                  C:/ethernut-5.1\libnutnet.a(udpsock.o)
NutEventPostAsync                                 C:/ethernut-5.1\libnutos.a(event.o)
                                                  C:/ethernut-5.1\libnutos.a(thread.o)
                                                  C:/ethernut-5.1\libnutnet.a(tcpsm.o)
NutEventTimeout                                   C:/ethernut-5.1\libnutos.a(event.o)
NutEventWait                                      C:/ethernut-5.1\libnutos.a(event.o)
                                                  C:/ethernut-5.1\libnutdev.a(usart.o)
                                                  C:/ethernut-5.1\libnutarch.a(nicrtl.o)
                                                  C:/ethernut-5.1\libnutnet.a(arpcache.o)
                                                  C:/ethernut-5.1\libnutnet.a(tcpsm.o)
                                                  C:/ethernut-5.1\libnutnet.a(ifconfig.o)
                                                  C:/ethernut-5.1\libnutnet.a(udpsock.o)
                                                  C:/ethernut-5.1\libnutnet.a(tcpsock.o)
NutEventWaitNext                                  C:/ethernut-5.1\libnutos.a(event.o)
                                                  C:/ethernut-5.1\libnutdev.a(usart.o)
                                                  services.o
NutGetCpuClock                                    C:/ethernut-5.1\libnutos.a(timer.o)
                                                  C:/ethernut-5.1\libnutarch.a(usart1avr.o)
                                                  C:/ethernut-5.1\libnutarch.a(usart0avr.o)
NutGetMillis                                      C:/ethernut-5.1\libnutos.a(timer.o)
                                                  C:/ethernut-5.1\libnutnet.a(tcputil.o)
                                                  C:/ethernut-5.1\libnutnet.a(tcpsm.o)
                                                  C:/ethernut-5.1\libnutnet.a(tcpout.o)
                                                  C:/ethernut-5.1\libnutnet.a(udpsock.o)
                                                  C:/ethernut-5.1\libnutnet.a(tcpsock.o)
                                                  services.o
NutGetSeconds                                     C:/ethernut-5.1\libnutos.a(timer.o)
                                                  C:/ethernut-5.1\libnutnet.a(arpcache.o)
NutGetTickClock                                   C:/ethernut-5.1\libnutarch.a(ostimer.o)
                                                  C:/ethernut-5.1\libnutos.a(timer.o)
NutGetTickCount                                   C:/ethernut-5.1\libnutos.a(timer.o)
                                                  C:/ethernut-5.1\libnutnet.a(tcpsock.o)
NutHeapCheck                                      C:/ethernut-5.1\libnutos.a(heap.o)
NutHeapDump                                       C:/ethernut-5.1\libnutos.a(heap.o)
NutHeapRootAdd                                    C:/ethernut-5.1\libnutos.a(heap.o)
                                                  C:/ethernut-5.1/nutinit.o
NutHeapRootAlloc                                  C:/ethernut-5.1\libnutos.a(heap.o)
                                                  C:/ethernut-5.1\libnutcrt.a(malloc.o)
                                                  C:/ethernut-5.1\libnutdev.a(netbuf.o)
                                                  C:/ethernut-5.1\libnutarch.a(context_gcc.o)
                                                  C:/ethernut-5.1\libnutos.a(timer.o)
                                                  C:/ethernut-5.1\libnutnet.a(tcpsock.o)
NutHeapRootAllocClear                             C:/ethernut-5.1\libnutos.a(heap.o)
                                                  C:/ethernut-5.1\libnutdev.a(netbuf.o)
NutHeapRootAvailable                              C:/ethernut-5.1\libnutos.a(heap.o)
                                                  C:/ethernut-5.1\libnutnet.a(tcpsm.o)
NutHeapRootFree                                   C:/ethernut-5.1\libnutos.a(heap.o)
                                                  C:/ethernut-5.1\libnutcrt.a(malloc.o)
                                                  C:/ethernut-5.1\libnutdev.a(netbuf.o)
                                                  C:/ethernut-5.1\libnutos.a(timer.o)
                                                  C:/ethernut-5.1\libnutos.a(thread.o)
                                                  C:/ethernut-5.1\libnutnet.a(tcpsock.o)
NutHeapRootRealloc                                C:/ethernut-5.1\libnutos.a(heap.o)
NutHeapRootRegionAvailable                        C:/ethernut-5.1\libnutos.a(heap.o)
NutIcmpInput                                      C:/ethernut-5.1\libnutnet.a(icmpin.o)
                                                  C:/ethernut-5.1\libnutnet.a(ipin.o)
NutIcmpOutput                                     C:/ethernut-5.1\libnutnet.a(icmpout.o)
                                                  C:/ethernut-5.1\libnutnet.a(icmpin.o)
NutIcmpReply                                      C:/ethernut-5.1\libnutnet.a(icmpout.o)
NutIcmpResponse                                   C:/ethernut-5.1\libnutnet.a(icmpout.o)
                                                  C:/ethernut-5.1\libnutnet.a(ipin.o)
                                                  C:/ethernut-5.1\libnutnet.a(udpin.o)
NutIdle                                           C:/ethernut-5.1/nutinit.o
NutIgmpInput                                      C:/ethernut-5.1\libnutnet.a(igmpin.o)
                                                  C:/ethernut-5.1\libnutnet.a(ipin.o)
NutIgmpJoinGroup                                  C:/ethernut-5.1\libnutnet.a(igmp.o)
                                                  C:/ethernut-5.1\libnutnet.a(igmpin.o)
                                                  C:/ethernut-5.1\libnutnet.a(ifconfig.o)
NutIgmpLeaveGroup                                 C:/ethernut-5.1\libnutnet.a(igmp.o)
                                                  C:/ethernut-5.1\libnutnet.a(ifconfig.o)
NutInit                                           C:/ethernut-5.1/nutinit.o
NutIpChkSum                                       C:/ethernut-5.1\libnutnet.a(ipcsum.o)
                                                  C:/ethernut-5.1\libnutnet.a(igmp.o)
                                                  C:/ethernut-5.1\libnutnet.a(icmpout.o)
                                                  C:/ethernut-5.1\libnutnet.a(ipout.o)
                                                  C:/ethernut-5.1\libnutnet.a(udpout.o)
                                                  C:/ethernut-5.1\libnutnet.a(tcpout.o)
NutIpChkSumPartial                                C:/ethernut-5.1\libnutnet.a(ipcsum.o)
                                                  C:/ethernut-5.1\libnutnet.a(icmpout.o)
                                                  C:/ethernut-5.1\libnutnet.a(udpout.o)
                                                  C:/ethernut-5.1\libnutnet.a(tcpout.o)
NutIpForward                                      C:/ethernut-5.1\libnutnet.a(ipout.o)
                                                  C:/ethernut-5.1\libnutnet.a(ipin.o)
NutIpInput                                        C:/ethernut-5.1\libnutnet.a(ipin.o)
                                                  C:/ethernut-5.1\libnutnet.a(ethin.o)
NutIpOutput                                       C:/ethernut-5.1\libnutnet.a(ipout.o)
                                                  C:/ethernut-5.1\libnutnet.a(igmp.o)
                                                  C:/ethernut-5.1\libnutnet.a(icmpout.o)
                                                  C:/ethernut-5.1\libnutnet.a(udpout.o)
                                                  C:/ethernut-5.1\libnutnet.a(tcpsm.o)
                                                  C:/ethernut-5.1\libnutnet.a(tcpout.o)
NutIpPseudoChkSumPartial                          C:/ethernut-5.1\libnutnet.a(ipcsum.o)
                                                  C:/ethernut-5.1\libnutnet.a(udpout.o)
                                                  C:/ethernut-5.1\libnutnet.a(tcpout.o)
NutIpRouteAdd                                     C:/ethernut-5.1\libnutnet.a(route.o)
                                                  C:/ethernut-5.1\libnutnet.a(ifconfig.o)
                                                  rtu.o
NutIpRouteDel                                     C:/ethernut-5.1\libnutnet.a(route.o)
NutIpRouteDelAll                                  C:/ethernut-5.1\libnutnet.a(route.o)
NutIpRouteList                                    C:/ethernut-5.1\libnutnet.a(route.o)
NutIpRouteQuery                                   C:/ethernut-5.1\libnutnet.a(route.o)
                                                  C:/ethernut-5.1\libnutnet.a(ipout.o)
                                                  C:/ethernut-5.1\libnutnet.a(udpout.o)
                                                  C:/ethernut-5.1\libnutnet.a(tcpsm.o)
                                                  C:/ethernut-5.1\libnutnet.a(tcpsock.o)
NutIpSetInputFilter                               C:/ethernut-5.1\libnutnet.a(ipin.o)
NutIrqDisable                                     C:/ethernut-5.1\libnutdev.a(ihndlr.o)
NutIrqEnable                                      C:/ethernut-5.1\libnutdev.a(ihndlr.o)
NutIrqGetPriority                                 C:/ethernut-5.1\libnutdev.a(ihndlr.o)
NutIrqSetMode                                     C:/ethernut-5.1\libnutdev.a(ihndlr.o)
NutIrqSetPriority                                 C:/ethernut-5.1\libnutdev.a(ihndlr.o)
NutIrqStatus                                      C:/ethernut-5.1\libnutdev.a(ihndlr.o)
NutLoadConfig                                     C:/ethernut-5.1\libnutos.a(confos.o)
                                                  C:/ethernut-5.1/nutinit.o
NutMicroDelay                                     C:/ethernut-5.1\libnutos.a(timer.o)
NutNetBufAlloc                                    C:/ethernut-5.1\libnutdev.a(netbuf.o)
                                                  C:/ethernut-5.1\libnutnet.a(ethout.o)
                                                  C:/ethernut-5.1\libnutarch.a(nicrtl.o)
                                                  C:/ethernut-5.1\libnutnet.a(arpout.o)
                                                  C:/ethernut-5.1\libnutnet.a(igmp.o)
                                                  C:/ethernut-5.1\libnutnet.a(icmpout.o)
                                                  C:/ethernut-5.1\libnutnet.a(ipout.o)
                                                  C:/ethernut-5.1\libnutnet.a(udpout.o)
                                                  C:/ethernut-5.1\libnutnet.a(tcpout.o)
                                                  C:/ethernut-5.1\libnutnet.a(udpsock.o)
NutNetBufClone                                    C:/ethernut-5.1\libnutdev.a(netbuf.o)
NutNetBufClonePart                                C:/ethernut-5.1\libnutdev.a(netbuf.o)
                                                  C:/ethernut-5.1\libnutnet.a(ipout.o)
                                                  C:/ethernut-5.1\libnutnet.a(tcpout.o)
NutNetBufCollect                                  C:/ethernut-5.1\libnutdev.a(netbuf.o)
                                                  C:/ethernut-5.1\libnutnet.a(tcpsm.o)
NutNetBufFree                                     C:/ethernut-5.1\libnutdev.a(netbuf.o)
                                                  C:/ethernut-5.1\libnutnet.a(arpin.o)
                                                  C:/ethernut-5.1\libnutnet.a(ethout.o)
                                                  C:/ethernut-5.1\libnutnet.a(ethin.o)
                                                  C:/ethernut-5.1\libnutnet.a(arpcache.o)
                                                  C:/ethernut-5.1\libnutnet.a(igmpin.o)
                                                  C:/ethernut-5.1\libnutnet.a(icmpin.o)
                                                  C:/ethernut-5.1\libnutnet.a(ipout.o)
                                                  C:/ethernut-5.1\libnutnet.a(ipin.o)
                                                  C:/ethernut-5.1\libnutnet.a(udpin.o)
                                                  C:/ethernut-5.1\libnutnet.a(tcpsm.o)
                                                  C:/ethernut-5.1\libnutnet.a(tcpout.o)
                                                  C:/ethernut-5.1\libnutnet.a(tcpin.o)
                                                  C:/ethernut-5.1\libnutnet.a(udpsock.o)
                                                  C:/ethernut-5.1\libnutnet.a(tcpsock.o)
NutNetIfAddMcastAddr                              C:/ethernut-5.1\libnutnet.a(ifconfig.o)
NutNetIfConfig                                    C:/ethernut-5.1\libnutnet.a(ifconfig.o)
                                                  rtu.o
NutNetIfConfig2                                   C:/ethernut-5.1\libnutnet.a(ifconfig.o)
NutNetIfDelMcastAddr                              C:/ethernut-5.1\libnutnet.a(ifconfig.o)
NutNetIfSetup                                     C:/ethernut-5.1\libnutnet.a(ifconfig.o)
NutNetLoadConfig                                  C:/ethernut-5.1\libnutnet.a(confnet.o)
                                                  C:/ethernut-5.1\libnutarch.a(nicrtl.o)
                                                  network.o
NutNetSaveConfig                                  C:/ethernut-5.1\libnutnet.a(confnet.o)
                                                  C:/ethernut-5.1\libnutnet.a(ifconfig.o)
                                                  network.o
NutNvMemLoad                                      C:/ethernut-5.1\libnutdev.a(nvmem.o)
                                                  C:/ethernut-5.1\libnutos.a(confos.o)
                                                  C:/ethernut-5.1\libnutnet.a(confnet.o)
NutNvMemSave                                      C:/ethernut-5.1\libnutdev.a(nvmem.o)
                                                  C:/ethernut-5.1\libnutos.a(confos.o)
                                                  C:/ethernut-5.1\libnutnet.a(confnet.o)
NutRegisterDevice                                 C:/ethernut-5.1\libnutos.a(devreg.o)
                                                  uart.o
                                                  rtu.o
NutRegisterIpHandler                              C:/ethernut-5.1\libnutnet.a(ipdemux.o)
                                                  C:/ethernut-5.1\libnutnet.a(udpsock.o)
                                                  C:/ethernut-5.1\libnutnet.a(tcpsock.o)
NutRegisterIrqHandler                             C:/ethernut-5.1\libnutdev.a(ihndlr.o)
                                                  C:/ethernut-5.1\libnutarch.a(nicrtl.o)
                                                  C:/ethernut-5.1\libnutarch.a(usart1avr.o)
                                                  C:/ethernut-5.1\libnutarch.a(usart0avr.o)
                                                  C:/ethernut-5.1\libnutarch.a(ostimer.o)
NutRegisterTimer                                  C:/ethernut-5.1\libnutarch.a(ostimer.o)
                                                  C:/ethernut-5.1\libnutos.a(timer.o)
NutSaveConfig                                     C:/ethernut-5.1\libnutos.a(confos.o)
NutSleep                                          C:/ethernut-5.1\libnutos.a(timer.o)
                                                  C:/ethernut-5.1\libnutarch.a(nicrtl.o)
                                                  services.o
NutTcpAbortSocket                                 C:/ethernut-5.1\libnutnet.a(tcpsm.o)
                                                  C:/ethernut-5.1\libnutnet.a(icmpin.o)
NutTcpAccept                                      C:/ethernut-5.1\libnutnet.a(tcpsock.o)
                                                  network.o
NutTcpCalcRtt                                     C:/ethernut-5.1\libnutnet.a(tcputil.o)
                                                  C:/ethernut-5.1\libnutnet.a(tcpsm.o)
NutTcpCloseSocket                                 C:/ethernut-5.1\libnutnet.a(tcpsock.o)
                                                  network.o
NutTcpConnect                                     C:/ethernut-5.1\libnutnet.a(tcpsock.o)
NutTcpCreateSocket                                C:/ethernut-5.1\libnutnet.a(tcpsock.o)
                                                  network.o
NutTcpDestroySocket                               C:/ethernut-5.1\libnutnet.a(tcpsock.o)
                                                  C:/ethernut-5.1\libnutnet.a(tcpsm.o)
NutTcpDeviceIOCtl                                 C:/ethernut-5.1\libnutnet.a(tcpsock.o)
NutTcpDeviceRead                                  C:/ethernut-5.1\libnutnet.a(tcpsock.o)
NutTcpDeviceWrite                                 C:/ethernut-5.1\libnutnet.a(tcpsock.o)
NutTcpDeviceWrite_P                               C:/ethernut-5.1\libnutnet.a(tcpsock.o)
NutTcpDiscardBuffers                              C:/ethernut-5.1\libnutnet.a(tcpsock.o)
                                                  C:/ethernut-5.1\libnutnet.a(tcpsm.o)
NutTcpError                                       C:/ethernut-5.1\libnutnet.a(tcpsock.o)
                                                  network.o
NutTcpFindSocket                                  C:/ethernut-5.1\libnutnet.a(tcpsock.o)
                                                  C:/ethernut-5.1\libnutnet.a(icmpin.o)
                                                  C:/ethernut-5.1\libnutnet.a(tcpsm.o)
NutTcpGetSockOpt                                  C:/ethernut-5.1\libnutnet.a(tcpsock.o)
                                                  network.o
NutTcpInitStateMachine                            C:/ethernut-5.1\libnutnet.a(tcpsm.o)
                                                  C:/ethernut-5.1\libnutnet.a(tcpsock.o)
NutTcpInput                                       C:/ethernut-5.1\libnutnet.a(tcpin.o)
                                                  C:/ethernut-5.1\libnutnet.a(tcpsock.o)
NutTcpOutput                                      C:/ethernut-5.1\libnutnet.a(tcpout.o)
                                                  C:/ethernut-5.1\libnutnet.a(tcpsm.o)
                                                  C:/ethernut-5.1\libnutnet.a(tcpsock.o)
NutTcpReceive                                     C:/ethernut-5.1\libnutnet.a(tcpsock.o)
                                                  network.o
NutTcpReject                                      C:/ethernut-5.1\libnutnet.a(tcpout.o)
                                                  C:/ethernut-5.1\libnutnet.a(tcpsm.o)
NutTcpSend                                        C:/ethernut-5.1\libnutnet.a(tcpsock.o)
                                                  spi.o
                                                  network.o
NutTcpSetSockOpt                                  C:/ethernut-5.1\libnutnet.a(tcpsock.o)
                                                  network.o
NutTcpSm                                          C:/ethernut-5.1\libnutnet.a(tcpsm.o)
NutTcpStateActiveOpenEvent                        C:/ethernut-5.1\libnutnet.a(tcpsm.o)
                                                  C:/ethernut-5.1\libnutnet.a(tcpsock.o)
NutTcpStateCloseEvent                             C:/ethernut-5.1\libnutnet.a(tcpsm.o)
                                                  C:/ethernut-5.1\libnutnet.a(tcpsock.o)
NutTcpStateMachine                                C:/ethernut-5.1\libnutnet.a(tcpsm.o)
                                                  C:/ethernut-5.1\libnutnet.a(tcpin.o)
NutTcpStatePassiveOpenEvent                       C:/ethernut-5.1\libnutnet.a(tcpsm.o)
                                                  C:/ethernut-5.1\libnutnet.a(tcpsock.o)
NutTcpStateRetranTimeout                          C:/ethernut-5.1\libnutnet.a(tcpsm.o)
NutTcpStateWindowEvent                            C:/ethernut-5.1\libnutnet.a(tcpsm.o)
                                                  C:/ethernut-5.1\libnutnet.a(tcpsock.o)
NutThreadAddPriQueue                              C:/ethernut-5.1\libnutos.a(thread.o)
                                                  C:/ethernut-5.1\libnutarch.a(context_gcc.o)
                                                  C:/ethernut-5.1\libnutos.a(event.o)
NutThreadCreate                                   C:/ethernut-5.1\libnutarch.a(context_gcc.o)
                                                  C:/ethernut-5.1\libnutarch.a(nicrtl.o)
                                                  C:/ethernut-5.1\libnutnet.a(tcpsm.o)
                                                  C:/ethernut-5.1/nutinit.o
                                                  rtu.o
NutThreadDestroy                                  C:/ethernut-5.1\libnutos.a(thread.o)
                                                  C:/ethernut-5.1/nutinit.o
NutThreadExit                                     C:/ethernut-5.1\libnutos.a(thread.o)
NutThreadKill                                     C:/ethernut-5.1\libnutos.a(thread.o)
NutThreadRemoveQueue                              C:/ethernut-5.1\libnutos.a(thread.o)
                                                  C:/ethernut-5.1\libnutos.a(event.o)
                                                  C:/ethernut-5.1\libnutos.a(timer.o)
NutThreadResume                                   C:/ethernut-5.1\libnutos.a(thread.o)
                                                  C:/ethernut-5.1\libnutos.a(event.o)
                                                  C:/ethernut-5.1\libnutos.a(timer.o)
NutThreadSetPriority                              C:/ethernut-5.1\libnutos.a(thread.o)
                                                  C:/ethernut-5.1\libnutarch.a(nicrtl.o)
                                                  C:/ethernut-5.1\libnutnet.a(tcpsm.o)
                                                  C:/ethernut-5.1/nutinit.o
NutThreadSetSleepMode                             C:/ethernut-5.1/nutinit.o
NutThreadStackAvailable                           C:/ethernut-5.1\libnutos.a(thread.o)
NutThreadSwitch                                   C:/ethernut-5.1\libnutarch.a(context_gcc.o)
                                                  C:/ethernut-5.1\libnutos.a(thread.o)
NutThreadWake                                     C:/ethernut-5.1\libnutos.a(thread.o)
                                                  C:/ethernut-5.1\libnutos.a(timer.o)
NutThreadYield                                    C:/ethernut-5.1\libnutos.a(thread.o)
                                                  C:/ethernut-5.1\libnutarch.a(nicrtl.o)
                                                  C:/ethernut-5.1\libnutos.a(event.o)
                                                  C:/ethernut-5.1\libnutos.a(timer.o)
                                                  C:/ethernut-5.1\libnutnet.a(tcpsm.o)
                                                  C:/ethernut-5.1\libnutnet.a(tcpsock.o)
                                                  C:/ethernut-5.1/nutinit.o
                                                  spi.o
                                                  services.o
NutTimerCreate                                    C:/ethernut-5.1\libnutos.a(timer.o)
NutTimerInit                                      C:/ethernut-5.1\libnutos.a(timer.o)
                                                  C:/ethernut-5.1/nutinit.o
NutTimerInsert                                    C:/ethernut-5.1\libnutos.a(timer.o)
NutTimerIntr                                      C:/ethernut-5.1\libnutos.a(timer.o)
NutTimerMillisToTicks                             C:/ethernut-5.1\libnutarch.a(ostimer.o)
                                                  C:/ethernut-5.1\libnutos.a(timer.o)
NutTimerProcessElapsed                            C:/ethernut-5.1\libnutos.a(timer.o)
                                                  C:/ethernut-5.1\libnutos.a(thread.o)
NutTimerStart                                     C:/ethernut-5.1\libnutos.a(timer.o)
                                                  C:/ethernut-5.1\libnutos.a(event.o)
NutTimerStartTicks                                C:/ethernut-5.1\libnutos.a(timer.o)
NutTimerStop                                      C:/ethernut-5.1\libnutos.a(timer.o)
                                                  C:/ethernut-5.1\libnutos.a(event.o)
NutUdpCreateSocket                                C:/ethernut-5.1\libnutnet.a(udpsock.o)
                                                  network.o
NutUdpDestroySocket                               C:/ethernut-5.1\libnutnet.a(udpsock.o)
NutUdpError                                       C:/ethernut-5.1\libnutnet.a(udpsock.o)
NutUdpFindSocket                                  C:/ethernut-5.1\libnutnet.a(udpsock.o)
                                                  C:/ethernut-5.1\libnutnet.a(udpin.o)
NutUdpGetSockOpt                                  C:/ethernut-5.1\libnutnet.a(udpsock.o)
NutUdpInput                                       C:/ethernut-5.1\libnutnet.a(udpin.o)
                                                  C:/ethernut-5.1\libnutnet.a(udpsock.o)
NutUdpOutput                                      C:/ethernut-5.1\libnutnet.a(udpout.o)
                                                  C:/ethernut-5.1\libnutnet.a(udpsock.o)
NutUdpReceiveFrom                                 C:/ethernut-5.1\libnutnet.a(udpsock.o)
                                                  network.o
NutUdpSendTo                                      C:/ethernut-5.1\libnutnet.a(udpsock.o)
                                                  network.o
NutUdpSetSockOpt                                  C:/ethernut-5.1\libnutnet.a(udpsock.o)
NutUdpSetSocketError                              C:/ethernut-5.1\libnutnet.a(udpsock.o)
NutVersion                                        C:/ethernut-5.1\libnutos.a(version.o)
                                                  network.o
NutVersionString                                  C:/ethernut-5.1\libnutos.a(version.o)
OTAU_Thread                                       services.o
                                                  rtu.o
OnChipNvMemLoad                                   C:/ethernut-5.1\libnutarch.a(eeprom.o)
                                                  C:/ethernut-5.1\libnutdev.a(nvmem.o)
OnChipNvMemSave                                   C:/ethernut-5.1\libnutarch.a(eeprom.o)
                                                  C:/ethernut-5.1\libnutdev.a(nvmem.o)
Power_Led_Thread                                  services.o
                                                  rtu.o
Power_Sw_Thread                                   services.o
                                                  rtu.o
PrintNetworkParam                                 uart.o
                                                  network.o
                                                  rtu.o
ReflectThread                                     network.o
                                                  rtu.o
SPI_Receiver                                      spi.o
                                                  rtu.o
SPI_have_data                                     spi.o
                                                  network.o
SPI_init                                          spi.o
                                                  services.o
SPI_read_buffer                                   spi.o
SPI_read_byte                                     spi.o
                                                  network.o
SPI_write_buffer                                  spi.o
                                                  network.o
SPI_write_byte                                    spi.o
                                                  network.o
UdpFind                                           network.o
                                                  rtu.o
UsartClose                                        C:/ethernut-5.1\libnutdev.a(usart.o)
                                                  C:/ethernut-5.1\libnutarch.a(usart1avr.o)
                                                  C:/ethernut-5.1\libnutarch.a(usart0avr.o)
UsartIOCtl                                        C:/ethernut-5.1\libnutdev.a(usart.o)
                                                  C:/ethernut-5.1\libnutarch.a(usart1avr.o)
                                                  C:/ethernut-5.1\libnutarch.a(usart0avr.o)
UsartInit                                         C:/ethernut-5.1\libnutdev.a(usart.o)
                                                  C:/ethernut-5.1\libnutarch.a(usart1avr.o)