Archive member included because of file (symbol)

C:/ethernut-5.1\libnutnet.a(tcpsock.o)
                              network.o (NutTcpGetSockOpt)
C:/ethernut-5.1\libnutnet.a(udpsock.o)
                              network.o (NutUdpReceiveFrom)
C:/ethernut-5.1\libnutnet.a(ipdemux.o)
                              C:/ethernut-5.1\libnutnet.a(tcpsock.o) (NutRegisterIpHandler)
C:/ethernut-5.1\libnutnet.a(route.o)
                              C:/ethernut-5.1\libnutnet.a(tcpsock.o) (NutIpRouteQuery)
C:/ethernut-5.1\libnutnet.a(inet.o)
                              network.o (inet_addr)
C:/ethernut-5.1\libnutnet.a(ifconfig.o)
                              rtu.o (NutNetIfConfig)
C:/ethernut-5.1\libnutnet.a(confnet.o)
                              network.o (NutNetSaveConfig)
C:/ethernut-5.1\libnutnet.a(tcpin.o)
                              C:/ethernut-5.1\libnutnet.a(tcpsock.o) (NutTcpInput)
C:/ethernut-5.1\libnutnet.a(tcpout.o)
                              C:/ethernut-5.1\libnutnet.a(tcpsock.o) (NutTcpOutput)
C:/ethernut-5.1\libnutnet.a(tcpsm.o)
                              C:/ethernut-5.1\libnutnet.a(tcpsock.o) (NutTcpInitStateMachine)
C:/ethernut-5.1\libnutnet.a(tcputil.o)
                              C:/ethernut-5.1\libnutnet.a(tcpsm.o) (NutTcpCalcRtt)
C:/ethernut-5.1\libnutnet.a(udpin.o)
                              C:/ethernut-5.1\libnutnet.a(udpsock.o) (NutUdpInput)
C:/ethernut-5.1\libnutnet.a(udpout.o)
                              C:/ethernut-5.1\libnutnet.a(udpsock.o) (NutUdpOutput)
C:/ethernut-5.1\libnutnet.a(ipcsum.o)
                              C:/ethernut-5.1\libnutnet.a(tcpout.o) (NutIpChkSumPartial)
C:/ethernut-5.1\libnutnet.a(ipin.o)
                              C:/ethernut-5.1\libnutnet.a(ipdemux.o) (ip_demux)
C:/ethernut-5.1\libnutnet.a(ipout.o)
                              C:/ethernut-5.1\libnutnet.a(ipin.o) (NutIpForward)
C:/ethernut-5.1\libnutnet.a(icmpin.o)
                              C:/ethernut-5.1\libnutnet.a(ipin.o) (NutIcmpInput)
C:/ethernut-5.1\libnutnet.a(icmpout.o)
                              C:/ethernut-5.1\libnutnet.a(icmpin.o) (NutIcmpOutput)
C:/ethernut-5.1\libnutnet.a(igmp.o)
                              C:/ethernut-5.1\libnutnet.a(ifconfig.o) (NutIgmpLeaveGroup)
C:/ethernut-5.1\libnutnet.a(igmpin.o)
                              C:/ethernut-5.1\libnutnet.a(ipin.o) (NutIgmpInput)
C:/ethernut-5.1\libnutnet.a(arpcache.o)
                              C:/ethernut-5.1\libnutnet.a(ipout.o) (NutArpCacheQuery)
C:/ethernut-5.1\libnutnet.a(arpout.o)
                              C:/ethernut-5.1\libnutnet.a(arpcache.o) (NutArpOutput)
C:/ethernut-5.1\libnutos.a(version.o)
                              network.o (NutVersion)
C:/ethernut-5.1\libnutos.a(heap.o)
                              C:/ethernut-5.1\libnutnet.a(tcpsock.o) (NutHeapRootAlloc)
C:/ethernut-5.1\libnutos.a(thread.o)
                              C:/ethernut-5.1/nutinit.o (NutThreadDestroy)
C:/ethernut-5.1\libnutos.a(timer.o)
                              C:/ethernut-5.1\libnutnet.a(tcpsock.o) (NutGetTickCount)
C:/ethernut-5.1\libnutos.a(event.o)
                              C:/ethernut-5.1\libnutnet.a(tcpsm.o) (NutEventPostAsync)
C:/ethernut-5.1\libnutos.a(devreg.o)
                              C:/ethernut-5.1\libnutnet.a(ipout.o) (nutDeviceList)
C:/ethernut-5.1\libnutos.a(confos.o)
                              C:/ethernut-5.1/nutinit.o (NutLoadConfig)
C:/ethernut-5.1\libnutarch.a(context_gcc.o)
                              C:/ethernut-5.1\libnutos.a(thread.o) (NutThreadSwitch)
C:/ethernut-5.1\libnutarch.a(ostimer.o)
                              C:/ethernut-5.1\libnutos.a(timer.o) (NutArchClockGet)
C:/ethernut-5.1\libnutarch.a(ih_timer0_comp.o)
                              C:/ethernut-5.1\libnutarch.a(ostimer.o) (sig_OUTPUT_COMPARE0)
C:/ethernut-5.1\libnutarch.a(usart0avr.o)
                              uart.o (devUsartAvr0)
C:/ethernut-5.1\libnutarch.a(usart1avr.o)
                              uart.o (devUsartAvr1)
C:/ethernut-5.1\libnutarch.a(eth0rtl.o)
                              rtu.o (devEth0)
C:/ethernut-5.1\libnutarch.a(ih_usart0_rx.o)
                              C:/ethernut-5.1\libnutarch.a(usart0avr.o) (sig_UART0_RECV)
C:/ethernut-5.1\libnutarch.a(ih_usart0_udre.o)
                              C:/ethernut-5.1\libnutarch.a(usart0avr.o) (sig_UART0_DATA)
C:/ethernut-5.1\libnutarch.a(ih_usart1_rx.o)
                              C:/ethernut-5.1\libnutarch.a(usart1avr.o) (sig_UART1_RECV)
C:/ethernut-5.1\libnutarch.a(ih_usart1_udre.o)
                              C:/ethernut-5.1\libnutarch.a(usart1avr.o) (sig_UART1_DATA)
C:/ethernut-5.1\libnutarch.a(nicrtl.o)
                              C:/ethernut-5.1\libnutarch.a(eth0rtl.o) (NicInit)
C:/ethernut-5.1\libnutarch.a(ih_int5.o)
                              C:/ethernut-5.1\libnutarch.a(nicrtl.o) (sig_INTERRUPT5)
C:/ethernut-5.1\libnutdev.a(ihndlr.o)
                              C:/ethernut-5.1\libnutarch.a(ih_timer0_comp.o) (CallHandler)
[...]
Memory Configuration

Name             Origin             Length             Attributes
text             0x00000000         0x00020000         xr
data             0x00800060         0x0000ffa0         rw !x
eeprom           0x00810000         0x00010000         rw !x
fuse             0x00820000         0x00000400         rw !x
lock             0x00830000         0x00000400         rw !x
signature        0x00840000         0x00000400         rw !x
*default*        0x00000000         0xffffffff

Linker script and memory map

Address of section .data set to 0x800100
LOAD c:/winavr-20100110/bin/../lib/gcc/avr/4.3.3/../../../../avr/lib/avr51/crtm128.o
LOAD rtu.o
LOAD uart.o
LOAD network.o
LOAD services.o
LOAD dallas.o
LOAD spi.o
LOAD text_lcd_BOP_24_Rus.o
Address of section .uartloader set to 0x1f000
Address of section .bootloader set to 0x1f086
                0x00000000                main = 0x0
START GROUP
LOAD C:/ethernut-5.1/nutinit.o
LOAD C:/ethernut-5.1\libnutnet.a
LOAD C:/ethernut-5.1\libnutpro.a
LOAD C:/ethernut-5.1\libnutfs.a
LOAD C:/ethernut-5.1\libnutos.a
LOAD C:/ethernut-5.1\libnutarch.a
LOAD C:/ethernut-5.1\libnutdev.a
LOAD C:/ethernut-5.1\libnutnet.a
LOAD C:/ethernut-5.1\libnutcrt.a
END GROUP
LOAD c:/winavr-20100110/bin/../lib/gcc/avr/4.3.3/avr51\libgcc.a
LOAD c:/winavr-20100110/bin/../lib/gcc/avr/4.3.3/../../../../avr/lib/avr51\libc.a
LOAD c:/winavr-20100110/bin/../lib/gcc/avr/4.3.3/avr51\libgcc.a

.hash
 *(.hash)

.dynsym
 *(.dynsym)

.dynstr
 *(.dynstr)

.gnu.version
 *(.gnu.version)

.gnu.version_d
 *(.gnu.version_d)

.gnu.version_r
 *(.gnu.version_r)

.rel.init
 *(.rel.init)

.rela.init
 *(.rela.init)

.rel.text
 *(.rel.text)
 *(.rel.text.*)
 *(.rel.gnu.linkonce.t*)

.rela.text
 *(.rela.text)
 *(.rela.text.*)
 *(.rela.gnu.linkonce.t*)

.rel.fini
 *(.rel.fini)

.rela.fini
 *(.rela.fini)

.rel.rodata
 *(.rel.rodata)
 *(.rel.rodata.*)
 *(.rel.gnu.linkonce.r*)

.rela.rodata
 *(.rela.rodata)
 *(.rela.rodata.*)
 *(.rela.gnu.linkonce.r*)

.rel.data
 *(.rel.data)
 *(.rel.data.*)
 *(.rel.gnu.linkonce.d*)

.rela.data
 *(.rela.data)
 *(.rela.data.*)
 *(.rela.gnu.linkonce.d*)

.rel.ctors
 *(.rel.ctors)

.rela.ctors
 *(.rela.ctors)

.rel.dtors
 *(.rel.dtors)

.rela.dtors
 *(.rela.dtors)

.rel.got
 *(.rel.got)

.rela.got
 *(.rela.got)

.rel.bss
 *(.rel.bss)

.rela.bss
 *(.rela.bss)

.rel.plt
 *(.rel.plt)

.rela.plt
 *(.rela.plt)

.text           0x00000000     0xc7f4
 *(.vectors)
 .vectors       0x00000000       0x8c c:/winavr-20100110/bin/../lib/gcc/avr/4.3.3/../../../../avr/lib/avr51/crtm128.o
                0x00000000                __vectors
                0x00000000                __vector_default
 *(.vectors)
 *(.progmem.gcc*)
 .progmem.gcc_sw_table
                0x0000008c       0x62 C:/ethernut-5.1\libnutdev.a(usart.o)
 *(.progmem*)
                0x000000ee                . = ALIGN (0x2)
                0x000000ee                __trampolines_start = .
 *(.trampolines)
 .trampolines   0x000000ee        0x0 linker stubs
 *(.trampolines*)
                0x000000ee                __trampolines_end = .
 *(.jumptables)
 *(.jumptables*)
 *(.lowtext)
 *(.lowtext*)
                0x000000ee                __ctors_start = .
 *(.ctors)
                0x000000ee                __ctors_end = .
                0x000000ee                __dtors_start = .
 *(.dtors)
                0x000000ee                __dtors_end = .
 SORT(*)(.ctors)
 SORT(*)(.dtors)
 *(.init0)
 .init0         0x000000ee        0x0 c:/winavr-20100110/bin/../lib/gcc/avr/4.3.3/../../../../avr/lib/avr51/crtm128.o
                0x000000ee                __init
 *(.init0)
 *(.init1)
 .init1         0x000000ee        0x4 C:/ethernut-5.1/nutinit.o
 *(.init1)
 *(.init2)
 .init2         0x000000f2        0xc c:/winavr-20100110/bin/../lib/gcc/avr/4.3.3/../../../../avr/lib/avr51/crtm128.o
 *(.init2)
 *(.init3)
 *(.init3)
 *(.init4)
 .init4         0x000000fe       0x1a c:/winavr-20100110/bin/../lib/gcc/avr/4.3.3/../../../../avr/lib/avr51/crtm128.o
                0x000000fe                __do_copy_data
 .init4         0x00000118       0x10 c:/winavr-20100110/bin/../lib/gcc/avr/4.3.3/avr51\libgcc.a(_clear_bss.o)
                0x00000118                __do_clear_bss
 *(.init4)
 *(.init5)
 .init5         0x00000128       0x2a C:/ethernut-5.1/nutinit.o
 *(.init5)
 *(.init6)
 *(.init6)
 *(.init7)
 *(.init7)
 *(.init8)
 .init8         0x00000152       0x18 C:/ethernut-5.1/nutinit.o
                0x00000152                NutInit
 *(.init8)
 *(.init9)
 .init9         0x0000016a        0x8 c:/winavr-20100110/bin/../lib/gcc/avr/4.3.3/../../../../avr/lib/avr51/crtm128.o
 *(.init9)
 *(.text)
 .text          0x00000172        0x4 c:/winavr-20100110/bin/../lib/gcc/avr/4.3.3/../../../../avr/lib/avr51/crtm128.o
                0x00000172                __vector_22
                0x00000172                __vector_28
                0x00000172                __vector_1
                0x00000172                __vector_32
                0x00000172                __vector_34
                0x00000172                __vector_24
                0x00000172                __vector_12
                0x00000172                __bad_interrupt
                0x00000172                __vector_3
                0x00000172                __vector_23
                0x00000172                __vector_25
                0x00000172                __vector_11
                0x00000172                __vector_13
                0x00000172                __vector_17
                0x00000172                __vector_7
                0x00000172                __vector_27
                0x00000172                __vector_33
                0x00000172                __vector_4
                0x00000172                __vector_9
                0x00000172                __vector_21
                0x00000172                __vector_29
                0x00000172                __vector_8
                0x00000172                __vector_26
                0x00000172                __vector_10
                0x00000172                __vector_16
                0x00000172                __vector_20
                0x00000176                . = ALIGN (0x2)
 *(.text.*)
 .text.NutAppMain
                0x00000176      0x346 rtu.o
                0x00000176                NutAppMain
 .text.PrintNetworkParam
                0x000004bc      0x138 uart.o
                0x000004bc                PrintNetworkParam
 .text.initUart
                0x000005f4       0xec uart.o
                0x000005f4                initUart
 .text.UdpFind  0x000006e0      0x342 network.o
                0x000006e0                UdpFind
 .text.ReflectThread
                0x00000a22      0x500 network.o
                0x00000a22                ReflectThread
 .text.loopNetwork
                0x00000f22      0xbbe network.o
                0x00000f22                loopNetwork
 .text.defaultNet
                0x00001ae0       0x92 network.o
                0x00001ae0                defaultNet
 .text.initNetwork
                0x00001b72       0x12 network.o
                0x00001b72                initNetwork
 .text.init_key
                0x00001b84       0x18 services.o
                0x00001b84                init_key
 .text.enable_int_key
                0x00001b9c        0x8 services.o
                0x00001b9c                enable_int_key
 .text.disable_int_key
                0x00001ba4        0x8 services.o
                0x00001ba4                disable_int_key
 .text.init_power_pc
                0x00001bac       0x1c services.o
                0x00001bac                init_power_pc
 .text.reset_ext
                0x00001bc8       0x5e services.o
                0x00001bc8                reset_ext
 .text.set_start_time_min
                0x00001c26        0x2 services.o
                0x00001c26                set_start_time_min
 .text.set_start_time_sec
                0x00001c28        0x2 services.o
                0x00001c28                set_start_time_sec
 .text.ac_ii_init
                0x00001c2a        0xa services.o
                0x00001c2a                ac_ii_init
 .text.set_power_ac
                0x00001c34       0x18 services.o
                0x00001c34                set_power_ac
 .text.set_power_ii
                0x00001c4c       0x18 services.o
                0x00001c4c                set_power_ii
 .text.otau_get_count_channels
                0x00001c64        0x6 services.o
                0x00001c64                otau_get_count_channels
 .text.otdr_reset
                0x00001c6a       0x20 services.o
                0x00001c6a                otdr_reset
 .text.init_timer1
                0x00001c8a       0x14 services.o
                0x00001c8a                init_timer1
 .text.enable_timer1
                0x00001c9e        0x8 services.o
                0x00001c9e                enable_timer1
 .text.disable_timer1
                0x00001ca6        0x6 services.o
                0x00001ca6                disable_timer1
 .text.stop_timer1
                0x00001cac        0xa services.o
                0x00001cac                stop_timer1
 .text.charon_reset
                0x00001cb6       0x14 services.o
                0x00001cb6                charon_reset
 .text.__vector_5
                0x00001cca       0x5e services.o
                0x00001cca                __vector_5
 .text.__vector_2
                0x00001d28       0x64 services.o
                0x00001d28                __vector_2
 .text.otdr_init
                0x00001d8c        0xe services.o
                0x00001d8c                otdr_init
 .text.otau_reset
                0x00001d9a       0x1c services.o
                0x00001d9a                otau_reset
 .text.otau_get_channel
                0x00001db6      0x146 services.o
                0x00001db6                otau_get_channel
 .text.otau_check_alive
                0x00001efc        0xa services.o
                0x00001efc                otau_check_alive
 .text.otau_init
                0x00001f06      0x184 services.o
                0x00001f06                otau_init
 .text.otau_set_channel
                0x0000208a       0xba services.o
                0x0000208a                otau_set_channel
 .text.write_ini
                0x00002144        0xe services.o
                0x00002144                write_ini
 .text.read_ini
                0x00002152        0xe services.o
                0x00002152                read_ini
 .text.set_power_sw
                0x00002160        0xc services.o
                0x00002160                set_power_sw
 .text.Power_Led_Thread
                0x0000216c       0x70 services.o
                0x0000216c                Power_Led_Thread
 .text.Power_Sw_Thread
                0x000021dc       0x92 services.o
                0x000021dc                Power_Sw_Thread
 .text.set_rtu_number
                0x0000226e       0x26 services.o
                0x0000226e                set_rtu_number
 .text.get_rtu_number
                0x00002294       0x14 services.o
                0x00002294                get_rtu_number
 .text.WIN_Load_Thread
                0x000022a8      0x10a services.o
                0x000022a8                WIN_Load_Thread
 .text.OTAU_Thread
                0x000023b2       0xe4 services.o
                0x000023b2                OTAU_Thread
 .text.__vector_14
                0x00002496       0x92 services.o
                0x00002496                __vector_14
 .text.ds_reset
                0x00002528       0x3e dallas.o
                0x00002528                ds_reset
 .text.ds_shout
                0x00002566       0x44 dallas.o
                0x00002566                ds_shout
 .text.ds_shin  0x000025aa       0x32 dallas.o
                0x000025aa                ds_shin
 .text.ds_convert_temperature_command
                0x000025dc       0x12 dallas.o
                0x000025dc                ds_convert_temperature_command
 .text.ds_read_temperature_command
                0x000025ee       0xd0 dallas.o
                0x000025ee                ds_read_temperature_command
 .text.ds_set_resolution
                0x000026be       0x34 dallas.o
                0x000026be                ds_set_resolution
 .text.SPI_init
                0x000026f2       0x18 spi.o
                0x000026f2                SPI_init
 .text.SPI_have_data
                0x0000270a        0x8 spi.o
                0x0000270a                SPI_have_data
 .text.SPI_write_byte
                0x00002712       0x10 spi.o
                0x00002712                SPI_write_byte
 .text.SPI_read_byte
                0x00002722        0xa spi.o
                0x00002722                SPI_read_byte
 .text.SPI_read_buffer
                0x0000272c       0x4a spi.o
                0x0000272c                SPI_read_buffer
 .text.SPI_write_buffer
                0x00002776       0x2c spi.o
                0x00002776                SPI_write_buffer
 .text.SPI_Receiver
                0x000027a2       0x42 spi.o
                0x000027a2                SPI_Receiver
 .text.display_set_channel
                0x000027e4        0x2 text_lcd_BOP_24_Rus.o
                0x000027e4                display_set_channel
 .text.display_write_byte
                0x000027e6      0x130 text_lcd_BOP_24_Rus.o
                0x000027e6                display_write_byte
 .text.display_set_cursor_pos
                0x00002916       0x1e text_lcd_BOP_24_Rus.o
                0x00002916                display_set_cursor_pos
 .text.display_clear_screen
                0x00002934        0xa text_lcd_BOP_24_Rus.o
                0x00002934                display_clear_screen
 .text.display_show_string_BOP
                0x0000293e       0x2c text_lcd_BOP_24_Rus.o
                0x0000293e                display_show_string_BOP
 .text.display_set_font
                0x0000296a       0x2c text_lcd_BOP_24_Rus.o
                0x0000296a                display_set_font
 .text.display_init
                0x00002996       0xca text_lcd_BOP_24_Rus.o
                0x00002996                display_init
 .text.display_show_string
                0x00002a60       0x20 text_lcd_BOP_24_Rus.o
                0x00002a60                display_show_string
 .text.display_show
                0x00002a80      0x280 text_lcd_BOP_24_Rus.o
                0x00002a80                display_show
 .text.NutIdle  0x00002d00       0x52 C:/ethernut-5.1/nutinit.o
                0x00002d00                NutIdle
 .text.NutTcpFindSocket
                0x00002d52       0x80 C:/ethernut-5.1\libnutnet.a(tcpsock.o)
                0x00002d52                NutTcpFindSocket
 .text.NutTcpGetSockOpt
                0x00002dd2       0xd8 C:/ethernut-5.1\libnutnet.a(tcpsock.o)
                0x00002dd2                NutTcpGetSockOpt
 .text.NutTcpError
                0x00002eaa       0x18 C:/ethernut-5.1\libnutnet.a(tcpsock.o)
                0x00002eaa                NutTcpError
 .text.NutTcpDeviceIOCtl
                0x00002ec2       0x66 C:/ethernut-5.1\libnutnet.a(tcpsock.o)
                0x00002ec2                NutTcpDeviceIOCtl
 .text.NutTcpDiscardBuffers
                0x00002f28       0x6c C:/ethernut-5.1\libnutnet.a(tcpsock.o)
                0x00002f28                NutTcpDiscardBuffers
 .text.NutTcpReceive
                0x00002f94      0x254 C:/ethernut-5.1\libnutnet.a(tcpsock.o)
                0x00002f94                NutTcpReceive
 .text.NutTcpDeviceRead
                0x000031e8        0x6 C:/ethernut-5.1\libnutnet.a(tcpsock.o)
                0x000031e8                NutTcpDeviceRead
 .text.NutTcpSend
                0x000031ee       0xfe C:/ethernut-5.1\libnutnet.a(tcpsock.o)
                0x000031ee                NutTcpSend
 .text.SendBuffer
                0x000032ec       0x58 C:/ethernut-5.1\libnutnet.a(tcpsock.o)
 .text.NutTcpDeviceWrite
                0x00003344      0x20a C:/ethernut-5.1\libnutnet.a(tcpsock.o)
                0x00003344                NutTcpDeviceWrite
 .text.NutTcpDeviceWrite_P
                0x0000354e       0x6c C:/ethernut-5.1\libnutnet.a(tcpsock.o)
                0x0000354e                NutTcpDeviceWrite_P
 .text.NutTcpCloseSocket
                0x000035ba       0x1e C:/ethernut-5.1\libnutnet.a(tcpsock.o)
                0x000035ba                NutTcpCloseSocket
 .text.NutTcpSetSockOpt
                0x000035d8      0x118 C:/ethernut-5.1\libnutnet.a(tcpsock.o)
                0x000035d8                NutTcpSetSockOpt
 .text.NutTcpAccept
                0x000036f0       0x12 C:/ethernut-5.1\libnutnet.a(tcpsock.o)
                0x000036f0                NutTcpAccept
 .text.NutTcpCreateSocket
                0x00003702       0xea C:/ethernut-5.1\libnutnet.a(tcpsock.o)
                0x00003702                NutTcpCreateSocket
 .text.NutTcpDestroySocket
                0x000037ec       0x64 C:/ethernut-5.1\libnutnet.a(tcpsock.o)
                0x000037ec                NutTcpDestroySocket
 .text.NutUdpFindSocket
                0x00003850       0x2c C:/ethernut-5.1\libnutnet.a(udpsock.o)
                0x00003850                NutUdpFindSocket
 .text.NutUdpReceiveFrom
                0x0000387c       0xd6 C:/ethernut-5.1\libnutnet.a(udpsock.o)
                0x0000387c                NutUdpReceiveFrom
 .text.NutUdpSendTo
                0x00003952       0x8c C:/ethernut-5.1\libnutnet.a(udpsock.o)
                0x00003952                NutUdpSendTo
 .text.NutUdpCreateSocket
                0x000039de       0xce C:/ethernut-5.1\libnutnet.a(udpsock.o)
                0x000039de                NutUdpCreateSocket
 .text.NutIpDemux
                0x00003aac       0x66 C:/ethernut-5.1\libnutnet.a(ipdemux.o)
 .text.NutRegisterIpHandler
                0x00003b12       0x8c C:/ethernut-5.1\libnutnet.a(ipdemux.o)
                0x00003b12                NutRegisterIpHandler
 .text.NutIpRouteQuery
                0x00003b9e       0xf6 C:/ethernut-5.1\libnutnet.a(route.o)
                0x00003b9e                NutIpRouteQuery
 .text.NutIpRouteAdd
                0x00003c94       0xcc C:/ethernut-5.1\libnutnet.a(route.o)
                0x00003c94                NutIpRouteAdd
 .text.inet_addr
                0x00003d60       0xa4 C:/ethernut-5.1\libnutnet.a(inet.o)
                0x00003d60                inet_addr
 .text.inet_ntoa
                0x00003e04       0xd2 C:/ethernut-5.1\libnutnet.a(inet.o)
                0x00003e04                inet_ntoa
 .text.NutNetIfSetup
                0x00003ed6      0x208 C:/ethernut-5.1\libnutnet.a(ifconfig.o)
                0x00003ed6                NutNetIfSetup
 .text.NutNetIfConfig2
                0x000040de      0x1e0 C:/ethernut-5.1\libnutnet.a(ifconfig.o)
                0x000040de                NutNetIfConfig2
 .text.NutNetIfConfig
                0x000042be       0x2c C:/ethernut-5.1\libnutnet.a(ifconfig.o)
                0x000042be                NutNetIfConfig
 .text.NutNetSaveConfig
                0x000042ea       0x28 C:/ethernut-5.1\libnutnet.a(confnet.o)
                0x000042ea                NutNetSaveConfig
 .text.NutNetLoadConfig
                0x00004312       0x60 C:/ethernut-5.1\libnutnet.a(confnet.o)
                0x00004312                NutNetLoadConfig
 .text.NutTcpInput
                0x00004372       0x70 C:/ethernut-5.1\libnutnet.a(tcpin.o)
                0x00004372                NutTcpInput
 .text.NutTcpReject
                0x000043e2      0x124 C:/ethernut-5.1\libnutnet.a(tcpout.o)
                0x000043e2                NutTcpReject
 .text.NutTcpOutput
                0x00004506      0x3c2 C:/ethernut-5.1\libnutnet.a(tcpout.o)
                0x00004506                NutTcpOutput
 .text.NutTcpInputOptions
                0x000048c8       0x82 C:/ethernut-5.1\libnutnet.a(tcpsm.o)
 .text.NutTcpAbortSocket
                0x0000494a       0x5e C:/ethernut-5.1\libnutnet.a(tcpsm.o)
                0x0000494a                NutTcpAbortSocket
 .text.NutTcpInitStateMachine
                0x000049a8       0x3a C:/ethernut-5.1\libnutnet.a(tcpsm.o)
                0x000049a8                NutTcpInitStateMachine
 .text.NutTcpStateMachine
                0x000049e2       0xc2 C:/ethernut-5.1\libnutnet.a(tcpsm.o)
                0x000049e2                NutTcpStateMachine
 .text.NutTcpStateWindowEvent
                0x00004aa4       0x28 C:/ethernut-5.1\libnutnet.a(tcpsm.o)
                0x00004aa4                NutTcpStateWindowEvent
 .text.NutTcpProcessAppData
                0x00004acc      0x12c C:/ethernut-5.1\libnutnet.a(tcpsm.o)
 .text.NutTcpStateChange
                0x00004bf8      0x16a C:/ethernut-5.1\libnutnet.a(tcpsm.o)
 .text.NutTcpProcessSyn
                0x00004d62       0xec C:/ethernut-5.1\libnutnet.a(tcpsm.o)
 .text.NutTcpStateRetranTimeout
                0x00004e4e       0x94 C:/ethernut-5.1\libnutnet.a(tcpsm.o)
                0x00004e4e                NutTcpStateRetranTimeout
 .text.NutTcpProcessAck
                0x00004ee2      0x236 C:/ethernut-5.1\libnutnet.a(tcpsm.o)
 .text.NutTcpStateProcess
                0x00005118      0x8d0 C:/ethernut-5.1\libnutnet.a(tcpsm.o)
 .text.NutTcpStatePassiveOpenEvent
                0x000059e8       0xf4 C:/ethernut-5.1\libnutnet.a(tcpsm.o)
                0x000059e8                NutTcpStatePassiveOpenEvent
 .text.NutTcpSm
                0x00005adc      0x270 C:/ethernut-5.1\libnutnet.a(tcpsm.o)
                0x00005adc                NutTcpSm
 .text.NutTcpStateCloseEvent
                0x00005d4c       0x60 C:/ethernut-5.1\libnutnet.a(tcpsm.o)
                0x00005d4c                NutTcpStateCloseEvent
 .text.NutTcpCalcRtt
                0x00005dac       0x70 C:/ethernut-5.1\libnutnet.a(tcputil.o)
                0x00005dac                NutTcpCalcRtt
 .text.NutUdpInput
                0x00005e1c      0x114 C:/ethernut-5.1\libnutnet.a(udpin.o)
                0x00005e1c                NutUdpInput
 .text.NutUdpOutput
                0x00005f30      0x12a C:/ethernut-5.1\libnutnet.a(udpout.o)
                0x00005f30                NutUdpOutput
 .text.NutIpChkSumPartial
                0x0000605a       0x6c C:/ethernut-5.1\libnutnet.a(ipcsum.o)
                0x0000605a                NutIpChkSumPartial
 .text.NutIpChkSum
                0x000060c6        0xe C:/ethernut-5.1\libnutnet.a(ipcsum.o)
                0x000060c6                NutIpChkSum
 .text.NutIpPseudoChkSumPartial
                0x000060d4       0x62 C:/ethernut-5.1\libnutnet.a(ipcsum.o)
                0x000060d4                NutIpPseudoChkSumPartial
 .text.NutIpInput
                0x00006136      0x1f4 C:/ethernut-5.1\libnutnet.a(ipin.o)
                0x00006136                NutIpInput
 .text.NutIpForward
                0x0000632a        0x6 C:/ethernut-5.1\libnutnet.a(ipout.o)
                0x0000632a                NutIpForward
 .text.NutIpOutput
                0x00006330      0x39e C:/ethernut-5.1\libnutnet.a(ipout.o)
                0x00006330                NutIpOutput
 .text.NutIcmpInput
                0x000066ce      0x124 C:/ethernut-5.1\libnutnet.a(icmpin.o)
                0x000066ce                NutIcmpInput
 .text.NutIcmpOutput
                0x000067f2       0x68 C:/ethernut-5.1\libnutnet.a(icmpout.o)
                0x000067f2                NutIcmpOutput
 .text.NutIcmpReply
                0x0000685a       0x74 C:/ethernut-5.1\libnutnet.a(icmpout.o)
                0x0000685a                NutIcmpReply
 .text.NutIcmpResponse
                0x000068ce       0xa8 C:/ethernut-5.1\libnutnet.a(icmpout.o)
                0x000068ce                NutIcmpResponse
 .text.SendIgmpMessage
                0x00006976       0x84 C:/ethernut-5.1\libnutnet.a(igmp.o)
 .text.NutIgmpJoinGroup
                0x000069fa        0xc C:/ethernut-5.1\libnutnet.a(igmp.o)
                0x000069fa                NutIgmpJoinGroup
 .text.NutIgmpInput
                0x00006a06       0x80 C:/ethernut-5.1\libnutnet.a(igmpin.o)
                0x00006a06                NutIgmpInput
 .text.ArpCacheFlush
                0x00006a86       0x52 C:/ethernut-5.1\libnutnet.a(arpcache.o)
 .text.ArpCacheAging
                0x00006ad8       0xa6 C:/ethernut-5.1\libnutnet.a(arpcache.o)
 .text.ArpCacheNew
                0x00006b7e       0x88 C:/ethernut-5.1\libnutnet.a(arpcache.o)
 .text.NutArpCacheQuery
                0x00006c06      0x210 C:/ethernut-5.1\libnutnet.a(arpcache.o)
                0x00006c06                NutArpCacheQuery
 .text.NutArpCacheUpdate
                0x00006e16       0x62 C:/ethernut-5.1\libnutnet.a(arpcache.o)
                0x00006e16                NutArpCacheUpdate
 .text.NutArpOutput
                0x00006e78       0x6c C:/ethernut-5.1\libnutnet.a(arpout.o)
                0x00006e78                NutArpOutput
 .text.NutArpAllocNetBuf
                0x00006ee4       0xb8 C:/ethernut-5.1\libnutnet.a(arpout.o)
                0x00006ee4                NutArpAllocNetBuf
 .text.NutVersion
                0x00006f9c        0xa C:/ethernut-5.1\libnutos.a(version.o)
                0x00006f9c                NutVersion
 .text.NutHeapRootAlloc
                0x00006fa6       0xb0 C:/ethernut-5.1\libnutos.a(heap.o)
                0x00006fa6                NutHeapRootAlloc
 .text.NutHeapRootFree
                0x00007056       0xd8 C:/ethernut-5.1\libnutos.a(heap.o)
                0x00007056                NutHeapRootFree
 .text.NutHeapRootAdd
                0x0000712e       0x22 C:/ethernut-5.1\libnutos.a(heap.o)
                0x0000712e                NutHeapRootAdd
 .text.NutHeapRootAvailable
                0x00007150       0x26 C:/ethernut-5.1\libnutos.a(heap.o)
                0x00007150                NutHeapRootAvailable
 .text.NutHeapRootAllocClear
                0x00007176       0x2e C:/ethernut-5.1\libnutos.a(heap.o)
                0x00007176                NutHeapRootAllocClear
 .text.NutThreadAddPriQueue
                0x000071a4       0xb2 C:/ethernut-5.1\libnutos.a(thread.o)
                0x000071a4                NutThreadAddPriQueue
 .text.NutThreadRemoveQueue
                0x00007256       0x8e C:/ethernut-5.1\libnutos.a(thread.o)
                0x00007256                NutThreadRemoveQueue
 .text.NutThreadWake
                0x000072e4       0x16 C:/ethernut-5.1\libnutos.a(thread.o)
                0x000072e4                NutThreadWake
 .text.NutThreadDestroy
                0x000072fa       0x22 C:/ethernut-5.1\libnutos.a(thread.o)
                0x000072fa                NutThreadDestroy
 .text.NutThreadKill
                0x0000731c       0x4e C:/ethernut-5.1\libnutos.a(thread.o)
                0x0000731c                NutThreadKill
 .text.NutThreadSetPriority
                0x0000736a       0x6e C:/ethernut-5.1\libnutos.a(thread.o)
                0x0000736a                NutThreadSetPriority
 .text.NutThreadResume
                0x000073d8       0x8a C:/ethernut-5.1\libnutos.a(thread.o)
                0x000073d8                NutThreadResume
 .text.NutThreadYield
                0x00007462       0x30 C:/ethernut-5.1\libnutos.a(thread.o)
                0x00007462                NutThreadYield
 .text.NutTimerIntr
                0x00007492       0x28 C:/ethernut-5.1\libnutos.a(timer.o)
                0x00007492                NutTimerIntr
 .text.NutTimerInsert
                0x000074ba       0x86 C:/ethernut-5.1\libnutos.a(timer.o)
                0x000074ba                NutTimerInsert
 .text.NutTimerStop
                0x00007540       0x80 C:/ethernut-5.1\libnutos.a(timer.o)
                0x00007540                NutTimerStop
 .text.NutGetTickCount
                0x000075c0       0x20 C:/ethernut-5.1\libnutos.a(timer.o)
                0x000075c0                NutGetTickCount
 .text.NutGetCpuClock
                0x000075e0       0x40 C:/ethernut-5.1\libnutos.a(timer.o)
                0x000075e0                NutGetCpuClock
 .text.NutMicroDelay
                0x00007620       0x40 C:/ethernut-5.1\libnutos.a(timer.o)
                0x00007620                NutMicroDelay
 .text.NutDelay
                0x00007660       0x1c C:/ethernut-5.1\libnutos.a(timer.o)
                0x00007660                NutDelay
 .text.NutGetMillis
                0x0000767c       0xd8 C:/ethernut-5.1\libnutos.a(timer.o)
                0x0000767c                NutGetMillis
 .text.NutGetSeconds
                0x00007754       0x40 C:/ethernut-5.1\libnutos.a(timer.o)
                0x00007754                NutGetSeconds
 .text.NutTimerCreate
                0x00007794       0xa2 C:/ethernut-5.1\libnutos.a(timer.o)
                0x00007794                NutTimerCreate
 .text.NutTimerStartTicks
                0x00007836       0x1e C:/ethernut-5.1\libnutos.a(timer.o)
                0x00007836                NutTimerStartTicks
 .text.NutTimerStart
                0x00007854       0x26 C:/ethernut-5.1\libnutos.a(timer.o)
                0x00007854                NutTimerStart
 .text.NutSleep
                0x0000787a       0x9e C:/ethernut-5.1\libnutos.a(timer.o)
                0x0000787a                NutSleep
 .text.NutTimerProcessElapsed
                0x00007918      0x11c C:/ethernut-5.1\libnutos.a(timer.o)
                0x00007918                NutTimerProcessElapsed
 .text.NutTimerInit
                0x00007a34       0x10 C:/ethernut-5.1\libnutos.a(timer.o)
                0x00007a34                NutTimerInit
 .text.NutEventPostAsync
                0x00007a44       0xa0 C:/ethernut-5.1\libnutos.a(event.o)
                0x00007a44                NutEventPostAsync
 .text.NutEventBroadcastAsync
                0x00007ae4       0x70 C:/ethernut-5.1\libnutos.a(event.o)
                0x00007ae4                NutEventBroadcastAsync
 .text.NutEventBroadcast
                0x00007b54       0x1a C:/ethernut-5.1\libnutos.a(event.o)
                0x00007b54                NutEventBroadcast
 .text.NutEventPost
                0x00007b6e       0x1a C:/ethernut-5.1\libnutos.a(event.o)
                0x00007b6e                NutEventPost
 .text.NutEventTimeout
                0x00007b88       0x90 C:/ethernut-5.1\libnutos.a(event.o)
                0x00007b88                NutEventTimeout
 .text.NutEventWait
                0x00007c18       0xc8 C:/ethernut-5.1\libnutos.a(event.o)
                0x00007c18                NutEventWait
 .text.NutEventWaitNext
                0x00007ce0       0x22 C:/ethernut-5.1\libnutos.a(event.o)
                0x00007ce0                NutEventWaitNext
 .text.NutDeviceLookup
                0x00007d02       0x38 C:/ethernut-5.1\libnutos.a(devreg.o)
                0x00007d02                NutDeviceLookup
 .text.NutRegisterDevice
                0x00007d3a       0x56 C:/ethernut-5.1\libnutos.a(devreg.o)
                0x00007d3a                NutRegisterDevice
 .text.NutLoadConfig
                0x00007d90       0x4a C:/ethernut-5.1\libnutos.a(confos.o)
                0x00007d90                NutLoadConfig
 .text.NutThreadEntry
                0x00007dda       0x10 C:/ethernut-5.1\libnutarch.a(context_gcc.o)
 .text.NutThreadSwitch
                0x00007dea       0x76 C:/ethernut-5.1\libnutarch.a(context_gcc.o)
                0x00007e1e                thread_start
                0x00007dea                NutThreadSwitch
 .text.NutThreadCreate
                0x00007e60      0x140 C:/ethernut-5.1\libnutarch.a(context_gcc.o)
                0x00007e60                NutThreadCreate
 .text.NutArchClockGet
                0x00007fa0       0x12 C:/ethernut-5.1\libnutarch.a(ostimer.o)
                0x00007fa0                NutArchClockGet
 .text.NutGetTickClock
                0x00007fb2        0xa C:/ethernut-5.1\libnutarch.a(ostimer.o)
                0x00007fb2                NutGetTickClock
 .text.NutTimerMillisToTicks
                0x00007fbc       0x5c C:/ethernut-5.1\libnutarch.a(ostimer.o)
                0x00007fbc                NutTimerMillisToTicks
 .text.NutRegisterTimer
                0x00008018       0xa0 C:/ethernut-5.1\libnutarch.a(ostimer.o)
                0x00008018                NutRegisterTimer
 .text.AvrTimer0CompIrqCtl
                0x000080b8       0x90 C:/ethernut-5.1\libnutarch.a(ih_timer0_comp.o)
 .text.__vector_15
                0x00008148       0x54 C:/ethernut-5.1\libnutarch.a(ih_timer0_comp.o)
                0x00008148                __vector_15
 .text.AvrUsartTxEmpty
                0x0000819c       0xe0 C:/ethernut-5.1\libnutarch.a(usart0avr.o)
 .text.AvrUsartRxComplete
                0x0000827c       0xf4 C:/ethernut-5.1\libnutarch.a(usart0avr.o)
 .text.AvrUsartGetDataBits
                0x00008370       0x30 C:/ethernut-5.1\libnutarch.a(usart0avr.o)
 .text.AvrUsartGetParity
                0x000083a0       0x1c C:/ethernut-5.1\libnutarch.a(usart0avr.o)
 .text.AvrUsartGetStopBits
                0x000083bc       0x10 C:/ethernut-5.1\libnutarch.a(usart0avr.o)
 .text.AvrUsartGetStatus
                0x000083cc       0x70 C:/ethernut-5.1\libnutarch.a(usart0avr.o)
 .text.AvrUsartSetStatus
                0x0000843c       0xba C:/ethernut-5.1\libnutarch.a(usart0avr.o)
 .text.AvrUsartGetClockMode
                0x000084f6       0x2c C:/ethernut-5.1\libnutarch.a(usart0avr.o)
 .text.AvrUsartGetFlowControl
                0x00008522       0x20 C:/ethernut-5.1\libnutarch.a(usart0avr.o)
 .text.AvrUsartSetFlowControl
                0x00008542       0x72 C:/ethernut-5.1\libnutarch.a(usart0avr.o)
 .text.AvrUsartTxStart
                0x000085b4        0x4 C:/ethernut-5.1\libnutarch.a(usart0avr.o)
 .text.AvrUsartRxStart
                0x000085b8       0x34 C:/ethernut-5.1\libnutarch.a(usart0avr.o)
 .text.AvrUsartDisable
                0x000085ec       0x1c C:/ethernut-5.1\libnutarch.a(usart0avr.o)
 .text.AvrUsartSetClockMode
                0x00008608       0x7c C:/ethernut-5.1\libnutarch.a(usart0avr.o)
 .text.AvrUsartSetStopBits
                0x00008684       0x52 C:/ethernut-5.1\libnutarch.a(usart0avr.o)
 .text.AvrUsartSetParity
                0x000086d6       0x6a C:/ethernut-5.1\libnutarch.a(usart0avr.o)
 .text.AvrUsartSetDataBits
                0x00008740       0x7a C:/ethernut-5.1\libnutarch.a(usart0avr.o)
 .text.AvrUsartGetSpeed
                0x000087ba       0x96 C:/ethernut-5.1\libnutarch.a(usart0avr.o)
 .text.AvrUsartSetSpeed
                0x00008850       0x7c C:/ethernut-5.1\libnutarch.a(usart0avr.o)
 .text.AvrUsartDeinit
                0x000088cc       0x26 C:/ethernut-5.1\libnutarch.a(usart0avr.o)
 .text.AvrUsartInit
                0x000088f2       0x46 C:/ethernut-5.1\libnutarch.a(usart0avr.o)
 .text.AvrUsartTxEmpty
                0x00008938      0x102 C:/ethernut-5.1\libnutarch.a(usart1avr.o)
 .text.AvrUsartRxComplete
                0x00008a3a      0x10e C:/ethernut-5.1\libnutarch.a(usart1avr.o)
 .text.AvrUsartGetDataBits
                0x00008b48       0x34 C:/ethernut-5.1\libnutarch.a(usart1avr.o)
 .text.AvrUsartGetParity
                0x00008b7c       0x1c C:/ethernut-5.1\libnutarch.a(usart1avr.o)
 .text.AvrUsartGetStopBits
                0x00008b98       0x10 C:/ethernut-5.1\libnutarch.a(usart1avr.o)
 .text.AvrUsartGetStatus
                0x00008ba8       0x64 C:/ethernut-5.1\libnutarch.a(usart1avr.o)
 .text.AvrUsartSetStatus
                0x00008c0c       0xce C:/ethernut-5.1\libnutarch.a(usart1avr.o)
 .text.AvrUsartGetClockMode
                0x00008cda       0x30 C:/ethernut-5.1\libnutarch.a(usart1avr.o)
 .text.AvrUsartGetFlowControl
                0x00008d0a       0x20 C:/ethernut-5.1\libnutarch.a(usart1avr.o)
 .text.AvrUsartSetFlowControl
                0x00008d2a       0x72 C:/ethernut-5.1\libnutarch.a(usart1avr.o)
 .text.AvrUsartTxStart
                0x00008d9c        0xc C:/ethernut-5.1\libnutarch.a(usart1avr.o)
 .text.AvrUsartRxStart
                0x00008da8       0x3a C:/ethernut-5.1\libnutarch.a(usart1avr.o)
 .text.AvrUsartDisable
                0x00008de2       0x40 C:/ethernut-5.1\libnutarch.a(usart1avr.o)
 .text.AvrUsartSetClockMode
                0x00008e22       0x92 C:/ethernut-5.1\libnutarch.a(usart1avr.o)
 .text.AvrUsartSetStopBits
                0x00008eb4       0x54 C:/ethernut-5.1\libnutarch.a(usart1avr.o)
 .text.AvrUsartSetParity
                0x00008f08       0x6c C:/ethernut-5.1\libnutarch.a(usart1avr.o)
 .text.AvrUsartSetDataBits
                0x00008f74       0x8c C:/ethernut-5.1\libnutarch.a(usart1avr.o)
 .text.AvrUsartGetSpeed
                0x00009000       0x9c C:/ethernut-5.1\libnutarch.a(usart1avr.o)
 .text.AvrUsartSetSpeed
                0x0000909c       0x84 C:/ethernut-5.1\libnutarch.a(usart1avr.o)
 .text.AvrUsartDeinit
                0x00009120       0x26 C:/ethernut-5.1\libnutarch.a(usart1avr.o)
 .text.AvrUsartInit
                0x00009146       0x46 C:/ethernut-5.1\libnutarch.a(usart1avr.o)
 .text.AvrUart0RxIrqCtl
                0x0000918c       0x7e C:/ethernut-5.1\libnutarch.a(ih_usart0_rx.o)
 .text.__vector_18
                0x0000920a       0x54 C:/ethernut-5.1\libnutarch.a(ih_usart0_rx.o)
                0x0000920a                __vector_18
 .text.AvrUart0TxDataIrqCtl
                0x0000925e       0x70 C:/ethernut-5.1\libnutarch.a(ih_usart0_udre.o)
 .text.__vector_19
                0x000092ce       0x54 C:/ethernut-5.1\libnutarch.a(ih_usart0_udre.o)
                0x000092ce                __vector_19
 .text.AvrUart1RxIrqCtl
                0x00009322       0xa0 C:/ethernut-5.1\libnutarch.a(ih_usart1_rx.o)
 .text.__vector_30
                0x000093c2       0x54 C:/ethernut-5.1\libnutarch.a(ih_usart1_rx.o)
                0x000093c2                __vector_30
 .text.AvrUart1TxDataIrqCtl
                0x00009416       0x8e C:/ethernut-5.1\libnutarch.a(ih_usart1_udre.o)
 .text.__vector_31
                0x000094a4       0x54 C:/ethernut-5.1\libnutarch.a(ih_usart1_udre.o)
                0x000094a4                __vector_31
 .text.Delay16Cycles
                0x000094f8       0x22 C:/ethernut-5.1\libnutarch.a(nicrtl.o)
 .text.NicCompleteDma
                0x0000951a       0x1e C:/ethernut-5.1\libnutarch.a(nicrtl.o)
 .text.NicWrite
                0x00009538       0x2c C:/ethernut-5.1\libnutarch.a(nicrtl.o)
 .text.NicInterrupt
                0x00009564      0x152 C:/ethernut-5.1\libnutarch.a(nicrtl.o)
 .text.NicStart
                0x000096b6      0x11c C:/ethernut-5.1\libnutarch.a(nicrtl.o)
 .text.NicInit  0x000097d2       0xb8 C:/ethernut-5.1\libnutarch.a(nicrtl.o)
                0x000097d2                NicInit
 .text.NicOutput
                0x0000988a      0x12c C:/ethernut-5.1\libnutarch.a(nicrtl.o)
                0x0000988a                NicOutput
 .text.NicRx    0x000099b6      0x226 C:/ethernut-5.1\libnutarch.a(nicrtl.o)
                0x000099b6                NicRx
 .text.AvrInterrupt5Ctl
                0x00009bdc      0x100 C:/ethernut-5.1\libnutarch.a(ih_int5.o)
 .text.__vector_6
                0x00009cdc       0x54 C:/ethernut-5.1\libnutarch.a(ih_int5.o)
                0x00009cdc                __vector_6
 .text.CallHandler
                0x00009d30       0x16 C:/ethernut-5.1\libnutdev.a(ihndlr.o)
                0x00009d30                CallHandler
 .text.NutRegisterIrqHandler
                0x00009d46       0x44 C:/ethernut-5.1\libnutdev.a(ihndlr.o)
                0x00009d46                NutRegisterIrqHandler
 .text.UsartInit
                0x00009d8a       0x38 C:/ethernut-5.1\libnutdev.a(usart.o)
                0x00009d8a                UsartInit
 .text.UsartSize
                0x00009dc2       0x26 C:/ethernut-5.1\libnutdev.a(usart.o)
                0x00009dc2                UsartSize
 .text.UsartResetBuffer
                0x00009de8       0x9e C:/ethernut-5.1\libnutdev.a(usart.o)
 .text.UsartIOCtl
                0x00009e86      0x38c C:/ethernut-5.1\libnutdev.a(usart.o)
                0x00009e86                UsartIOCtl
 .text.UsartOpen
                0x0000a212       0xf0 C:/ethernut-5.1\libnutdev.a(usart.o)
                0x0000a212                UsartOpen
 .text.UsartFlushOutput
                0x0000a302       0x8e C:/ethernut-5.1\libnutdev.a(usart.o)
 .text.UsartClose
                0x0000a390       0x94 C:/ethernut-5.1\libnutdev.a(usart.o)
                0x0000a390                UsartClose
 .text.UsartRead
                0x0000a424      0x1d0 C:/ethernut-5.1\libnutdev.a(usart.o)
                0x0000a424                UsartRead
 .text.UsartPut
                0x0000a5f4      0x20c C:/ethernut-5.1\libnutdev.a(usart.o)
 .text.UsartWrite_P
                0x0000a800       0x10 C:/ethernut-5.1\libnutdev.a(usart.o)
                0x0000a800                UsartWrite_P
 .text.UsartWrite
                0x0000a810       0x10 C:/ethernut-5.1\libnutdev.a(usart.o)
                0x0000a810                UsartWrite
 .text.NutNetBufFree
                0x0000a820       0x80 C:/ethernut-5.1\libnutdev.a(netbuf.o)
                0x0000a820                NutNetBufFree
 .text.NutNetBufAllocData
                0x0000a8a0       0x4e C:/ethernut-5.1\libnutdev.a(netbuf.o)
 .text.NutNetBufCollect
                0x0000a8ee      0x134 C:/ethernut-5.1\libnutdev.a(netbuf.o)
                0x0000a8ee                NutNetBufCollect
 .text.NutNetBufClonePart
                0x0000aa22      0x1c8 C:/ethernut-5.1\libnutdev.a(netbuf.o)
                0x0000aa22                NutNetBufClonePart
 .text.NutNetBufAlloc
                0x0000abea       0xe0 C:/ethernut-5.1\libnutdev.a(netbuf.o)
                0x0000abea                NutNetBufAlloc
 .text.NutNvMemSave
                0x0000acca        0x6 C:/ethernut-5.1\libnutdev.a(nvmem.o)
                0x0000acca                NutNvMemSave
 .text.NutNvMemLoad
                0x0000acd0        0x6 C:/ethernut-5.1\libnutdev.a(nvmem.o)
                0x0000acd0                NutNvMemLoad
 .text.NutEtherInput
                0x0000acd6       0x8a C:/ethernut-5.1\libnutnet.a(ethin.o)
                0x0000acd6                NutEtherInput
 .text.NutEtherOutput
                0x0000ad60       0xc2 C:/ethernut-5.1\libnutnet.a(ethout.o)
                0x0000ad60                NutEtherOutput
 .text.NutArpInput
                0x0000ae22       0xea C:/ethernut-5.1\libnutnet.a(arpin.o)
                0x0000ae22                NutArpInput
 .text._ioctl   0x0000af0c       0x2a C:/ethernut-5.1\libnutcrt.a(ioctl.o)
                0x0000af0c                _ioctl
 .text.fclose   0x0000af36       0x7c C:/ethernut-5.1\libnutcrt.a(fclose.o)
                0x0000af36                fclose
 .text._fdopen  0x0000afb2       0xae C:/ethernut-5.1\libnutcrt.a(fdopen.o)
                0x0000afb2                _fdopen
 .text.fflush   0x0000b060       0x24 C:/ethernut-5.1\libnutcrt.a(fflush.o)
                0x0000b060                fflush
 .text._fileno  0x0000b084        0x8 C:/ethernut-5.1\libnutcrt.a(fileno.o)
                0x0000b084                _fileno
 .text._fmode   0x0000b08c       0x68 C:/ethernut-5.1\libnutcrt.a(fmode.o)
                0x0000b08c                _fmode
 .text.fopen    0x0000b0f4       0xbc C:/ethernut-5.1\libnutcrt.a(fopen.o)
                0x0000b0f4                fopen
 .text.freopen  0x0000b1b0       0xe4 C:/ethernut-5.1\libnutcrt.a(freopen.o)
                0x0000b1b0                freopen
 .text.fread    0x0000b294       0x94 C:/ethernut-5.1\libnutcrt.a(fread.o)
                0x0000b294                fread
 .text.scanf    0x0000b328       0x24 C:/ethernut-5.1\libnutcrt.a(scanf.o)
                0x0000b328                scanf
 .text.vfscanf  0x0000b34c       0x28 C:/ethernut-5.1\libnutcrt.a(vfscanf.o)
                0x0000b34c                vfscanf
 .text.fwrite   0x0000b374       0x4e C:/ethernut-5.1\libnutcrt.a(fwrite.o)
                0x0000b374                fwrite
 .text.printf   0x0000b3c2       0x24 C:/ethernut-5.1\libnutcrt.a(printf.o)
                0x0000b3c2                printf
 .text.putchar  0x0000b3e6        0xe C:/ethernut-5.1\libnutcrt.a(putchar.o)
                0x0000b3e6                putchar
 .text.puts     0x0000b3f4       0x32 C:/ethernut-5.1\libnutcrt.a(puts.o)
                0x0000b3f4                puts
 .text.vfprintf
                0x0000b426       0x16 C:/ethernut-5.1\libnutcrt.a(vfprintf.o)
                0x0000b426                vfprintf
 .text.sprintf  0x0000b43c       0x22 C:/ethernut-5.1\libnutcrt.a(sprintf.o)
                0x0000b43c                sprintf
 .text.sscanf   0x0000b45e       0x22 C:/ethernut-5.1\libnutcrt.a(sscanf.o)
                0x0000b45e                sscanf
 .text.vsprintf
                0x0000b480       0x32 C:/ethernut-5.1\libnutcrt.a(vsprintf.o)
                0x0000b480                vsprintf
 .text._sputb   0x0000b4b2       0x30 C:/ethernut-5.1\libnutcrt.a(vsprintf.o)
 .text._sgetb   0x0000b4e2       0x36 C:/ethernut-5.1\libnutcrt.a(vsscanf.o)
 .text.vsscanf  0x0000b518       0x2c C:/ethernut-5.1\libnutcrt.a(vsscanf.o)
                0x0000b518                vsscanf
 .text.calloc   0x0000b544       0x38 C:/ethernut-5.1\libnutcrt.a(calloc.o)
                0x0000b544                calloc
 .text.free     0x0000b57c        0xc C:/ethernut-5.1\libnutcrt.a(malloc.o)
                0x0000b57c                free
 .text.malloc   0x0000b588       0x20 C:/ethernut-5.1\libnutcrt.a(malloc.o)
                0x0000b588                malloc
 .text._close   0x0000b5a8       0x2c C:/ethernut-5.1\libnutcrt.a(close.o)
                0x0000b5a8                _close
 .text._open    0x0000b5d4       0xbe C:/ethernut-5.1\libnutcrt.a(open.o)
                0x0000b5d4                _open
 .text._getf    0x0000b692      0x492 C:/ethernut-5.1\libnutcrt.a(getf.o)
                0x0000b692                _getf
 .text._read    0x0000bb24       0x32 C:/ethernut-5.1\libnutcrt.a(read.o)
                0x0000bb24                _read
 .text._putpad  0x0000bb56       0x50 C:/ethernut-5.1\libnutcrt.a(putf.o)
 .text._putf    0x0000bba6      0x69e C:/ethernut-5.1\libnutcrt.a(putf.o)
                0x0000bba6                _putf
 .text._write   0x0000c244       0x32 C:/ethernut-5.1\libnutcrt.a(write.o)
                0x0000c244                _write
 .text.fputc    0x0000c276       0x3c C:/ethernut-5.1\libnutcrt.a(fputc.o)
                0x0000c276                fputc
 .text.fputs    0x0000c2b2       0x20 C:/ethernut-5.1\libnutcrt.a(fputs.o)
                0x0000c2b2                fputs
 .text.OnChipNvMemSave
                0x0000c2d2       0x56 C:/ethernut-5.1\libnutarch.a(eeprom.o)
                0x0000c2d2                OnChipNvMemSave
 .text.OnChipNvMemLoad
                0x0000c328       0x10 C:/ethernut-5.1\libnutarch.a(eeprom.o)
                0x0000c328                OnChipNvMemLoad
 .text.libgcc   0x0000c338       0x3e c:/winavr-20100110/bin/../lib/gcc/avr/4.3.3/avr51\libgcc.a(_mulsi3.o)
                0x0000c338                __mulsi3
 .text.libgcc   0x0000c376       0x18 c:/winavr-20100110/bin/../lib/gcc/avr/4.3.3/avr51\libgcc.a(_udivmodqi4.o)
                0x0000c376                __udivmodqi4
 .text.libgcc   0x0000c38e       0x28 c:/winavr-20100110/bin/../lib/gcc/avr/4.3.3/avr51\libgcc.a(_udivmodhi4.o)
                0x0000c38e                __udivmodhi4
 .text.libgcc   0x0000c3b6       0x44 c:/winavr-20100110/bin/../lib/gcc/avr/4.3.3/avr51\libgcc.a(_udivmodsi4.o)
                0x0000c3b6                __udivmodsi4
 .text.avr-libc
                0x0000c3fa      0x25e c:/winavr-20100110/bin/../lib/gcc/avr/4.3.3/../../../../avr/lib/avr51\libc.a(strtol.o)
                0x0000c3fa                strtol
 .text.avr-libc
                0x0000c658       0x10 c:/winavr-20100110/bin/../lib/gcc/avr/4.3.3/../../../../avr/lib/avr51\libc.a(isspace.o)
                0x0000c658                isspace
 .text.avr-libc
                0x0000c668       0x12 c:/winavr-20100110/bin/../lib/gcc/avr/4.3.3/../../../../avr/lib/avr51\libc.a(memcpy_P.o)
                0x0000c668                memcpy_P
 .text.avr-libc
                0x0000c67a        0xe c:/winavr-20100110/bin/../lib/gcc/avr/4.3.3/../../../../avr/lib/avr51\libc.a(strcpy_P.o)
                0x0000c67a                strcpy_P
 .text.avr-libc
                0x0000c688       0x12 c:/winavr-20100110/bin/../lib/gcc/avr/4.3.3/../../../../avr/lib/avr51\libc.a(strlen_P.o)
                0x0000c688                strlen_P
 .text.avr-libc
                0x0000c69a       0x1a c:/winavr-20100110/bin/../lib/gcc/avr/4.3.3/../../../../avr/lib/avr51\libc.a(memchr.o)
                0x0000c69a                memchr
 .text.avr-libc
                0x0000c6b4       0x1a c:/winavr-20100110/bin/../lib/gcc/avr/4.3.3/../../../../avr/lib/avr51\libc.a(memcmp.o)
                0x0000c6b4                memcmp
 .text.avr-libc
                0x0000c6ce       0x12 c:/winavr-20100110/bin/../lib/gcc/avr/4.3.3/../../../../avr/lib/avr51\libc.a(memcpy.o)
                0x0000c6ce                memcpy
 .text.avr-libc
                0x0000c6e0        0xe c:/winavr-20100110/bin/../lib/gcc/avr/4.3.3/../../../../avr/lib/avr51\libc.a(memset.o)
                0x0000c6e0                memset
 .text.avr-libc
                0x0000c6ee       0x12 c:/winavr-20100110/bin/../lib/gcc/avr/4.3.3/../../../../avr/lib/avr51\libc.a(strcmp.o)
                0x0000c6ee                strcmp
 .text.avr-libc
                0x0000c700        0xe c:/winavr-20100110/bin/../lib/gcc/avr/4.3.3/../../../../avr/lib/avr51\libc.a(strcpy.o)
                0x0000c700                strcpy
 .text.avr-libc
                0x0000c70e       0x1c c:/winavr-20100110/bin/../lib/gcc/avr/4.3.3/../../../../avr/lib/avr51\libc.a(strncmp.o)
                0x0000c70e                strncmp
 .text.avr-libc
                0x0000c72a       0x2c c:/winavr-20100110/bin/../lib/gcc/avr/4.3.3/../../../../avr/lib/avr51\libc.a(utoa.o)
                0x0000c72a                utoa
 .text.avr-libc
                0x0000c756       0x20 c:/winavr-20100110/bin/../lib/gcc/avr/4.3.3/../../../../avr/lib/avr51\libc.a(eerd_block_atmega128.o)
                0x0000c75a                __eerd_blraw_m128
                0x0000c756                __eerd_block_m128
 .text.avr-libc
                0x0000c776       0x10 c:/winavr-20100110/bin/../lib/gcc/avr/4.3.3/../../../../avr/lib/avr51\libc.a(eerd_byte_atmega128.o)
                0x0000c776                __eerd_byte_m128
 .text.avr-libc
                0x0000c786        0xc c:/winavr-20100110/bin/../lib/gcc/avr/4.3.3/../../../../avr/lib/avr51\libc.a(eerd_dword_atmega128.o)
                0x0000c786                __eerd_dword_m128
                0x0000c786                __eerd_float_m128
 .text.avr-libc
                0x0000c792       0x14 c:/winavr-20100110/bin/../lib/gcc/avr/4.3.3/../../../../avr/lib/avr51\libc.a(eewr_block_atmega128.o)
                0x0000c792                __eewr_block_m128
 .text.avr-libc
                0x0000c7a6       0x1a c:/winavr-20100110/bin/../lib/gcc/avr/4.3.3/../../../../avr/lib/avr51\libc.a(eewr_byte_atmega128.o)
                0x0000c7a8                __eewr_r18_m128
                0x0000c7a6                __eewr_byte_m128
 .text.avr-libc
                0x0000c7c0        0xa c:/winavr-20100110/bin/../lib/gcc/avr/4.3.3/../../../../avr/lib/avr51\libc.a(eewr_word_atmega128.o)
                0x0000c7c0                __eewr_word_m128
 .text.avr-libc
                0x0000c7ca        0x6 c:/winavr-20100110/bin/../lib/gcc/avr/4.3.3/../../../../avr/lib/avr51\libc.a(cty_isfalse.o)
                0x0000c7ce                __ctype_istrue
                0x0000c7ca                __ctype_isfalse
 .text.avr-libc
                0x0000c7d0       0x20 c:/winavr-20100110/bin/../lib/gcc/avr/4.3.3/../../../../avr/lib/avr51\libc.a(strrev.o)
                0x0000c7d0                strrev
                0x0000c7f0                . = ALIGN (0x2)
 *(.fini9)
 .fini9         0x0000c7f0        0x0 c:/winavr-20100110/bin/../lib/gcc/avr/4.3.3/avr51\libgcc.a(_exit.o)
                0x0000c7f0                exit
                0x0000c7f0                _exit
 *(.fini9)
 *(.fini8)
 *(.fini8)
 *(.fini7)
 *(.fini7)
 *(.fini6)
 *(.fini6)
 *(.fini5)
 *(.fini5)
 *(.fini4)
 *(.fini4)
 *(.fini3)
 *(.fini3)
 *(.fini2)
 *(.fini2)
 *(.fini1)
 *(.fini1)
 *(.fini0)
 .fini0         0x0000c7f0        0x4 c:/winavr-20100110/bin/../lib/gcc/avr/4.3.3/avr51\libgcc.a(_exit.o)
 *(.fini0)
                0x0000c7f4                _etext = .

.data           0x00800100      0xaac load address 0x0000c7f4
                0x00800100                PROVIDE (__data_start, .)
 *(.data)
 .data          0x00800100      0x16f rtu.o
 .data          0x0080026f       0x96 uart.o
 .data          0x00800305      0x572 network.o
                0x00800871                mac
 .data          0x00800877       0x37 services.o
                0x008008ad                otau_count_channels
 .data          0x008008ae       0xe6 text_lcd_BOP_24_Rus.o
                0x008008b4                font
                0x008008f4                displays
 .data          0x00800994        0xb C:/ethernut-5.1/nutinit.o
                0x0080099e                idle_sleep_mode
 .data          0x0080099f        0x6 C:/ethernut-5.1\libnutnet.a(confnet.o)
 .data          0x008009a5        0x6 C:/ethernut-5.1\libnutnet.a(tcpsm.o)
 .data          0x008009ab       0x20 C:/ethernut-5.1\libnutnet.a(icmpin.o)
 .data          0x008009cb        0xc C:/ethernut-5.1\libnutos.a(confos.o)
 .data          0x008009d7        0x6 C:/ethernut-5.1\libnutarch.a(ih_timer0_comp.o)
                0x008009d7                sig_OUTPUT_COMPARE0
 .data          0x008009dd       0x84 C:/ethernut-5.1\libnutarch.a(usart0avr.o)
                0x008009dd                devUsartAvr0
 .data          0x00800a61       0x84 C:/ethernut-5.1\libnutarch.a(usart1avr.o)
                0x00800a61                devUsartAvr1
 .data          0x00800ae5       0x4a C:/ethernut-5.1\libnutarch.a(eth0rtl.o)
                0x00800ae5                devEth0
 .data          0x00800b2f        0x6 C:/ethernut-5.1\libnutarch.a(ih_usart0_rx.o)
                0x00800b2f                sig_UART0_RECV
 .data          0x00800b35        0x6 C:/ethernut-5.1\libnutarch.a(ih_usart0_udre.o)
                0x00800b35                sig_UART0_DATA
 .data          0x00800b3b        0x6 C:/ethernut-5.1\libnutarch.a(ih_usart1_rx.o)
                0x00800b3b                sig_UART1_RECV
 .data          0x00800b41        0x6 C:/ethernut-5.1\libnutarch.a(ih_usart1_udre.o)
                0x00800b41                sig_UART1_DATA
 .data          0x00800b47        0x5 C:/ethernut-5.1\libnutarch.a(nicrtl.o)
 .data          0x00800b4c        0x6 C:/ethernut-5.1\libnutarch.a(ih_int5.o)
                0x00800b4c                sig_INTERRUPT5
 .data          0x00800b52       0x10 C:/ethernut-5.1\libnutcrt.a(fopen.o)
                0x00800b52                __iob
 .data          0x00800b62       0x49 C:/ethernut-5.1\libnutcrt.a(putf.o)
 *(.data*)
 *(.rodata)
 *(.rodata*)
 *(.gnu.linkonce.d*)
                0x00800bac                . = ALIGN (0x2)
 *fill*         0x00800bab        0x1 00
                0x00800bac                _edata = .
                0x00800bac                PROVIDE (__data_end, .)

.bss            0x00800bac      0x109
                0x00800bac                PROVIDE (__bss_start, .)
 *(.bss)
 .bss           0x00800bac        0x4 uart.o
                0x00800bac                uartFile0
                0x00800bae                uartFile1
 .bss           0x00800bb0        0x5 network.o
                0x00800bb1                haveConnectReflect
                0x00800bb2                have_reset_command
                0x00800bb3                pc_loaded
                0x00800bb0                haveConnectTelnet
                0x00800bb4                bad_work_enable
 .bss           0x00800bb5        0xe services.o
                0x00800bb8                con_otdr
                0x00800bbb                old_tik
                0x00800bba                power_sw_flag
                0x00800bb7                win_loaded
                0x00800bb9                power_led_flag
                0x00800bb6                enable_timer1_flag
                0x00800bb5                otdr_rs232_manual
 .bss           0x00800bc3        0x1 text_lcd_BOP_24_Rus.o
                0x00800bc3                current_font
 .bss           0x00800bc4        0x5 C:/ethernut-5.1\libnutnet.a(tcpsock.o)
                0x00800bc4                tcpSocketList
 .bss           0x00800bc9        0x3 C:/ethernut-5.1\libnutnet.a(udpsock.o)
 .bss           0x00800bcc        0x2 C:/ethernut-5.1\libnutnet.a(ipdemux.o)
 .bss           0x00800bce       0x22 C:/ethernut-5.1\libnutnet.a(inet.o)
 .bss           0x00800bf0       0x1e C:/ethernut-5.1\libnutnet.a(tcpsm.o)
 .bss           0x00800c0e        0x2 C:/ethernut-5.1\libnutnet.a(ipin.o)
 .bss           0x00800c10        0x4 C:/ethernut-5.1\libnutnet.a(arpcache.o)
 .bss           0x00800c14        0x8 C:/ethernut-5.1\libnutos.a(timer.o)
 .bss           0x00800c1c        0x2 C:/ethernut-5.1\libnutos.a(devreg.o)
                0x00800c1c                nutDeviceList
 .bss           0x00800c1e        0x4 C:/ethernut-5.1\libnutarch.a(ostimer.o)
 .bss           0x00800c22        0x3 C:/ethernut-5.1\libnutarch.a(usart0avr.o)
 .bss           0x00800c25        0x3 C:/ethernut-5.1\libnutarch.a(usart1avr.o)
 .bss           0x00800c28       0x26 C:/ethernut-5.1\libnutarch.a(eth0rtl.o)
 *(.bss*)
 *(COMMON)
 COMMON         0x00800c4e       0x10 network.o
                0x00800c4e                ip_mask
                0x00800c52                ip_addr
                0x00800c56                ethTelnetFile
                0x00800c58                ip_gateway
                0x00800c5c                sockReflect
 COMMON         0x00800c5e        0x6 services.o
                0x00800c5e                loading_sec
                0x00800c5f                loading_min
                0x00800c60                new_tik
 COMMON         0x00800c64        0x2 C:/ethernut-5.1\libnutnet.a(udpsock.o)
                0x00800c64                udpSocketList
 COMMON         0x00800c66        0x2 C:/ethernut-5.1\libnutnet.a(route.o)
                0x00800c66                rteList
 COMMON         0x00800c68       0x20 C:/ethernut-5.1\libnutnet.a(confnet.o)
                0x00800c68                confnet
 COMMON         0x00800c88        0x4 C:/ethernut-5.1\libnutnet.a(tcpsm.o)
                0x00800c88                tcp_in_nbq
                0x00800c8a                tcp_in_rdy
 COMMON         0x00800c8c        0x2 C:/ethernut-5.1\libnutnet.a(ipin.o)
                0x00800c8c                ip_demux
 COMMON         0x00800c8e        0x2 C:/ethernut-5.1\libnutos.a(heap.o)
                0x00800c8e                heapFreeList
 COMMON         0x00800c90        0x8 C:/ethernut-5.1\libnutos.a(thread.o)
                0x00800c90                nutThreadList
                0x00800c92                runQueue
                0x00800c94                runningThread
                0x00800c96                killedThread
 COMMON         0x00800c98        0x6 C:/ethernut-5.1\libnutos.a(timer.o)
                0x00800c98                nutTimerList
                0x00800c9a                nut_ticks
 COMMON         0x00800c9e       0x13 C:/ethernut-5.1\libnutos.a(confos.o)
                0x00800c9e                confos
 COMMON         0x00800cb1        0x2 C:/ethernut-5.1\libnutnet.a(ethin.o)
                0x00800cb1                ether_demux
 COMMON         0x00800cb3        0x2 C:/ethernut-5.1\libnutcrt.a(errno.o)
                0x00800cb3                errno
                0x00800cb5                PROVIDE (__bss_end, .)
                0x0000c7f4                __data_load_start = LOADADDR (.data)
                0x0000d2a0                __data_load_end = (__data_load_start + SIZEOF (.data))

.noinit         0x00800cb5        0x0
                0x00800cb5                PROVIDE (__noinit_start, .)
 *(.noinit*)
                0x00800cb5                PROVIDE (__noinit_end, .)
                0x00800cb5                _end = .
                0x00800cb5                PROVIDE (__heap_start, .)

.eeprom         0x00810000        0x0
 *(.eeprom*)
                0x00810000                __eeprom_end = .

.fuse
 *(.fuse)
 *(.lfuse)
 *(.hfuse)
 *(.efuse)

.lock
 *(.lock*)

.signature
 *(.signature*)

.stab
 *(.stab)

.stabstr
 *(.stabstr)

.stab.excl
 *(.stab.excl)

.stab.exclstr
 *(.stab.exclstr)

.stab.index
 *(.stab.index)

.stab.indexstr
 *(.stab.indexstr)

.comment
 *(.comment)

.debug
 *(.debug)

.line
 *(.line)

.debug_srcinfo
 *(.debug_srcinfo)

.debug_sfnames
 *(.debug_sfnames)

.debug_aranges
 *(.debug_aranges)

.debug_pubnames
 *(.debug_pubnames)

.debug_info
 *(.debug_info)
 *(.gnu.linkonce.wi.*)

.debug_abbrev
 *(.debug_abbrev)

.debug_line
 *(.debug_line)

.debug_frame
 *(.debug_frame)

.debug_str
 *(.debug_str)

.debug_loc
 *(.debug_loc)

.debug_macinfo
 *(.debug_macinfo)
OUTPUT(rtu.elf elf32-avr)
LOAD linker stubs

.uartloader     0x0001f000       0x52
 .uartloader    0x0001f000       0x52 uart.o
                0x0001f000                uart0_send
                0x0001f030                uart0_rec_buff
                0x0001f010                uart0_send_buff
                0x0001f008                uart0_rec

.bootloader     0x0001f086      0x566
 .bootloader    0x0001f086      0x566 services.o
                0x0001f086                boot

Cross Reference Table

Symbol                                            File
CallHandler                                       C:/ethernut-5.1\libnutdev.a(ihndlr.o)
                                                  C:/ethernut-5.1\libnutarch.a(ih_int5.o)
                                                  C:/ethernut-5.1\libnutarch.a(ih_usart1_udre.o)
                                                  C:/ethernut-5.1\libnutarch.a(ih_usart1_rx.o)
                                                  C:/ethernut-5.1\libnutarch.a(ih_usart0_udre.o)
                                                  C:/ethernut-5.1\libnutarch.a(ih_usart0_rx.o)
                                                  C:/ethernut-5.1\libnutarch.a(ih_timer0_comp.o)
GetThreadByName                                   C:/ethernut-5.1\libnutos.a(thread.o)
NicInit                                           C:/ethernut-5.1\libnutarch.a(nicrtl.o)
                                                  C:/ethernut-5.1\libnutarch.a(eth0rtl.o)
NicOutput                                         C:/ethernut-5.1\libnutarch.a(nicrtl.o)
                                                  C:/ethernut-5.1\libnutarch.a(eth0rtl.o)
NicRx                                             C:/ethernut-5.1\libnutarch.a(nicrtl.o)
NutAppMain                                        rtu.o
                                                  C:/ethernut-5.1/nutinit.o
NutArchClockGet                                   C:/ethernut-5.1\libnutarch.a(ostimer.o)
                                                  C:/ethernut-5.1\libnutos.a(timer.o)
NutArpAllocNetBuf                                 C:/ethernut-5.1\libnutnet.a(arpout.o)
                                                  C:/ethernut-5.1\libnutnet.a(arpin.o)
                                                  C:/ethernut-5.1\libnutnet.a(arpcache.o)
NutArpCacheQuery                                  C:/ethernut-5.1\libnutnet.a(arpcache.o)
                                                  C:/ethernut-5.1\libnutnet.a(ipout.o)
NutArpCacheUpdate                                 C:/ethernut-5.1\libnutnet.a(arpcache.o)
                                                  C:/ethernut-5.1\libnutnet.a(arpin.o)
NutArpInput                                       C:/ethernut-5.1\libnutnet.a(arpin.o)
                                                  C:/ethernut-5.1\libnutnet.a(ethin.o)
NutArpOutput                                      C:/ethernut-5.1\libnutnet.a(arpout.o)
                                                  C:/ethernut-5.1\libnutnet.a(arpin.o)
                                                  C:/ethernut-5.1\libnutnet.a(arpcache.o)
NutClockSet                                       C:/ethernut-5.1\libnutos.a(timer.o)
NutDelay                                          C:/ethernut-5.1\libnutos.a(timer.o)
                                                  C:/ethernut-5.1\libnutarch.a(nicrtl.o)
                                                  C:/ethernut-5.1\libnutarch.a(usart1avr.o)
                                                  C:/ethernut-5.1\libnutarch.a(usart0avr.o)
NutDeviceLookup                                   C:/ethernut-5.1\libnutos.a(devreg.o)
                                                  C:/ethernut-5.1\libnutcrt.a(open.o)
                                                  C:/ethernut-5.1\libnutnet.a(ifconfig.o)
NutDeviceLookupType                               C:/ethernut-5.1\libnutos.a(devreg.o)
NutEtherInput                                     C:/ethernut-5.1\libnutnet.a(ethin.o)
                                                  C:/ethernut-5.1\libnutarch.a(eth0rtl.o)
NutEtherOutput                                    C:/ethernut-5.1\libnutnet.a(ethout.o)
                                                  C:/ethernut-5.1\libnutarch.a(eth0rtl.o)
NutEventBroadcast                                 C:/ethernut-5.1\libnutos.a(event.o)
                                                  C:/ethernut-5.1\libnutdev.a(usart.o)
                                                  C:/ethernut-5.1\libnutnet.a(arpcache.o)
                                                  C:/ethernut-5.1\libnutnet.a(tcpsm.o)
                                                  C:/ethernut-5.1\libnutnet.a(ifconfig.o)
NutEventBroadcastAsync                            C:/ethernut-5.1\libnutos.a(event.o)
                                                  C:/ethernut-5.1\libnutnet.a(arpcache.o)
NutEventPost                                      C:/ethernut-5.1\libnutos.a(event.o)
                                                  C:/ethernut-5.1\libnutnet.a(udpin.o)
                                                  C:/ethernut-5.1\libnutnet.a(tcpsm.o)
                                                  C:/ethernut-5.1\libnutnet.a(udpsock.o)
NutEventPostAsync                                 C:/ethernut-5.1\libnutos.a(event.o)
                                                  C:/ethernut-5.1\libnutos.a(thread.o)
                                                  C:/ethernut-5.1\libnutnet.a(tcpsm.o)
NutEventTimeout                                   C:/ethernut-5.1\libnutos.a(event.o)
NutEventWait                                      C:/ethernut-5.1\libnutos.a(event.o)
                                                  C:/ethernut-5.1\libnutdev.a(usart.o)
                                                  C:/ethernut-5.1\libnutarch.a(nicrtl.o)
                                                  C:/ethernut-5.1\libnutnet.a(arpcache.o)
                                                  C:/ethernut-5.1\libnutnet.a(tcpsm.o)
                                                  C:/ethernut-5.1\libnutnet.a(ifconfig.o)
                                                  C:/ethernut-5.1\libnutnet.a(udpsock.o)
                                                  C:/ethernut-5.1\libnutnet.a(tcpsock.o)
NutEventWaitNext                                  C:/ethernut-5.1\libnutos.a(event.o)
                                                  C:/ethernut-5.1\libnutdev.a(usart.o)
                                                  services.o
NutGetCpuClock                                    C:/ethernut-5.1\libnutos.a(timer.o)
                                                  C:/ethernut-5.1\libnutarch.a(usart1avr.o)
                                                  C:/ethernut-5.1\libnutarch.a(usart0avr.o)
NutGetMillis                                      C:/ethernut-5.1\libnutos.a(timer.o)
                                                  C:/ethernut-5.1\libnutnet.a(tcputil.o)
                                                  C:/ethernut-5.1\libnutnet.a(tcpsm.o)
                                                  C:/ethernut-5.1\libnutnet.a(tcpout.o)
                                                  C:/ethernut-5.1\libnutnet.a(udpsock.o)
                                                  C:/ethernut-5.1\libnutnet.a(tcpsock.o)
                                                  services.o
NutGetSeconds                                     C:/ethernut-5.1\libnutos.a(timer.o)
                                                  C:/ethernut-5.1\libnutnet.a(arpcache.o)
NutGetTickClock                                   C:/ethernut-5.1\libnutarch.a(ostimer.o)
                                                  C:/ethernut-5.1\libnutos.a(timer.o)
NutGetTickCount                                   C:/ethernut-5.1\libnutos.a(timer.o)
                                                  C:/ethernut-5.1\libnutnet.a(tcpsock.o)
NutHeapCheck                                      C:/ethernut-5.1\libnutos.a(heap.o)
NutHeapDump                                       C:/ethernut-5.1\libnutos.a(heap.o)
NutHeapRootAdd                                    C:/ethernut-5.1\libnutos.a(heap.o)
                                                  C:/ethernut-5.1/nutinit.o
NutHeapRootAlloc                                  C:/ethernut-5.1\libnutos.a(heap.o)
                                                  C:/ethernut-5.1\libnutcrt.a(malloc.o)
                                                  C:/ethernut-5.1\libnutdev.a(netbuf.o)
                                                  C:/ethernut-5.1\libnutarch.a(context_gcc.o)
                                                  C:/ethernut-5.1\libnutos.a(timer.o)
                                                  C:/ethernut-5.1\libnutnet.a(tcpsock.o)
NutHeapRootAllocClear                             C:/ethernut-5.1\libnutos.a(heap.o)
                                                  C:/ethernut-5.1\libnutdev.a(netbuf.o)
NutHeapRootAvailable                              C:/ethernut-5.1\libnutos.a(heap.o)
                                                  C:/ethernut-5.1\libnutnet.a(tcpsm.o)
NutHeapRootFree                                   C:/ethernut-5.1\libnutos.a(heap.o)
                                                  C:/ethernut-5.1\libnutcrt.a(malloc.o)
                                                  C:/ethernut-5.1\libnutdev.a(netbuf.o)
                                                  C:/ethernut-5.1\libnutos.a(timer.o)
                                                  C:/ethernut-5.1\libnutos.a(thread.o)
                                                  C:/ethernut-5.1\libnutnet.a(tcpsock.o)
NutHeapRootRealloc                                C:/ethernut-5.1\libnutos.a(heap.o)
NutHeapRootRegionAvailable                        C:/ethernut-5.1\libnutos.a(heap.o)
NutIcmpInput                                      C:/ethernut-5.1\libnutnet.a(icmpin.o)
                                                  C:/ethernut-5.1\libnutnet.a(ipin.o)
NutIcmpOutput                                     C:/ethernut-5.1\libnutnet.a(icmpout.o)
                                                  C:/ethernut-5.1\libnutnet.a(icmpin.o)
NutIcmpReply                                      C:/ethernut-5.1\libnutnet.a(icmpout.o)
NutIcmpResponse                                   C:/ethernut-5.1\libnutnet.a(icmpout.o)
                                                  C:/ethernut-5.1\libnutnet.a(ipin.o)
                                                  C:/ethernut-5.1\libnutnet.a(udpin.o)
NutIdle                                           C:/ethernut-5.1/nutinit.o
NutIgmpInput                                      C:/ethernut-5.1\libnutnet.a(igmpin.o)
                                                  C:/ethernut-5.1\libnutnet.a(ipin.o)
NutIgmpJoinGroup                                  C:/ethernut-5.1\libnutnet.a(igmp.o)
                                                  C:/ethernut-5.1\libnutnet.a(igmpin.o)
                                                  C:/ethernut-5.1\libnutnet.a(ifconfig.o)
NutIgmpLeaveGroup                                 C:/ethernut-5.1\libnutnet.a(igmp.o)
                                                  C:/ethernut-5.1\libnutnet.a(ifconfig.o)
NutInit                                           C:/ethernut-5.1/nutinit.o
NutIpChkSum                                       C:/ethernut-5.1\libnutnet.a(ipcsum.o)
                                                  C:/ethernut-5.1\libnutnet.a(igmp.o)
                                                  C:/ethernut-5.1\libnutnet.a(icmpout.o)
                                                  C:/ethernut-5.1\libnutnet.a(ipout.o)
                                                  C:/ethernut-5.1\libnutnet.a(udpout.o)
                                                  C:/ethernut-5.1\libnutnet.a(tcpout.o)
NutIpChkSumPartial                                C:/ethernut-5.1\libnutnet.a(ipcsum.o)
                                                  C:/ethernut-5.1\libnutnet.a(icmpout.o)
                                                  C:/ethernut-5.1\libnutnet.a(udpout.o)
                                                  C:/ethernut-5.1\libnutnet.a(tcpout.o)
NutIpForward                                      C:/ethernut-5.1\libnutnet.a(ipout.o)
                                                  C:/ethernut-5.1\libnutnet.a(ipin.o)
NutIpInput                                        C:/ethernut-5.1\libnutnet.a(ipin.o)
                                                  C:/ethernut-5.1\libnutnet.a(ethin.o)
NutIpOutput                                       C:/ethernut-5.1\libnutnet.a(ipout.o)
                                                  C:/ethernut-5.1\libnutnet.a(igmp.o)
                                                  C:/ethernut-5.1\libnutnet.a(icmpout.o)
                                                  C:/ethernut-5.1\libnutnet.a(udpout.o)
                                                  C:/ethernut-5.1\libnutnet.a(tcpsm.o)
                                                  C:/ethernut-5.1\libnutnet.a(tcpout.o)
NutIpPseudoChkSumPartial                          C:/ethernut-5.1\libnutnet.a(ipcsum.o)
                                                  C:/ethernut-5.1\libnutnet.a(udpout.o)
                                                  C:/ethernut-5.1\libnutnet.a(tcpout.o)
NutIpRouteAdd                                     C:/ethernut-5.1\libnutnet.a(route.o)
                                                  C:/ethernut-5.1\libnutnet.a(ifconfig.o)
                                                  rtu.o
NutIpRouteDel                                     C:/ethernut-5.1\libnutnet.a(route.o)
NutIpRouteDelAll                                  C:/ethernut-5.1\libnutnet.a(route.o)
NutIpRouteList                                    C:/ethernut-5.1\libnutnet.a(route.o)
NutIpRouteQuery                                   C:/ethernut-5.1\libnutnet.a(route.o)
                                                  C:/ethernut-5.1\libnutnet.a(ipout.o)
                                                  C:/ethernut-5.1\libnutnet.a(udpout.o)
                                                  C:/ethernut-5.1\libnutnet.a(tcpsm.o)
                                                  C:/ethernut-5.1\libnutnet.a(tcpsock.o)
NutIpSetInputFilter                               C:/ethernut-5.1\libnutnet.a(ipin.o)
NutIrqDisable                                     C:/ethernut-5.1\libnutdev.a(ihndlr.o)
NutIrqEnable                                      C:/ethernut-5.1\libnutdev.a(ihndlr.o)
NutIrqGetPriority                                 C:/ethernut-5.1\libnutdev.a(ihndlr.o)
NutIrqSetMode                                     C:/ethernut-5.1\libnutdev.a(ihndlr.o)
NutIrqSetPriority                                 C:/ethernut-5.1\libnutdev.a(ihndlr.o)
NutIrqStatus                                      C:/ethernut-5.1\libnutdev.a(ihndlr.o)
NutLoadConfig                                     C:/ethernut-5.1\libnutos.a(confos.o)
                                                  C:/ethernut-5.1/nutinit.o
NutMicroDelay                                     C:/ethernut-5.1\libnutos.a(timer.o)
NutNetBufAlloc                                    C:/ethernut-5.1\libnutdev.a(netbuf.o)
                                                  C:/ethernut-5.1\libnutnet.a(ethout.o)
                                                  C:/ethernut-5.1\libnutarch.a(nicrtl.o)
                                                  C:/ethernut-5.1\libnutnet.a(arpout.o)
                                                  C:/ethernut-5.1\libnutnet.a(igmp.o)
                                                  C:/ethernut-5.1\libnutnet.a(icmpout.o)
                                                  C:/ethernut-5.1\libnutnet.a(ipout.o)
                                                  C:/ethernut-5.1\libnutnet.a(udpout.o)
                                                  C:/ethernut-5.1\libnutnet.a(tcpout.o)
                                                  C:/ethernut-5.1\libnutnet.a(udpsock.o)
NutNetBufClone                                    C:/ethernut-5.1\libnutdev.a(netbuf.o)
NutNetBufClonePart                                C:/ethernut-5.1\libnutdev.a(netbuf.o)
                                                  C:/ethernut-5.1\libnutnet.a(ipout.o)
                                                  C:/ethernut-5.1\libnutnet.a(tcpout.o)
NutNetBufCollect                                  C:/ethernut-5.1\libnutdev.a(netbuf.o)
                                                  C:/ethernut-5.1\libnutnet.a(tcpsm.o)
NutNetBufFree                                     C:/ethernut-5.1\libnutdev.a(netbuf.o)
                                                  C:/ethernut-5.1\libnutnet.a(arpin.o)
                                                  C:/ethernut-5.1\libnutnet.a(ethout.o)
                                                  C:/ethernut-5.1\libnutnet.a(ethin.o)
                                                  C:/ethernut-5.1\libnutnet.a(arpcache.o)
                                                  C:/ethernut-5.1\libnutnet.a(igmpin.o)
                                                  C:/ethernut-5.1\libnutnet.a(icmpin.o)
                                                  C:/ethernut-5.1\libnutnet.a(ipout.o)
                                                  C:/ethernut-5.1\libnutnet.a(ipin.o)
                                                  C:/ethernut-5.1\libnutnet.a(udpin.o)
                                                  C:/ethernut-5.1\libnutnet.a(tcpsm.o)
                                                  C:/ethernut-5.1\libnutnet.a(tcpout.o)
                                                  C:/ethernut-5.1\libnutnet.a(tcpin.o)
                                                  C:/ethernut-5.1\libnutnet.a(udpsock.o)
                                                  C:/ethernut-5.1\libnutnet.a(tcpsock.o)
NutNetIfAddMcastAddr                              C:/ethernut-5.1\libnutnet.a(ifconfig.o)
NutNetIfConfig                                    C:/ethernut-5.1\libnutnet.a(ifconfig.o)
                                                  rtu.o
NutNetIfConfig2                                   C:/ethernut-5.1\libnutnet.a(ifconfig.o)
NutNetIfDelMcastAddr                              C:/ethernut-5.1\libnutnet.a(ifconfig.o)
NutNetIfSetup                                     C:/ethernut-5.1\libnutnet.a(ifconfig.o)
NutNetLoadConfig                                  C:/ethernut-5.1\libnutnet.a(confnet.o)
                                                  C:/ethernut-5.1\libnutarch.a(nicrtl.o)
                                                  network.o
NutNetSaveConfig                                  C:/ethernut-5.1\libnutnet.a(confnet.o)
                                                  C:/ethernut-5.1\libnutnet.a(ifconfig.o)
                                                  network.o
NutNvMemLoad                                      C:/ethernut-5.1\libnutdev.a(nvmem.o)
                                                  C:/ethernut-5.1\libnutos.a(confos.o)
                                                  C:/ethernut-5.1\libnutnet.a(confnet.o)
NutNvMemSave                                      C:/ethernut-5.1\libnutdev.a(nvmem.o)
                                                  C:/ethernut-5.1\libnutos.a(confos.o)
                                                  C:/ethernut-5.1\libnutnet.a(confnet.o)
NutRegisterDevice                                 C:/ethernut-5.1\libnutos.a(devreg.o)
                                                  uart.o
                                                  rtu.o
NutRegisterIpHandler                              C:/ethernut-5.1\libnutnet.a(ipdemux.o)
                                                  C:/ethernut-5.1\libnutnet.a(udpsock.o)
                                                  C:/ethernut-5.1\libnutnet.a(tcpsock.o)
NutRegisterIrqHandler                             C:/ethernut-5.1\libnutdev.a(ihndlr.o)
                                                  C:/ethernut-5.1\libnutarch.a(nicrtl.o)
                                                  C:/ethernut-5.1\libnutarch.a(usart1avr.o)
                                                  C:/ethernut-5.1\libnutarch.a(usart0avr.o)
                                                  C:/ethernut-5.1\libnutarch.a(ostimer.o)
NutRegisterTimer                                  C:/ethernut-5.1\libnutarch.a(ostimer.o)
                                                  C:/ethernut-5.1\libnutos.a(timer.o)
NutSaveConfig                                     C:/ethernut-5.1\libnutos.a(confos.o)
NutSleep                                          C:/ethernut-5.1\libnutos.a(timer.o)
                                                  C:/ethernut-5.1\libnutarch.a(nicrtl.o)
                                                  services.o
NutTcpAbortSocket                                 C:/ethernut-5.1\libnutnet.a(tcpsm.o)
                                                  C:/ethernut-5.1\libnutnet.a(icmpin.o)
NutTcpAccept                                      C:/ethernut-5.1\libnutnet.a(tcpsock.o)
                                                  network.o
NutTcpCalcRtt                                     C:/ethernut-5.1\libnutnet.a(tcputil.o)
                                                  C:/ethernut-5.1\libnutnet.a(tcpsm.o)
NutTcpCloseSocket                                 C:/ethernut-5.1\libnutnet.a(tcpsock.o)
                                                  network.o
NutTcpConnect                                     C:/ethernut-5.1\libnutnet.a(tcpsock.o)
NutTcpCreateSocket                                C:/ethernut-5.1\libnutnet.a(tcpsock.o)
                                                  network.o
NutTcpDestroySocket                               C:/ethernut-5.1\libnutnet.a(tcpsock.o)
                                                  C:/ethernut-5.1\libnutnet.a(tcpsm.o)
NutTcpDeviceIOCtl                                 C:/ethernut-5.1\libnutnet.a(tcpsock.o)
NutTcpDeviceRead                                  C:/ethernut-5.1\libnutnet.a(tcpsock.o)
NutTcpDeviceWrite                                 C:/ethernut-5.1\libnutnet.a(tcpsock.o)
NutTcpDeviceWrite_P                               C:/ethernut-5.1\libnutnet.a(tcpsock.o)
NutTcpDiscardBuffers                              C:/ethernut-5.1\libnutnet.a(tcpsock.o)
                                                  C:/ethernut-5.1\libnutnet.a(tcpsm.o)
NutTcpError                                       C:/ethernut-5.1\libnutnet.a(tcpsock.o)
                                                  network.o
NutTcpFindSocket                                  C:/ethernut-5.1\libnutnet.a(tcpsock.o)
                                                  C:/ethernut-5.1\libnutnet.a(icmpin.o)
                                                  C:/ethernut-5.1\libnutnet.a(tcpsm.o)
NutTcpGetSockOpt                                  C:/ethernut-5.1\libnutnet.a(tcpsock.o)
                                                  network.o
NutTcpInitStateMachine                            C:/ethernut-5.1\libnutnet.a(tcpsm.o)
                                                  C:/ethernut-5.1\libnutnet.a(tcpsock.o)
NutTcpInput                                       C:/ethernut-5.1\libnutnet.a(tcpin.o)
                                                  C:/ethernut-5.1\libnutnet.a(tcpsock.o)
NutTcpOutput                                      C:/ethernut-5.1\libnutnet.a(tcpout.o)
                                                  C:/ethernut-5.1\libnutnet.a(tcpsm.o)
                                                  C:/ethernut-5.1\libnutnet.a(tcpsock.o)
NutTcpReceive                                     C:/ethernut-5.1\libnutnet.a(tcpsock.o)
                                                  network.o
NutTcpReject                                      C:/ethernut-5.1\libnutnet.a(tcpout.o)
                                                  C:/ethernut-5.1\libnutnet.a(tcpsm.o)
NutTcpSend                                        C:/ethernut-5.1\libnutnet.a(tcpsock.o)
                                                  spi.o
                                                  network.o
NutTcpSetSockOpt                                  C:/ethernut-5.1\libnutnet.a(tcpsock.o)
                                                  network.o
NutTcpSm                                          C:/ethernut-5.1\libnutnet.a(tcpsm.o)
NutTcpStateActiveOpenEvent                        C:/ethernut-5.1\libnutnet.a(tcpsm.o)
                                                  C:/ethernut-5.1\libnutnet.a(tcpsock.o)
NutTcpStateCloseEvent                             C:/ethernut-5.1\libnutnet.a(tcpsm.o)
                                                  C:/ethernut-5.1\libnutnet.a(tcpsock.o)
NutTcpStateMachine                                C:/ethernut-5.1\libnutnet.a(tcpsm.o)
                                                  C:/ethernut-5.1\libnutnet.a(tcpin.o)
NutTcpStatePassiveOpenEvent                       C:/ethernut-5.1\libnutnet.a(tcpsm.o)
                                                  C:/ethernut-5.1\libnutnet.a(tcpsock.o)
NutTcpStateRetranTimeout                          C:/ethernut-5.1\libnutnet.a(tcpsm.o)
NutTcpStateWindowEvent                            C:/ethernut-5.1\libnutnet.a(tcpsm.o)
                                                  C:/ethernut-5.1\libnutnet.a(tcpsock.o)
NutThreadAddPriQueue                              C:/ethernut-5.1\libnutos.a(thread.o)
                                                  C:/ethernut-5.1\libnutarch.a(context_gcc.o)
                                                  C:/ethernut-5.1\libnutos.a(event.o)
NutThreadCreate                                   C:/ethernut-5.1\libnutarch.a(context_gcc.o)
                                                  C:/ethernut-5.1\libnutarch.a(nicrtl.o)
                                                  C:/ethernut-5.1\libnutnet.a(tcpsm.o)
                                                  C:/ethernut-5.1/nutinit.o
                                                  rtu.o
NutThreadDestroy                                  C:/ethernut-5.1\libnutos.a(thread.o)
                                                  C:/ethernut-5.1/nutinit.o
NutThreadExit                                     C:/ethernut-5.1\libnutos.a(thread.o)
NutThreadKill                                     C:/ethernut-5.1\libnutos.a(thread.o)
NutThreadRemoveQueue                              C:/ethernut-5.1\libnutos.a(thread.o)
                                                  C:/ethernut-5.1\libnutos.a(event.o)
                                                  C:/ethernut-5.1\libnutos.a(timer.o)
NutThreadResume                                   C:/ethernut-5.1\libnutos.a(thread.o)
                                                  C:/ethernut-5.1\libnutos.a(event.o)
                                                  C:/ethernut-5.1\libnutos.a(timer.o)
NutThreadSetPriority                              C:/ethernut-5.1\libnutos.a(thread.o)
                                                  C:/ethernut-5.1\libnutarch.a(nicrtl.o)
                                                  C:/ethernut-5.1\libnutnet.a(tcpsm.o)
                                                  C:/ethernut-5.1/nutinit.o
NutThreadSetSleepMode                             C:/ethernut-5.1/nutinit.o
NutThreadStackAvailable                           C:/ethernut-5.1\libnutos.a(thread.o)
NutThreadSwitch                                   C:/ethernut-5.1\libnutarch.a(context_gcc.o)
                                                  C:/ethernut-5.1\libnutos.a(thread.o)
NutThreadWake                                     C:/ethernut-5.1\libnutos.a(thread.o)
                                                  C:/ethernut-5.1\libnutos.a(timer.o)
NutThreadYield                                    C:/ethernut-5.1\libnutos.a(thread.o)
                                                  C:/ethernut-5.1\libnutarch.a(nicrtl.o)
                                                  C:/ethernut-5.1\libnutos.a(event.o)
                                                  C:/ethernut-5.1\libnutos.a(timer.o)
                                                  C:/ethernut-5.1\libnutnet.a(tcpsm.o)
                                                  C:/ethernut-5.1\libnutnet.a(tcpsock.o)
                                                  C:/ethernut-5.1/nutinit.o
                                                  spi.o
                                                  services.o
NutTimerCreate                                    C:/ethernut-5.1\libnutos.a(timer.o)
NutTimerInit                                      C:/ethernut-5.1\libnutos.a(timer.o)
                                                  C:/ethernut-5.1/nutinit.o
NutTimerInsert                                    C:/ethernut-5.1\libnutos.a(timer.o)
NutTimerIntr                                      C:/ethernut-5.1\libnutos.a(timer.o)
NutTimerMillisToTicks                             C:/ethernut-5.1\libnutarch.a(ostimer.o)
                                                  C:/ethernut-5.1\libnutos.a(timer.o)
NutTimerProcessElapsed                            C:/ethernut-5.1\libnutos.a(timer.o)
                                                  C:/ethernut-5.1\libnutos.a(thread.o)
NutTimerStart                                     C:/ethernut-5.1\libnutos.a(timer.o)
                                                  C:/ethernut-5.1\libnutos.a(event.o)
NutTimerStartTicks                                C:/ethernut-5.1\libnutos.a(timer.o)
NutTimerStop                                      C:/ethernut-5.1\libnutos.a(timer.o)
                                                  C:/ethernut-5.1\libnutos.a(event.o)
NutUdpCreateSocket                                C:/ethernut-5.1\libnutnet.a(udpsock.o)
                                                  network.o
NutUdpDestroySocket                               C:/ethernut-5.1\libnutnet.a(udpsock.o)
NutUdpError                                       C:/ethernut-5.1\libnutnet.a(udpsock.o)
NutUdpFindSocket                                  C:/ethernut-5.1\libnutnet.a(udpsock.o)
                                                  C:/ethernut-5.1\libnutnet.a(udpin.o)
NutUdpGetSockOpt                                  C:/ethernut-5.1\libnutnet.a(udpsock.o)
NutUdpInput                                       C:/ethernut-5.1\libnutnet.a(udpin.o)
                                                  C:/ethernut-5.1\libnutnet.a(udpsock.o)
NutUdpOutput                                      C:/ethernut-5.1\libnutnet.a(udpout.o)
                                                  C:/ethernut-5.1\libnutnet.a(udpsock.o)
NutUdpReceiveFrom                                 C:/ethernut-5.1\libnutnet.a(udpsock.o)
                                                  network.o
NutUdpSendTo                                      C:/ethernut-5.1\libnutnet.a(udpsock.o)
                                                  network.o
NutUdpSetSockOpt                                  C:/ethernut-5.1\libnutnet.a(udpsock.o)
NutUdpSetSocketError                              C:/ethernut-5.1\libnutnet.a(udpsock.o)
NutVersion                                        C:/ethernut-5.1\libnutos.a(version.o)
                                                  network.o
NutVersionString                                  C:/ethernut-5.1\libnutos.a(version.o)
OTAU_Thread                                       services.o
                                                  rtu.o
OnChipNvMemLoad                                   C:/ethernut-5.1\libnutarch.a(eeprom.o)
                                                  C:/ethernut-5.1\libnutdev.a(nvmem.o)
OnChipNvMemSave                                   C:/ethernut-5.1\libnutarch.a(eeprom.o)
                                                  C:/ethernut-5.1\libnutdev.a(nvmem.o)
Power_Led_Thread                                  services.o
                                                  rtu.o
Power_Sw_Thread                                   services.o
                                                  rtu.o
PrintNetworkParam                                 uart.o
                                                  network.o
                                                  rtu.o
ReflectThread                                     network.o
                                                  rtu.o
SPI_Receiver                                      spi.o
                                                  rtu.o
SPI_have_data                                     spi.o
                                                  network.o
SPI_init                                          spi.o
                                                  services.o
SPI_read_buffer                                   spi.o
SPI_read_byte                                     spi.o
                                                  network.o
SPI_write_buffer                                  spi.o
                                                  network.o
SPI_write_byte                                    spi.o
                                                  network.o
UdpFind                                           network.o
                                                  rtu.o
UsartClose                                        C:/ethernut-5.1\libnutdev.a(usart.o)
                                                  C:/ethernut-5.1\libnutarch.a(usart1avr.o)
                                                  C:/ethernut-5.1\libnutarch.a(usart0avr.o)
UsartIOCtl                                        C:/ethernut-5.1\libnutdev.a(usart.o)
                                                  C:/ethernut-5.1\libnutarch.a(usart1avr.o)
                                                  C:/ethernut-5.1\libnutarch.a(usart0avr.o)
UsartInit                                         C:/ethernut-5.1\libnutdev.a(usart.o)
                                                  C:/ethernut-5.1\libnutarch.a(usart1avr.o)